################################################################################
#                                                                              #
#      IAR Universal Linker V4.61L/W32                                         #
#                                                                              #
#           Link time     =  13/Jul/2010  10:28:32                             #
#           Target CPU    =  x51                                               #
#           List file     =  C:\CCUSB2\ide\rfusb_cc2511\iar\Temp\One_Way_USB.m #
#                            ap                                                #
#           Output file 1 =  C:\temp\One_Way_USB.hex                           #
#                            Format: intel-extended                            #
#           Output file 2 =  C:\CCUSB2\ide\rfusb_cc2511\iar\simple_audio_dongl #
#                            e.hex                                             #
#                            Format: intel-extended                            #
#           Command line  =  -D_NR_OF_BANKS=0 -D_CODEBANK_END=0                #
#                            -D_CODEBANK_START=0                               #
#                            "-IC:\Program Files\IAR Systems\Embedded Workbenc #
#                            h 5.3\8051\CONFIG\"                               #
#                            C:\CCUSB2\ide\rfusb_cc2511\iar\temp\simple_audio_ #
#                            dongle\clock.r51                                  #
#                            C:\CCUSB2\ide\rfusb_cc2511\iar\temp\simple_audio_ #
#                            dongle\hal_assert.r51                             #
#                            C:\CCUSB2\ide\rfusb_cc2511\iar\temp\simple_audio_ #
#                            dongle\hal_board.r51                              #
#                            C:\CCUSB2\ide\rfusb_cc2511\iar\temp\simple_audio_ #
#                            dongle\hal_button.r51                             #
#                            C:\CCUSB2\ide\rfusb_cc2511\iar\temp\simple_audio_ #
#                            dongle\hal_int.r51                                #
#                            C:\CCUSB2\ide\rfusb_cc2511\iar\temp\simple_audio_ #
#                            dongle\hal_led.r51                                #
#                            C:\CCUSB2\ide\rfusb_cc2511\iar\temp\simple_audio_ #
#                            dongle\hal_mcu.r51                                #
#                            C:\CCUSB2\ide\rfusb_cc2511\iar\temp\simple_audio_ #
#                            dongle\hal_timer_32k.r51                          #
#                            C:\CCUSB2\ide\rfusb_cc2511\iar\temp\simple_audio_ #
#                            dongle\init_peripherals.r51                       #
#                            C:\CCUSB2\ide\rfusb_cc2511\iar\temp\simple_audio_ #
#                            dongle\simple_audio_dongle.r51                    #
#                            C:\CCUSB2\ide\rfusb_cc2511\iar\temp\simple_audio_ #
#                            dongle\tw_dma.r51                                 #
#                            C:\CCUSB2\ide\rfusb_cc2511\iar\temp\simple_audio_ #
#                            dongle\tw_fh.r51                                  #
#                            C:\CCUSB2\ide\rfusb_cc2511\iar\temp\simple_audio_ #
#                            dongle\tw_interrupt.r51                           #
#                            C:\CCUSB2\ide\rfusb_cc2511\iar\temp\simple_audio_ #
#                            dongle\tw_mac.r51                                 #
#                            C:\CCUSB2\ide\rfusb_cc2511\iar\temp\simple_audio_ #
#                            dongle\tw_rf.r51                                  #
#                            C:\CCUSB2\ide\rfusb_cc2511\iar\temp\simple_audio_ #
#                            dongle\usb_audio.r51                              #
#                            C:\CCUSB2\ide\rfusb_cc2511\iar\temp\simple_audio_ #
#                            dongle\usb_audio_controls.r51                     #
#                            C:\CCUSB2\ide\rfusb_cc2511\iar\temp\simple_audio_ #
#                            dongle\usb_audio_descriptor.r51                   #
#                            C:\CCUSB2\ide\rfusb_cc2511\iar\temp\simple_audio_ #
#                            dongle\usb_audio_hooks.r51                        #
#                            C:\CCUSB2\ide\rfusb_cc2511\iar\temp\simple_audio_ #
#                            dongle\usb_class_requests.r51                     #
#                            C:\CCUSB2\ide\rfusb_cc2511\iar\temp\simple_audio_ #
#                            dongle\usb_descriptor_parser.r51                  #
#                            C:\CCUSB2\ide\rfusb_cc2511\iar\temp\simple_audio_ #
#                            dongle\usb_firmware_library_config.r51            #
#                            C:\CCUSB2\ide\rfusb_cc2511\iar\temp\simple_audio_ #
#                            dongle\usb_framework.r51                          #
#                            C:\CCUSB2\ide\rfusb_cc2511\iar\temp\simple_audio_ #
#                            dongle\usb_interrupt.r51                          #
#                            C:\CCUSB2\ide\rfusb_cc2511\iar\temp\simple_audio_ #
#                            dongle\usb_standard_requests.r51                  #
#                            C:\CCUSB2\ide\rfusb_cc2511\iar\temp\simple_audio_ #
#                            dongle\usb_suspend.r51                            #
#                            C:\CCUSB2\ide\rfusb_cc2511\iar\temp\simple_audio_ #
#                            dongle\util_buffer.r51                            #
#                            -o C:\temp\One_Way_USB.hex -Fintel-extended -l    #
#                            C:\CCUSB2\ide\rfusb_cc2511\iar\Temp\One_Way_USB.m #
#                            ap                                                #
#                            -xmsn                                             #
#                            -IC:\CCUSB2\ide\rfusb_cc2511\iar\..\..\..\tools\c #
#                            c2510\                                            #
#                            -f lnk51ew_cc2510.xcl (-D_IDATA_END=0xFF          #
#                            -D_PDATA_START=0xF000 -D_PDATA_END=0xF0FF         #
#                            -D_IXDATA_START=0xF000 -D_IXDATA_END=0xFDA1       #
#                            -D_XDATA_START=_IXDATA_START                      #
#                            -D_XDATA_END=_IXDATA_END -D_CODE_START=0x0000     #
#                            -D_CODE_END=0x7FFF -D_NEAR_CODE_END=_CODE_END     #
#                            -D_FIRST_BANK_ADDR=0x10000 -D?REGISTER_BANK=0     #
#                            -D_REGISTER_BANK_START=0 -D?PBANK_NUMBER=0xF0     #
#                            -D?PBANK=0x93 -D_BREG_START=0x00 -D?VB=0x20       #
#                            -D_FAR_DATA_NR_OF_BANKS=0x0E                      #
#                            -D_FAR_DATA_START=0x010001                        #
#                            -D_FAR_DATA_END=0xFFFFFF                          #
#                            -D_FAR_CODE_START=_CODE_START                     #
#                            -D_FAR_CODE_END=_CODE_END -f lnk_base.xcl)        #
#                            (-Z(BIT)BREG=_BREG_START -Z(BIT)BIT_N=0-7F        #
#                            -Z(DATA)REGISTERS+8=_REGISTER_BANK_START          #
#                            -Z(DATA)BDATA_Z,BDATA_N,BDATA_I=20-2F             #
#                            -Z(DATA)VREG+_NR_OF_VIRTUAL_REGISTERS=08-7F       #
#                            -Z(DATA)PSP,XSP=08-7F -Z(DATA)DOVERLAY=08-7F      #
#                            -Z(DATA)DATA_I,DATA_Z,DATA_N=08-7F                #
#                            -U(IDATA)0-7F=(DATA)0-7F                          #
#                            -Z(IDATA)IDATA_I,IDATA_Z,IDATA_N=08-_IDATA_END    #
#                            -Z(IDATA)ISTACK+_IDATA_STACK_SIZE#08-_IDATA_END   #
#                            -Z(IDATA)IOVERLAY=08-FF -Z(CODE)INTVEC=0          #
#                            -Z(CODE)CSTART=_CODE_START-_CODE_END              #
#                            -Z(CODE)BIT_ID,BDATA_ID,DATA_ID,IDATA_ID,IXDATA_I #
#                            D,PDATA_ID,XDATA_ID=_CODE_START-_CODE_END         #
#                            -Z(CODE)HUGE_ID=_FAR_CODE_START-_FAR_CODE_END     #
#                            -Z(CODE)BANK_RELAYS,RCODE,DIFUNCT,CODE_C,CODE_N,N #
#                            EAR_CODE=_CODE_START-_CODE_END                    #
#                            -P(CODE)BANKED_CODE=_CODE_START-_CODE_END,[(_CODE #
#                            BANK_START+_FIRST_BANK_ADDR)-(_CODEBANK_END+_FIRS #
#                            T_BANK_ADDR)]*_NR_OF_BANKS+10000                  #
#                            -P(CODE)FAR_CODE_C,FAR_CODE_N,FAR_CODE=[_FAR_CODE #
#                            _START-_FAR_CODE_END]/10000                       #
#                            -P(CODE)HUGE_CODE_C=_FAR_CODE_START-_FAR_CODE_END #
#                            -Z(CODE)CHECKSUM#_CODE_END                        #
#                            -Z(XDATA)EXT_STACK+_EXTENDED_STACK_SIZE=_EXTENDED #
#                            _STACK_START                                      #
#                            -Z(XDATA)PSTACK+_PDATA_STACK_SIZE=_PDATA_START-_P #
#                            DATA_END                                          #
#                            -Z(XDATA)XSTACK+_XDATA_STACK_SIZE=_XDATA_START-_X #
#                            DATA_END                                          #
#                            -Z(XDATA)PDATA_Z,PDATA_I=_PDATA_START-_PDATA_END  #
#                            -P(XDATA)PDATA_N=_PDATA_START-_PDATA_END          #
#                            -Z(XDATA)IXDATA_Z,IXDATA_I=_IXDATA_START-_IXDATA_ #
#                            END                                               #
#                            -P(XDATA)IXDATA_N=_IXDATA_START-_IXDATA_END       #
#                            -Z(XDATA)XDATA_Z,XDATA_I=_XDATA_START-_XDATA_END  #
#                            -P(XDATA)XDATA_N=_XDATA_START-_XDATA_END          #
#                            -Z(XDATA)XDATA_HEAP+_XDATA_HEAP_SIZE=_XDATA_START #
#                            -_XDATA_END                                       #
#                            -Z(CONST)XDATA_ROM_C=_XDATA_START-_XDATA_END      #
#                            -Z(XDATA)FAR_Z=[_FAR_DATA_START-_FAR_DATA_END]/10 #
#                            000                                               #
#                            -Z(XDATA)FAR_I=[_FAR_DATA_START-_FAR_DATA_END]/10 #
#                            000                                               #
#                            -Z(CODE)FAR_ID=[_FAR_CODE_START-_FAR_CODE_END]/10 #
#                            000                                               #
#                            -Z(XDATA)FAR_HEAP+_FAR_HEAP_SIZE=[_FAR_DATA_START #
#                            -_FAR_DATA_END]/10000                             #
#                            -P(XDATA)FAR_N=[_FAR_DATA_START-_FAR_DATA_END]*_F #
#                            AR_DATA_NR_OF_BANKS+10000                         #
#                            -P(CONST)FAR_ROM_C=[_FAR_DATA_START-_FAR_DATA_END #
#                            ]*_FAR_DATA_NR_OF_BANKS+10000                     #
#                            -Z(XDATA)HUGE_Z,HUGE_I=_FAR_DATA_START-_FAR_DATA_ #
#                            END                                               #
#                            -P(XDATA)HUGE_N=_FAR_DATA_START-_FAR_DATA_END     #
#                            -Z(XDATA)HUGE_HEAP+_HUGE_HEAP_SIZE=_FAR_DATA_STAR #
#                            T-_FAR_DATA_END                                   #
#                            -Z(CONST)HUGE_ROM_C=_FAR_DATA_START-_FAR_DATA_END #
#                            -cx51) -D_NR_OF_VIRTUAL_REGISTERS=8               #
#                            -e_medium_write=_formatted_write                  #
#                            -e_medium_read=_formatted_read                    #
#                            -Ointel-extended=C:\CCUSB2\ide\rfusb_cc2511\iar\s #
#                            imple_audio_dongle.hex                            #
#                            -s __program_start                                #
#                            "C:\Program Files\IAR Systems\Embedded Workbench  #
#                            5.3\8051\LIB\CLIB\cl-pli-nlxd-1e16x01.r51"        #
#                            -D_IDATA_STACK_SIZE=0x40                          #
#                            -D_EXTENDED_STACK_START=0x00                      #
#                            -D_EXTENDED_STACK_SIZE=0x00                       #
#                            -D_PDATA_STACK_SIZE=0x80                          #
#                            -D_XDATA_STACK_SIZE=0x100                         #
#                            -D_XDATA_HEAP_SIZE=0xFF -D_FAR_HEAP_SIZE=0xFFF    #
#                            -D_HUGE_HEAP_SIZE=0xFFF                           #
#                                                                              #
#                           Copyright (C) 1987-2009 IAR Systems AB.            #
################################################################################





                ****************************************
                *                                      *
                *           CROSS REFERENCE            *
                *                                      *
                ****************************************

       Program entry at : CODE      000000E1  Relocatable, from module : CSTARTUP




                ****************************************
                *                                      *
                *            RUNTIME MODEL             *
                *                                      *
                ****************************************

  __calling_convention     = xdata_reentrant
  __code_model             = near
  __core                   = plain
  __data_model             = large
  __dptr_size              = 16
  __extended_stack         = disabled
  __location_for_constants = data
  __number_of_dptrs        = 1
  __rt_version             = 1



                ****************************************
                *                                      *
                *              MODULE MAP              *
                *                                      *
                ****************************************


  DEFINED ABSOLUTE ENTRIES
    *************************************************************************

  DEFINED ABSOLUTE ENTRIES
  PROGRAM MODULE, NAME : ?ABS_ENTRY_MOD

Absolute parts
           ENTRY                   ADDRESS         REF BY
           =====                   =======         ======
           _HUGE_HEAP_SIZE         00000FFF 
           _FAR_HEAP_SIZE          00000FFF 
           _XDATA_HEAP_SIZE        000000FF 
           _XDATA_STACK_SIZE       00000100 
           _PDATA_STACK_SIZE       00000080 
           _EXTENDED_STACK_SIZE    00000000 
           _EXTENDED_STACK_START   00000000 
           _IDATA_STACK_SIZE       00000040 
           _NR_OF_VIRTUAL_REGISTERS
                                   00000008 
           _FAR_CODE_END           00007FFF 
           _FAR_CODE_START         00000000 
           _FAR_DATA_END           00FFFFFF 
           _FAR_DATA_START         00010001 
           _FAR_DATA_NR_OF_BANKS   0000000E 
           ?VB                     00000020        ?FUNC_ENTER_XDATA (?FUNC_ENTER_XDATA)
                                                   ?FUNC_LEAVE_XDATA (?FUNC_LEAVE_XDATA)
                                                   ?INTERRUPT_ENTER_XSP (?INTERRUPT_ENTER_XSP)
                                                   ?INTERRUPT_LEAVE_XSP (?INTERRUPT_LEAVE_XSP)
           _BREG_START             00000000 
           ?PBANK                  00000093 
           ?PBANK_NUMBER           000000F0 
           _REGISTER_BANK_START    00000000 
           ?REGISTER_BANK          00000000        Segment part 6 (CSTARTUP)
           _FIRST_BANK_ADDR        00010000 
           _NEAR_CODE_END          00007FFF 
           _CODE_END               00007FFF 
           _CODE_START             00000000 
           _XDATA_END              0000FDA1 
           _XDATA_START            0000F000 
           _IXDATA_END             0000FDA1 
           _IXDATA_START           0000F000 
           _PDATA_END              0000F0FF 
           _PDATA_START            0000F000 
           _IDATA_END              000000FF 
           _CODEBANK_START         00000000 
           _CODEBANK_END           00000000 
           _NR_OF_BANKS            00000000 
    *************************************************************************

  FILE NAME : C:\CCUSB2\ide\rfusb_cc2511\iar\temp\simple_audio_dongle\clock.r51
    *************************************************************************

  FILE NAME : C:\CCUSB2\ide\rfusb_cc2511\iar\temp\simple_audio_dongle\hal_assert.r51
    *************************************************************************

  FILE NAME : C:\CCUSB2\ide\rfusb_cc2511\iar\temp\simple_audio_dongle\hal_board.r51
    *************************************************************************

  FILE NAME : C:\CCUSB2\ide\rfusb_cc2511\iar\temp\simple_audio_dongle\hal_button.r51
    *************************************************************************

  FILE NAME : C:\CCUSB2\ide\rfusb_cc2511\iar\temp\simple_audio_dongle\hal_int.r51
    *************************************************************************

  FILE NAME : C:\CCUSB2\ide\rfusb_cc2511\iar\temp\simple_audio_dongle\hal_led.r51
    *************************************************************************

  FILE NAME : C:\CCUSB2\ide\rfusb_cc2511\iar\temp\simple_audio_dongle\hal_mcu.r51
    *************************************************************************

  FILE NAME : C:\CCUSB2\ide\rfusb_cc2511\iar\temp\simple_audio_dongle\hal_timer_32k.r51
    *************************************************************************

  FILE NAME : C:\CCUSB2\ide\rfusb_cc2511\iar\temp\simple_audio_dongle\init_peripherals.r51
  PROGRAM MODULE, NAME : init_peripherals

  SEGMENTS IN THE MODULE
  ======================
SFR_AN
  Relative segment, address: DATA 00000080 - 00000080 (0x1 bytes), align: 0
  Segment part 1. ROOT.       Intra module refs:   ListenforMaster
                                                   main
                                                   usbirqHookProcessEvents
           ENTRY                   ADDRESS         REF BY
           =====                   =======         ======
           _A_P0                   00000080 
    -------------------------------------------------------------------------
SFR_AN
  Relative segment, address: DATA 00000088 - 00000088 (0x1 bytes), align: 0
  Segment part 2. ROOT.       Intra module refs:   ListenforMaster
                                                   dma_IRQ
                                                   initRf
                                                   main
                                                   spp_rf_IRQ
           ENTRY                   ADDRESS         REF BY
           =====                   =======         ======
           _A_TCON                 00000088 
    -------------------------------------------------------------------------
SFR_AN
  Relative segment, address: DATA 00000089 - 00000089 (0x1 bytes), align: 0
  Segment part 3. ROOT.       Intra module refs:   usbAudioInit
                                                   usbirqResumeHandler
                                                   usbsuspEnter
           ENTRY                   ADDRESS         REF BY
           =====                   =======         ======
           P0IFG                   00000089 
    -------------------------------------------------------------------------
SFR_AN
  Relative segment, address: DATA 0000008B - 0000008B (0x1 bytes), align: 0
  Segment part 4. ROOT.       Intra module refs:   usbAudioInit
                                                   usbirqHandler
           ENTRY                   ADDRESS         REF BY
           =====                   =======         ======
           P2IFG                   0000008B 
    -------------------------------------------------------------------------
SFR_AN
  Relative segment, address: DATA 0000008C - 0000008C (0x1 bytes), align: 0
  Segment part 5. ROOT.       Intra module refs:   usbAudioInit
           ENTRY                   ADDRESS         REF BY
           =====                   =======         ======
           PICTL                   0000008C 
    -------------------------------------------------------------------------
SFR_AN
  Relative segment, address: DATA 00000090 - 00000090 (0x1 bytes), align: 0
  Segment part 6. ROOT.       Intra module refs:   ListenforMaster
                                                   main
                                                   usbAudioInit
                                                   usbsuspEnter
           ENTRY                   ADDRESS         REF BY
           =====                   =======         ======
           _A_P1                   00000090 
    -------------------------------------------------------------------------
SFR_AN
  Relative segment, address: DATA 00000091 - 00000091 (0x1 bytes), align: 0
  Segment part 7. ROOT.       Intra module refs:   ListenforMaster
                                                   initRf
                                                   main
                                                   spp_rf_IRQ
           ENTRY                   ADDRESS         REF BY
           =====                   =======         ======
           RFIM                    00000091 
    -------------------------------------------------------------------------
SFR_AN
  Relative segment, address: DATA 00000098 - 00000098 (0x1 bytes), align: 0
  Segment part 8. ROOT.       Intra module refs:   ListenforMaster
                                                   dma_IRQ
                                                   initRf
                                                   main
                                                   spp_rf_IRQ
           ENTRY                   ADDRESS         REF BY
           =====                   =======         ======
           _A_S0CON                00000098 
    -------------------------------------------------------------------------
SFR_AN
  Relative segment, address: DATA 0000009A - 0000009A (0x1 bytes), align: 0
  Segment part 9. ROOT.       Intra module refs:   usbAudioInit
           ENTRY                   ADDRESS         REF BY
           =====                   =======         ======
           IEN2                    0000009A 
    -------------------------------------------------------------------------
SFR_AN
  Relative segment, address: DATA 0000009B - 0000009B (0x1 bytes), align: 0
  Segment part 10. ROOT.      Intra module refs:   ListenforMaster
                                                   dma_IRQ
                                                   initRf
                                                   main
                                                   spp_rf_IRQ
           ENTRY                   ADDRESS         REF BY
           =====                   =======         ======
           S1CON                   0000009B 
    -------------------------------------------------------------------------
SFR_AN
  Relative segment, address: DATA 0000009C - 0000009C (0x1 bytes), align: 0
  Segment part 11. ROOT.      Intra module refs:   main
           ENTRY                   ADDRESS         REF BY
           =====                   =======         ======
           T2CT                    0000009C 
    -------------------------------------------------------------------------
SFR_AN
  Relative segment, address: DATA 0000009D - 0000009D (0x1 bytes), align: 0
  Segment part 12. ROOT.      Intra module refs:   main
           ENTRY                   ADDRESS         REF BY
           =====                   =======         ======
           T2PR                    0000009D 
    -------------------------------------------------------------------------
SFR_AN
  Relative segment, address: DATA 0000009E - 0000009E (0x1 bytes), align: 0
  Segment part 13. ROOT.      Intra module refs:   main
           ENTRY                   ADDRESS         REF BY
           =====                   =======         ======
           T2CTL                   0000009E 
    -------------------------------------------------------------------------
SFR_AN
  Relative segment, address: DATA 000000A0 - 000000A0 (0x1 bytes), align: 0
  Segment part 14. ROOT.      Intra module refs:   main
                                                   usbirqHandler
           ENTRY                   ADDRESS         REF BY
           =====                   =======         ======
           _A_P2                   000000A0 
    -------------------------------------------------------------------------
SFR_AN
  Relative segment, address: DATA 000000A8 - 000000A8 (0x1 bytes), align: 0
  Segment part 15. ROOT.      Intra module refs:   dma_IRQ
                                                   main
                                                   spp_rf_IRQ
                                                   usbAudioInit
           ENTRY                   ADDRESS         REF BY
           =====                   =======         ======
           _A_IEN0                 000000A8 
    -------------------------------------------------------------------------
SFR_AN
  Relative segment, address: DATA 000000B8 - 000000B8 (0x1 bytes), align: 0
  Segment part 16. ROOT.      Intra module refs:   usbAudioInit
                                                   usbirqResumeHandler
                                                   usbsuspEnter
           ENTRY                   ADDRESS         REF BY
           =====                   =======         ======
           _A_IEN1                 000000B8 
    -------------------------------------------------------------------------
SFR_AN
  Relative segment, address: DATA 000000BE - 000000BE (0x1 bytes), align: 0
  Segment part 17. ROOT.      Intra module refs:   halMcuInit
                                                   usbAudioInit
                                                   usbirqHandler
                                                   usbirqResumeHandler
           ENTRY                   ADDRESS         REF BY
           =====                   =======         ======
           SLEEP                   000000BE 
    -------------------------------------------------------------------------
SFR_AN
  Relative segment, address: DATA 000000C0 - 000000C0 (0x1 bytes), align: 0
  Segment part 18. ROOT.      Intra module refs:   ListenforMaster
                                                   dma_IRQ
                                                   initRf
                                                   main
                                                   spp_rf_IRQ
                                                   usbAudioInit
                                                   usbirqResumeHandler
                                                   usbsuspEnter
           ENTRY                   ADDRESS         REF BY
           =====                   =======         ======
           _A_IRCON                000000C0 
    -------------------------------------------------------------------------
SFR_AN
  Relative segment, address: DATA 000000C6 - 000000C6 (0x1 bytes), align: 0
  Segment part 19. ROOT.      Intra module refs:   halMcuInit
           ENTRY                   ADDRESS         REF BY
           =====                   =======         ======
           CLKCON                  000000C6 
    -------------------------------------------------------------------------
SFR_AN
  Relative segment, address: DATA 000000CA - 000000CA (0x1 bytes), align: 0
  Segment part 20. ROOT.      Intra module refs:   ListenforMaster
           ENTRY                   ADDRESS         REF BY
           =====                   =======         ======
           T3CNT                   000000CA 
    -------------------------------------------------------------------------
SFR_AN
  Relative segment, address: DATA 000000CB - 000000CB (0x1 bytes), align: 0
  Segment part 21. ROOT.      Intra module refs:   ListenforMaster
                                                   main
           ENTRY                   ADDRESS         REF BY
           =====                   =======         ======
           T3CTL                   000000CB 
    -------------------------------------------------------------------------
SFR_AN
  Relative segment, address: DATA 000000CC - 000000CC (0x1 bytes), align: 0
  Segment part 22. ROOT.      Intra module refs:   main
           ENTRY                   ADDRESS         REF BY
           =====                   =======         ======
           T3CCTL0                 000000CC 
    -------------------------------------------------------------------------
SFR_AN
  Relative segment, address: DATA 000000CD - 000000CD (0x1 bytes), align: 0
  Segment part 23. ROOT.      Intra module refs:   ListenforMaster
           ENTRY                   ADDRESS         REF BY
           =====                   =======         ======
           T3CC0                   000000CD 
    -------------------------------------------------------------------------
SFR_AN
  Relative segment, address: DATA 000000CE - 000000CE (0x1 bytes), align: 0
  Segment part 24. ROOT.      Intra module refs:   main
           ENTRY                   ADDRESS         REF BY
           =====                   =======         ======
           T3CCTL1                 000000CE 
    -------------------------------------------------------------------------
SFR_AN
  Relative segment, address: DATA 000000D2 - 000000D2 (0x1 bytes), align: 0
  Segment part 25. ROOT.      Intra module refs:   main
           ENTRY                   ADDRESS         REF BY
           =====                   =======         ======
           DMA1CFGL                000000D2 
    -------------------------------------------------------------------------
SFR_AN
  Relative segment, address: DATA 000000D3 - 000000D3 (0x1 bytes), align: 0
  Segment part 26. ROOT.      Intra module refs:   main
           ENTRY                   ADDRESS         REF BY
           =====                   =======         ======
           DMA1CFGH                000000D3 
    -------------------------------------------------------------------------
SFR_AN
  Relative segment, address: DATA 000000D4 - 000000D4 (0x1 bytes), align: 0
  Segment part 27. ROOT.      Intra module refs:   main
           ENTRY                   ADDRESS         REF BY
           =====                   =======         ======
           DMA0CFGL                000000D4 
    -------------------------------------------------------------------------
SFR_AN
  Relative segment, address: DATA 000000D5 - 000000D5 (0x1 bytes), align: 0
  Segment part 28. ROOT.      Intra module refs:   main
           ENTRY                   ADDRESS         REF BY
           =====                   =======         ======
           DMA0CFGH                000000D5 
    -------------------------------------------------------------------------
SFR_AN
  Relative segment, address: DATA 000000D6 - 000000D6 (0x1 bytes), align: 0
  Segment part 29. ROOT.      Intra module refs:   ListenforMaster
                                                   initRf
                                                   main
                                                   usbirqHookProcessEvents
           ENTRY                   ADDRESS         REF BY
           =====                   =======         ======
           DMAARM                  000000D6 
    -------------------------------------------------------------------------
SFR_AN
  Relative segment, address: DATA 000000D7 - 000000D7 (0x1 bytes), align: 0
  Segment part 30. ROOT.      Intra module refs:   main
                                                   usbirqHookProcessEvents
           ENTRY                   ADDRESS         REF BY
           =====                   =======         ======
           DMAREQ                  000000D7 
    -------------------------------------------------------------------------
SFR_AN
  Relative segment, address: DATA 000000E1 - 000000E1 (0x1 bytes), align: 0
  Segment part 31. ROOT.      Intra module refs:   ListenforMaster
                                                   initRf
                                                   main
           ENTRY                   ADDRESS         REF BY
           =====                   =======         ======
           RFST                    000000E1 
    -------------------------------------------------------------------------
SFR_AN
  Relative segment, address: DATA 000000E8 - 000000E8 (0x1 bytes), align: 0
  Segment part 32. ROOT.      Intra module refs:   ListenforMaster
                                                   dma_IRQ
                                                   initRf
                                                   main
                                                   spp_rf_IRQ
                                                   usbAudioInit
                                                   usbirqHandler
           ENTRY                   ADDRESS         REF BY
           =====                   =======         ======
           _A_IRCON2               000000E8 
    -------------------------------------------------------------------------
SFR_AN
  Relative segment, address: DATA 000000E9 - 000000E9 (0x1 bytes), align: 0
  Segment part 33. ROOT.      Intra module refs:   ListenforMaster
                                                   initRf
                                                   main
                                                   spp_rf_IRQ
           ENTRY                   ADDRESS         REF BY
           =====                   =======         ======
           RFIF                    000000E9 
    -------------------------------------------------------------------------
SFR_AN
  Relative segment, address: DATA 000000F3 - 000000F3 (0x1 bytes), align: 0
  Segment part 34. ROOT.      Intra module refs:   main
           ENTRY                   ADDRESS         REF BY
           =====                   =======         ======
           P0SEL                   000000F3 
    -------------------------------------------------------------------------
SFR_AN
  Relative segment, address: DATA 000000F4 - 000000F4 (0x1 bytes), align: 0
  Segment part 35. ROOT.      Intra module refs:   main
                                                   usbAudioInit
           ENTRY                   ADDRESS         REF BY
           =====                   =======         ======
           P1SEL                   000000F4 
    -------------------------------------------------------------------------
SFR_AN
  Relative segment, address: DATA 000000F5 - 000000F5 (0x1 bytes), align: 0
  Segment part 36. ROOT.      Intra module refs:   main
           ENTRY                   ADDRESS         REF BY
           =====                   =======         ======
           P2SEL                   000000F5 
    -------------------------------------------------------------------------
SFR_AN
  Relative segment, address: DATA 000000FD - 000000FD (0x1 bytes), align: 0
  Segment part 37. ROOT.      Intra module refs:   main
           ENTRY                   ADDRESS         REF BY
           =====                   =======         ======
           P0DIR                   000000FD 
    -------------------------------------------------------------------------
SFR_AN
  Relative segment, address: DATA 000000FE - 000000FE (0x1 bytes), align: 0
  Segment part 38. ROOT.      Intra module refs:   main
                                                   usbAudioInit
           ENTRY                   ADDRESS         REF BY
           =====                   =======         ======
           P1DIR                   000000FE 
    -------------------------------------------------------------------------
SFR_AN
  Relative segment, address: DATA 000000FF - 000000FF (0x1 bytes), align: 0
  Segment part 39. ROOT.      Intra module refs:   main
           ENTRY                   ADDRESS         REF BY
           =====                   =======         ======
           P2DIR                   000000FF 
    -------------------------------------------------------------------------
XDATA_Z
  Relative segment, address: XDATA 0000F100 - 0000F107 (0x8 bytes), align: 0
  Segment part 50.            Intra module refs:   main
                                                   usbirqHookProcessEvents
           ENTRY                   ADDRESS         REF BY
           =====                   =======         ======
           DmaDesc0                0000F100 
    -------------------------------------------------------------------------
XDATA_Z
  Relative segment, address: XDATA 0000F108 - 0000F127 (0x20 bytes), align: 0
  Segment part 51.            Intra module refs:   ?Subroutine1
                                                   initRf
                                                   main
           ENTRY                   ADDRESS         REF BY
           =====                   =======         ======
           DmaDesc1_4              0000F108 
    -------------------------------------------------------------------------
NEAR_CODE
  Relative segment, address: CODE 00000710 - 00000718 (0x9 bytes), align: 0
  Segment part 115.           Intra module refs:   dma_IRQ::??INTVEC 67
           ENTRY                   ADDRESS         REF BY
           =====                   =======         ======
           dma_IRQ                 00000710 
               interrupt function
               ISTACK = 00000000 ( 00000001 )
    -------------------------------------------------------------------------
XDATA_I
  Relative segment, address: XDATA 0000F789 - 0000F78C (0x4 bytes), align: 0
  Segment part 52.            Intra module refs:   main
           ENTRY                   ADDRESS         REF BY
           =====                   =======         ======
           HoppingChannels         0000F789 
    -------------------------------------------------------------------------
XDATA_Z
  Relative segment, address: XDATA 0000F128 - 0000F128 (0x1 bytes), align: 0
  Segment part 54.            Intra module refs:   main
           ENTRY                   ADDRESS         REF BY
           =====                   =======         ======
           ActiveChIdx             0000F128 
    -------------------------------------------------------------------------
XDATA_Z
  Relative segment, address: XDATA 0000F129 - 0000F129 (0x1 bytes), align: 0
  Segment part 55.            Intra module refs:   spp_rf_IRQ
           ENTRY                   ADDRESS         REF BY
           =====                   =======         ======
           sfdDetected             0000F129 
    -------------------------------------------------------------------------
NEAR_CODE
  Relative segment, address: CODE 00000719 - 0000076C (0x54 bytes), align: 0
  Segment part 116.           Intra module refs:   spp_rf_IRQ::??INTVEC 131
           ENTRY                   ADDRESS         REF BY
           =====                   =======         ======
           spp_rf_IRQ              00000719 
               interrupt function
               ISTACK = 00000000 ( 00000005 )
    -------------------------------------------------------------------------
XDATA_Z
  Relative segment, address: XDATA 0000F12A - 0000F12A (0x1 bytes), align: 0
  Segment part 56.            Intra module refs:   ListenforMaster
                                                   main
                                                   spp_rf_IRQ
           ENTRY                   ADDRESS         REF BY
           =====                   =======         ======
           rxPacketStatus          0000F12A 
    -------------------------------------------------------------------------
XDATA_Z
  Relative segment, address: XDATA 0000F12B - 0000F1EC (0xc2 bytes), align: 0
  Segment part 57.            Intra module refs:   initRf
                                                   main
           ENTRY                   ADDRESS         REF BY
           =====                   =======         ======
           SLVrxData               0000F12B 
    -------------------------------------------------------------------------
XDATA_Z
  Relative segment, address: XDATA 0000F1ED - 0000F1ED (0x1 bytes), align: 0
  Segment part 58.            Intra module refs:   ListenforMaster
           ENTRY                   ADDRESS         REF BY
           =====                   =======         ======
           syncdetected            0000F1ED 
    -------------------------------------------------------------------------
NEAR_CODE
  Relative segment, address: CODE 0000076D - 000007BC (0x50 bytes), align: 0
  Segment part 117.           Intra module refs:   initRf
                                                   main
           ENTRY                   ADDRESS         REF BY
           =====                   =======         ======
           SetRadioFrequency       0000076D 
               XSTACK = 0000000B ( 0000000F )
    -------------------------------------------------------------------------
NEAR_CODE
  Relative segment, address: CODE 000007BD - 000007C1 (0x5 bytes), align: 0
  Segment part 118.           Intra module refs:   ConfigureEndpoints
                                                   SetRadioFrequency
           LOCAL                   ADDRESS         
           =====                   =======         
           ?Subroutine24           000007BD 
    -------------------------------------------------------------------------
NEAR_CODE
  Relative segment, address: CODE 000007C2 - 000008E6 (0x125 bytes), align: 0
  Segment part 119.           Intra module refs:   main
           ENTRY                   ADDRESS         REF BY
           =====                   =======         ======
           initRf                  000007C2 
               calls direct
               XSTACK = 00000000 ( 0000000B )
    -------------------------------------------------------------------------
NEAR_CODE
  Relative segment, address: CODE 000008E7 - 0000099F (0xb9 bytes), align: 0
  Segment part 120.           Intra module refs:   main
           ENTRY                   ADDRESS         REF BY
           =====                   =======         ======
           ListenforMaster         000008E7 
               XSTACK = 00000001 ( 00000009 )
    -------------------------------------------------------------------------
NEAR_CODE
  Relative segment, address: CODE 000009A0 - 000009BB (0x1c bytes), align: 0
  Segment part 121.           Intra module refs:   main
           ENTRY                   ADDRESS         REF BY
           =====                   =======         ======
           halMcuInit              000009A0 
    -------------------------------------------------------------------------
XDATA_Z
  Relative segment, address: XDATA 0000F1EE - 0000F1EF (0x2 bytes), align: 0
  Segment part 59.            Intra module refs:   T1_ISR
           LOCAL                   ADDRESS         
           =====                   =======         
           fptr                    0000F1EE 
    -------------------------------------------------------------------------
NEAR_CODE
  Relative segment, address: CODE 000009BC - 000009D5 (0x1a bytes), align: 0
  Segment part 122.           Intra module refs:   T1_ISR::??INTVEC 75
           ENTRY                   ADDRESS         REF BY
           =====                   =======         ======
           T1_ISR                  000009BC 
               interrupt function
               ISTACK = 00000000 ( 0000000F )
    -------------------------------------------------------------------------
NEAR_CODE
  Relative segment, address: CODE 000009D6 - 000009DA (0x5 bytes), align: 0
  Segment part 123.           Intra module refs:   T1_ISR
                                                   usbirqResumeHandler
           LOCAL                   ADDRESS         
           =====                   =======         
           ?Subroutine28           000009D6 
    -------------------------------------------------------------------------
DATA_Z
  Relative segment, address: DATA 00000012 - 00000016 (0x5 bytes), align: 0
  Segment part 60.            Intra module refs:   usbAudioInit
                                                   usbAudioProcessEvents
                                                   usbirqHandler
                                                   usbirqHookProcessEvents
                                                   usbsuspEnter
           ENTRY                   ADDRESS         REF BY
           =====                   =======         ======
           usbirqData              00000012 
    -------------------------------------------------------------------------
NEAR_CODE
  Relative segment, address: CODE 000009DB - 00000A7D (0xa3 bytes), align: 0
  Segment part 124.           Intra module refs:   usbirqHandler::??INTVEC 51
           ENTRY                   ADDRESS         REF BY
           =====                   =======         ======
           usbirqHandler           000009DB 
               interrupt function
               calls direct
               ISTACK = 00000000 ( 00000010 )
    -------------------------------------------------------------------------
NEAR_CODE
  Relative segment, address: CODE 00000A7E - 00000A9D (0x20 bytes), align: 0
  Segment part 125.           Intra module refs:   usbirqResumeHandler::??INTVEC 107
           ENTRY                   ADDRESS         REF BY
           =====                   =======         ======
           usbirqResumeHandler     00000A7E 
               interrupt function
               calls direct
               ISTACK = 00000000 ( 0000000F )
    -------------------------------------------------------------------------
XDATA_Z
  Relative segment, address: XDATA 0000F1F0 - 0000F1FD (0xe bytes), align: 0
  Segment part 61.            Intra module refs:   usbsuspEnter
                                                   usbsuspStopPm1
           LOCAL                   ADDRESS         
           =====                   =======         
           usbsuspEnterXdata       0000F1F0 
    -------------------------------------------------------------------------
XDATA_Z
  Relative segment, address: XDATA 0000F1FE - 0000F1FF (0x2 bytes), align: 0
  Segment part 62.            Intra module refs:   usbsuspEnter
           LOCAL                   ADDRESS         
           =====                   =======         
           pUsbsuspEnterXdata      0000F1FE 
    -------------------------------------------------------------------------
XDATA_Z
  Relative segment, address: XDATA 0000F200 - 0000F201 (0x2 bytes), align: 0
  Segment part 63.            Intra module refs:   usbsuspEnter
           ENTRY                   ADDRESS         REF BY
           =====                   =======         ======
           pFnSuspendEnterHook     0000F200 
    -------------------------------------------------------------------------
XDATA_Z
  Relative segment, address: XDATA 0000F202 - 0000F203 (0x2 bytes), align: 0
  Segment part 64.            Intra module refs:   usbsuspEnter
           ENTRY                   ADDRESS         REF BY
           =====                   =======         ======
           pFnSuspendExitHook      0000F202 
    -------------------------------------------------------------------------
NEAR_CODE
  Relative segment, address: CODE 00000A9E - 00000B38 (0x9b bytes), align: 0
  Segment part 126.           Intra module refs:   usbAudioProcessEvents
           ENTRY                   ADDRESS         REF BY
           =====                   =======         ======
           usbsuspEnter            00000A9E 
               ISTACK = 00000000 ( 00000002 )
    -------------------------------------------------------------------------
NEAR_CODE
  Relative segment, address: CODE 00000B39 - 00000B3C (0x4 bytes), align: 0
  Segment part 127.           Intra module refs:   T1_ISR
                                                   usbsuspEnter
           LOCAL                   ADDRESS         
           =====                   =======         
           ?Subroutine12           00000B39 
    -------------------------------------------------------------------------
NEAR_CODE
  Relative segment, address: CODE 00000B3D - 00000B45 (0x9 bytes), align: 0
  Segment part 128.           Intra module refs:   ?Subroutine11
                                                   ?Subroutine12
           LOCAL                   ADDRESS         
           =====                   =======         
           ?Subroutine23           00000B3D 
    -------------------------------------------------------------------------
NEAR_CODE
  Relative segment, address: CODE 00000B46 - 00000B5B (0x16 bytes), align: 0
  Segment part 129.           Intra module refs:   usbirqResumeHandler
           ENTRY                   ADDRESS         REF BY
           =====                   =======         ======
           usbsuspStopPm1          00000B46 
               ISTACK = 00000000 ( 00000002 )
    -------------------------------------------------------------------------
XDATA_Z
  Relative segment, address: XDATA 0000F204 - 0000F205 (0x2 bytes), align: 0
  Segment part 65.            Intra module refs:   ?Subroutine17
                                                   ?Subroutine6
                                                   Segment part 137
                                                   usbdpFindNext
           LOCAL                   ADDRESS         
           =====                   =======         
           usbdpData               0000F204 
    -------------------------------------------------------------------------
NEAR_CODE
  Relative segment, address: CODE 00000B5C - 00000B9E (0x43 bytes), align: 0
  Segment part 130.           Intra module refs:   ConfigureEndpoints
                                                   usbdpGetConfigurationDesc
                                                   usbsrGetDescriptor
                                                   usbsrSetConfiguration
                                                   usbsrSetInterface
           ENTRY                   ADDRESS         REF BY
           =====                   =======         ======
           usbdpFindNext           00000B5C 
               XSTACK = 00000011 ( 00000000 )
               ISTACK = 00000000 ( 00000002 )
    -------------------------------------------------------------------------
XDATA_Z
  Relative segment, address: XDATA 0000F206 - 0000F216 (0x11 bytes), align: 0
  Segment part 66.            Intra module refs:   ?Subroutine27
                                                   ChangeFeature
                                                   Segment part 149
                                                   Segment part 151
                                                   Segment part 177
                                                   usbAudioInit
                                                   usbAudioProcessEvents
                                                   usbcrHookProcessIn
                                                   usbcrHookProcessOut
                                                   usbfwSetAllEpStatus
                                                   usbfwSetupHandler
                                                   usbsrGetDescriptor
                                                   usbsrGetStatus
                                                   usbsrSetConfiguration
                                                   usbsrSetInterface
           ENTRY                   ADDRESS         REF BY
           =====                   =======         ======
           usbfwData               0000F206 
    -------------------------------------------------------------------------
XDATA_Z
  Relative segment, address: XDATA 0000F217 - 0000F21B (0x5 bytes), align: 0
  Segment part 67.            Intra module refs:   ?Subroutine14
                                                   ?Subroutine2
                                                   ?Subroutine3
                                                   ?Subroutine4
                                                   ?Subroutine7
                                                   Segment part 178
                                                   usbfwSetupHandler
                                                   usbsrGetDescriptor
                                                   usbsrGetStatus
           ENTRY                   ADDRESS         REF BY
           =====                   =======         ======
           usbSetupData            0000F217 
    -------------------------------------------------------------------------
XDATA_Z
  Relative segment, address: XDATA 0000F21C - 0000F223 (0x8 bytes), align: 0
  Segment part 68.            Intra module refs:   ChangeFeature
                                                   usbcrHookProcessIn
                                                   usbcrHookProcessOut
                                                   usbfwSetupHandler
                                                   usbsrGetDescriptor
                                                   usbsrGetStatus
                                                   usbsrSetConfiguration
                                                   usbsrSetInterface
           ENTRY                   ADDRESS         REF BY
           =====                   =======         ======
           usbSetupHeader          0000F21C 
    -------------------------------------------------------------------------
DATA_Z
  Relative segment, address: DATA 00000017 - 00000018 (0x2 bytes), align: 0
  Segment part 69.            Intra module refs:   usbAudioProcessEvents
                                                   usbfwSetupHandler
           LOCAL                   ADDRESS         
           =====                   =======         
           ProcessFunc             00000017 
    -------------------------------------------------------------------------
XDATA_Z
  Relative segment, address: XDATA 0000F224 - 0000F225 (0x2 bytes), align: 0
  Segment part 70.            Intra module refs:   usbsrGetStatus
           LOCAL                   ADDRESS         
           =====                   =======         
           usbsrGetStatus::status
                                   0000F224 
    -------------------------------------------------------------------------
XDATA_Z
  Relative segment, address: XDATA 0000F226 - 0000F229 (0x4 bytes), align: 0
  Segment part 71.            Intra module refs:   main
           ENTRY                   ADDRESS         REF BY
           =====                   =======         ======
           fscal3                  0000F226 
    -------------------------------------------------------------------------
XDATA_Z
  Relative segment, address: XDATA 0000F22A - 0000F22D (0x4 bytes), align: 0
  Segment part 72.            Intra module refs:   main
           ENTRY                   ADDRESS         REF BY
           =====                   =======         ======
           fscal2                  0000F22A 
    -------------------------------------------------------------------------
XDATA_Z
  Relative segment, address: XDATA 0000F22E - 0000F231 (0x4 bytes), align: 0
  Segment part 73.            Intra module refs:   main
           ENTRY                   ADDRESS         REF BY
           =====                   =======         ======
           fscal1                  0000F22E 
    -------------------------------------------------------------------------
XDATA_Z
  Relative segment, address: XDATA 0000F232 - 0000F232 (0x1 bytes), align: 0
  Segment part 74.            Intra module refs:   main
           ENTRY                   ADDRESS         REF BY
           =====                   =======         ======
           freqest                 0000F232 
    -------------------------------------------------------------------------
XDATA_Z
  Relative segment, address: XDATA 0000F233 - 0000F233 (0x1 bytes), align: 0
  Segment part 75.            Intra module refs:   main
           ENTRY                   ADDRESS         REF BY
           =====                   =======         ======
           RFIF_good               0000F233 
    -------------------------------------------------------------------------
XDATA_Z
  Relative segment, address: XDATA 0000F234 - 0000F234 (0x1 bytes), align: 0
  Segment part 76.            Intra module refs:   main
           ENTRY                   ADDRESS         REF BY
           =====                   =======         ======
           RFIF_bad                0000F234 
    -------------------------------------------------------------------------
XDATA_Z
  Relative segment, address: XDATA 0000F235 - 0000F235 (0x1 bytes), align: 0
  Segment part 77.            Intra module refs:   main
           ENTRY                   ADDRESS         REF BY
           =====                   =======         ======
           time_of_srx             0000F235 
    -------------------------------------------------------------------------
XDATA_Z
  Relative segment, address: XDATA 0000F236 - 0000F237 (0x2 bytes), align: 0
  Segment part 78.            Intra module refs:   main
           ENTRY                   ADDRESS         REF BY
           =====                   =======         ======
           freq_offset_abs         0000F236 
    -------------------------------------------------------------------------
XDATA_Z
  Relative segment, address: XDATA 0000F238 - 0000F23B (0x4 bytes), align: 0
  Segment part 79.            Intra module refs:   main
           ENTRY                   ADDRESS         REF BY
           =====                   =======         ======
           freq_offset             0000F238 
    -------------------------------------------------------------------------
XDATA_I
  Relative segment, address: XDATA 0000F78D - 0000F790 (0x4 bytes), align: 0
  Segment part 80.            Intra module refs:   main
           ENTRY                   ADDRESS         REF BY
           =====                   =======         ======
           base_freq_in_khz        0000F78D 
    -------------------------------------------------------------------------
XDATA_Z
  Relative segment, address: XDATA 0000F23C - 0000F23C (0x1 bytes), align: 0
  Segment part 82.            Intra module refs:   main
                                                   usbirqHookProcessEvents
           ENTRY                   ADDRESS         REF BY
           =====                   =======         ======
           activeOut               0000F23C 
    -------------------------------------------------------------------------
XDATA_Z
  Relative segment, address: XDATA 0000F23D - 0000F2FC (0xc0 bytes), align: 0
  Segment part 83.            Intra module refs:   main
           ENTRY                   ADDRESS         REF BY
           =====                   =======         ======
           audioIn                 0000F23D 
    -------------------------------------------------------------------------
XDATA_Z
  Relative segment, address: XDATA 0000F2FD - 0000F47C (0x180 bytes), align: 0
  Segment part 84.            Intra module refs:   main
           ENTRY                   ADDRESS         REF BY
           =====                   =======         ======
           USB_fifo_all            0000F2FD 
    -------------------------------------------------------------------------
XDATA_Z
  Relative segment, address: XDATA 0000F47D - 0000F77C (0x300 bytes), align: 0
  Segment part 85.            Intra module refs:   main
                                                   usbirqHookProcessEvents
           ENTRY                   ADDRESS         REF BY
           =====                   =======         ======
           audioOut                0000F47D 
    -------------------------------------------------------------------------
XDATA_I
  Relative segment, address: XDATA 0000F791 - 0000F791 (0x1 bytes), align: 0
  Segment part 86.            Intra module refs:   main
           ENTRY                   ADDRESS         REF BY
           =====                   =======         ======
           waitingforbeacon        0000F791 
    -------------------------------------------------------------------------
XDATA_Z
  Relative segment, address: XDATA 0000F77D - 0000F77D (0x1 bytes), align: 0
  Segment part 88.            Intra module refs:   main
           ENTRY                   ADDRESS         REF BY
           =====                   =======         ======
           lostpkts                0000F77D 
    -------------------------------------------------------------------------
XDATA_Z
  Relative segment, address: XDATA 0000F77E - 0000F77E (0x1 bytes), align: 0
  Segment part 89.            Intra module refs:   ?Subroutine0
                                                   initRf
                                                   main
                                                   spp_rf_IRQ
           ENTRY                   ADDRESS         REF BY
           =====                   =======         ======
           rxStatus                0000F77E 
    -------------------------------------------------------------------------
XDATA_Z
  Relative segment, address: XDATA 0000F77F - 0000F77F (0x1 bytes), align: 0
  Segment part 90.            Intra module refs:   initRf
           ENTRY                   ADDRESS         REF BY
           =====                   =======         ======
           txStatus                0000F77F 
    -------------------------------------------------------------------------
XDATA_I
  Relative segment, address: XDATA 0000F792 - 0000F7F1 (0x60 bytes), align: 0
  Segment part 91.            Intra module refs:   usbirqHookProcessEvents
           ENTRY                   ADDRESS         REF BY
           =====                   =======         ======
           SINE_TABLE              0000F792 
    -------------------------------------------------------------------------
XDATA_Z
  Relative segment, address: XDATA 0000F780 - 0000F782 (0x3 bytes), align: 0
  Segment part 93.            Intra module refs:   ?Subroutine2
                                                   ?Subroutine8
           ENTRY                   ADDRESS         REF BY
           =====                   =======         ======
           audioData               0000F780 
    -------------------------------------------------------------------------
XDATA_Z
  Relative segment, address: XDATA 0000F783 - 0000F783 (0x1 bytes), align: 0
  Segment part 94.            Intra module refs:   ?Subroutine9
                                                   usbirqHookProcessEvents
           ENTRY                   ADDRESS         REF BY
           =====                   =======         ======
           oldEndpoint             0000F783 
    -------------------------------------------------------------------------
XDATA_Z
  Relative segment, address: XDATA 0000F784 - 0000F784 (0x1 bytes), align: 0
  Segment part 95.            Intra module refs:   ?Subroutine1
                                                   usbirqHookProcessEvents
           ENTRY                   ADDRESS         REF BY
           =====                   =======         ======
           null                    0000F784 
    -------------------------------------------------------------------------
XDATA_Z
  Relative segment, address: XDATA 0000F785 - 0000F785 (0x1 bytes), align: 0
  Segment part 96.            Intra module refs:   usbirqHookProcessEvents
           ENTRY                   ADDRESS         REF BY
           =====                   =======         ======
           failed_to_send          0000F785 
    -------------------------------------------------------------------------
XDATA_Z
  Relative segment, address: XDATA 0000F786 - 0000F786 (0x1 bytes), align: 0
  Segment part 97.            Intra module refs:   usbirqHookProcessEvents
           ENTRY                   ADDRESS         REF BY
           =====                   =======         ======
           whichbuffer             0000F786 
    -------------------------------------------------------------------------
NEAR_CODE
  Relative segment, address: CODE 00000B9F - 00000BA7 (0x9 bytes), align: 0
  Segment part 131.           Intra module refs:   usbvrHookProcessIn
                                                   usbvrHookProcessOut
           LOCAL                   ADDRESS         
           =====                   =======         
           ?Subroutine27           00000B9F 
    -------------------------------------------------------------------------
NEAR_CODE
  Relative segment, address: CODE 00000BA8 - 00000BA8 (0x1 bytes), align: 0
  Segment part 132.           Intra module refs:   ?Subroutine27
                                                   usbAudioProcessEvents
                                                   usbsuspStopPm1
    -------------------------------------------------------------------------
NEAR_CODE
  Relative segment, address: CODE 00000BA9 - 00000BAD (0x5 bytes), align: 0
  Segment part 133.           Intra module refs:   Segment part 132
                                                   usbAudioInit
                                                   usbcrHookProcessIn
                                                   usbcrHookProcessOut
                                                   usbdpFindNext
                                                   usbirqHookProcessEvents
                                                   usbsuspEnter
    -------------------------------------------------------------------------
NEAR_CODE
  Relative segment, address: CODE 00000BAE - 00000BB9 (0xc bytes), align: 0
  Segment part 134.           Intra module refs:   usbdpFindNext
           LOCAL                   ADDRESS         
           =====                   =======         
           ?Subroutine17           00000BAE 
    -------------------------------------------------------------------------
NEAR_CODE
  Relative segment, address: CODE 00000BBA - 00000BF3 (0x3a bytes), align: 0
  Segment part 135.           Intra module refs:   usbAudioInit
                                                   usbsrGetDescriptor
                                                   usbsrSetConfiguration
                                                   usbsrSetInterface
           ENTRY                   ADDRESS         REF BY
           =====                   =======         ======
           usbdpGetConfigurationDesc
                                   00000BBA 
               calls direct
               XSTACK = 0000000B ( 00000009 )
    -------------------------------------------------------------------------
NEAR_CODE
  Relative segment, address: CODE 00000BF4 - 00000C04 (0x11 bytes), align: 0
  Segment part 136.           Intra module refs:   usbdpFindNext
           LOCAL                   ADDRESS         
           =====                   =======         
           ?Subroutine6            00000BF4 
    -------------------------------------------------------------------------
NEAR_CODE
  Relative segment, address: CODE 00000C05 - 00000C08 (0x4 bytes), align: 0
  Segment part 137.           Intra module refs:   ?Subroutine6
                                                   usbdpGetConfigurationDesc
                                                   usbsrGetDescriptor
    -------------------------------------------------------------------------
NEAR_CODE
  Relative segment, address: CODE 00000C09 - 00000C0E (0x6 bytes), align: 0
  Segment part 138.           Intra module refs:   Segment part 137
                                                   main
                                                   usbsrGetDescriptor
    -------------------------------------------------------------------------
NEAR_CODE
  Relative segment, address: CODE 00000C0F - 00000F15 (0x307 bytes), align: 0
  Segment part 139.           Intra module refs:   usbAudioProcessEvents
           ENTRY                   ADDRESS         REF BY
           =====                   =======         ======
           usbfwSetupHandler       00000C0F 
               calls direct
               XSTACK = 00000000 ( 0000000E )
    -------------------------------------------------------------------------
NEAR_CODE
  Relative segment, address: CODE 00000F16 - 00000F20 (0xb bytes), align: 0
  Segment part 140.           Intra module refs:   usbfwSetupHandler
           LOCAL                   ADDRESS         
           =====                   =======         
           ?Subroutine16           00000F16 
    -------------------------------------------------------------------------
NEAR_CODE
  Relative segment, address: CODE 00000F21 - 00000F26 (0x6 bytes), align: 0
  Segment part 141.           Intra module refs:   usbfwSetupHandler
           LOCAL                   ADDRESS         
           =====                   =======         
           ?Subroutine14           00000F21 
    -------------------------------------------------------------------------
NEAR_CODE
  Relative segment, address: CODE 00000F27 - 00000F2C (0x6 bytes), align: 0
  Segment part 142.           Intra module refs:   ?Subroutine14
                                                   usbdpFindNext
    -------------------------------------------------------------------------
NEAR_CODE
  Relative segment, address: CODE 00000F2D - 00000F40 (0x14 bytes), align: 0
  Segment part 143.           Intra module refs:   usbfwSetupHandler
           LOCAL                   ADDRESS         
           =====                   =======         
           ?Subroutine7            00000F2D 
    -------------------------------------------------------------------------
NEAR_CODE
  Relative segment, address: CODE 00000F41 - 00000F78 (0x38 bytes), align: 0
  Segment part 144.           Intra module refs:   usbAudioProcessEvents
                                                   usbsrSetConfiguration
           ENTRY                   ADDRESS         REF BY
           =====                   =======         ======
           usbfwSetAllEpStatus     00000F41 
               XSTACK = 0000000B ( 00000009 )
               ISTACK = 00000000 ( 00000001 )
    -------------------------------------------------------------------------
NEAR_CODE
  Relative segment, address: CODE 00000F79 - 00000FB2 (0x3a bytes), align: 0
  Segment part 145.           Intra module refs:   usbfwSetupHandler
           ENTRY                   ADDRESS         REF BY
           =====                   =======         ======
           usbfwReadFifo           00000F79 
               XSTACK = 0000000E ( 0000000A )
               ISTACK = 00000000 ( 00000001 )
    -------------------------------------------------------------------------
NEAR_CODE
  Relative segment, address: CODE 00000FB3 - 00001083 (0xd1 bytes), align: 0
  Segment part 146.           Intra module refs:   usbfwSetupHandler
           ENTRY                   ADDRESS         REF BY
           =====                   =======         ======
           usbsrGetStatus          00000FB3 
               XSTACK = 0000000B ( 00000009 )
    -------------------------------------------------------------------------
NEAR_CODE
  Relative segment, address: CODE 00001084 - 00001088 (0x5 bytes), align: 0
  Segment part 147.           Intra module refs:   ChangeFeature
                                                   ListenforMaster
                                                   usbdpGetConfigurationDesc
                                                   usbfwSetAllEpStatus
                                                   usbsrGetStatus
                                                   usbsrSetInterface
           LOCAL                   ADDRESS         
           =====                   =======         
           ?Subroutine26           00001084 
    -------------------------------------------------------------------------
NEAR_CODE
  Relative segment, address: CODE 00001089 - 0000108A (0x2 bytes), align: 0
  Segment part 148.           Intra module refs:   ChangeFeature
                                                   usbsrGetStatus
           LOCAL                   ADDRESS         
           =====                   =======         
           ?Subroutine20           00001089 
    -------------------------------------------------------------------------
NEAR_CODE
  Relative segment, address: CODE 0000108B - 00001092 (0x8 bytes), align: 0
  Segment part 149.           Intra module refs:   ?Subroutine20
                                                   ConfigureEndpoints
    -------------------------------------------------------------------------
NEAR_CODE
  Relative segment, address: CODE 00001093 - 00001094 (0x2 bytes), align: 0
  Segment part 150.           Intra module refs:   ChangeFeature
                                                   usbsrGetStatus
           LOCAL                   ADDRESS         
           =====                   =======         
           ?Subroutine19           00001093 
    -------------------------------------------------------------------------
NEAR_CODE
  Relative segment, address: CODE 00001095 - 0000109C (0x8 bytes), align: 0
  Segment part 151.           Intra module refs:   ?Subroutine19
                                                   ConfigureEndpoints
    -------------------------------------------------------------------------
NEAR_CODE
  Relative segment, address: CODE 0000109D - 000010A1 (0x5 bytes), align: 0
  Segment part 152.           Intra module refs:   main
                                                   usbfwSetupHandler
                                                   usbsrGetStatus
           LOCAL                   ADDRESS         
           =====                   =======         
           ?Subroutine10           0000109D 
    -------------------------------------------------------------------------
NEAR_CODE
  Relative segment, address: CODE 000010A2 - 00001156 (0xb5 bytes), align: 0
  Segment part 153.           Intra module refs:   usbfwSetupHandler
           LOCAL                   ADDRESS         
           =====                   =======         
           ChangeFeature           000010A2 
               XSTACK = 0000000B ( 00000009 )
               ISTACK = 00000000 ( 00000001 )
    -------------------------------------------------------------------------
NEAR_CODE
  Relative segment, address: CODE 00001157 - 0000132D (0x1d7 bytes), align: 0
  Segment part 154.           Intra module refs:   usbfwSetupHandler
           ENTRY                   ADDRESS         REF BY
           =====                   =======         ======
           usbsrGetDescriptor      00001157 
               calls direct
               XSTACK = 0000000B ( 0000000B )
               ISTACK = 00000000 ( 00000002 )
    -------------------------------------------------------------------------
NEAR_CODE
  Relative segment, address: CODE 0000132E - 00001332 (0x5 bytes), align: 0
  Segment part 155.           Intra module refs:   initRf
                                                   usbfwSetupHandler
                                                   usbsrGetDescriptor
                                                   usbsrSetConfiguration
           LOCAL                   ADDRESS         
           =====                   =======         
           ?Subroutine25           0000132E 
    -------------------------------------------------------------------------
NEAR_CODE
  Relative segment, address: CODE 00001333 - 00001338 (0x6 bytes), align: 0
  Segment part 156.           Intra module refs:   usbdpFindNext
                                                   usbsrGetDescriptor
           LOCAL                   ADDRESS         
           =====                   =======         
           ?Subroutine15           00001333 
    -------------------------------------------------------------------------
NEAR_CODE
  Relative segment, address: CODE 00001339 - 0000133D (0x5 bytes), align: 0
  Segment part 157.           Intra module refs:   usbsrGetDescriptor
           LOCAL                   ADDRESS         
           =====                   =======         
           ?Subroutine13           00001339 
    -------------------------------------------------------------------------
NEAR_CODE
  Relative segment, address: CODE 0000133E - 0000134D (0x10 bytes), align: 0
  Segment part 158.           Intra module refs:   ?Subroutine13
                                                   usbsrGetDescriptor
           LOCAL                   ADDRESS         
           =====                   =======         
           ?Subroutine22           0000133E 
    -------------------------------------------------------------------------
NEAR_CODE
  Relative segment, address: CODE 0000134E - 00001363 (0x16 bytes), align: 0
  Segment part 159.           Intra module refs:   usbsrGetDescriptor
           LOCAL                   ADDRESS         
           =====                   =======         
           ?Subroutine3            0000134E 
    -------------------------------------------------------------------------
NEAR_CODE
  Relative segment, address: CODE 00001364 - 000014A9 (0x146 bytes), align: 0
  Segment part 160.           Intra module refs:   usbsrSetConfiguration
                                                   usbsrSetInterface
           LOCAL                   ADDRESS         
           =====                   =======         
           ConfigureEndpoints      00001364 
               calls direct
               XSTACK = 0000000B ( 00000011 )
               ISTACK = 00000000 ( 00000001 )
    -------------------------------------------------------------------------
NEAR_CODE
  Relative segment, address: CODE 000014AA - 000014B9 (0x10 bytes), align: 0
  Segment part 161.           Intra module refs:   ConfigureEndpoints
           LOCAL                   ADDRESS         
           =====                   =======         
           ?Subroutine11           000014AA 
    -------------------------------------------------------------------------
NEAR_CODE
  Relative segment, address: CODE 000014BA - 000014C8 (0xf bytes), align: 0
  Segment part 162.           Intra module refs:   ConfigureEndpoints
           LOCAL                   ADDRESS         
           =====                   =======         
           ?Subroutine5            000014BA 
    -------------------------------------------------------------------------
NEAR_CODE
  Relative segment, address: CODE 000014C9 - 00001572 (0xaa bytes), align: 0
  Segment part 163.           Intra module refs:   usbfwSetupHandler
           ENTRY                   ADDRESS         REF BY
           =====                   =======         ======
           usbsrSetConfiguration   000014C9 
               calls direct
               XSTACK = 0000000B ( 0000000B )
               ISTACK = 00000000 ( 00000001 )
    -------------------------------------------------------------------------
NEAR_CODE
[...]
  LIBRARY MODULE, NAME : ?S_SHL

  SEGMENTS IN THE MODULE
  ======================
RCODE
  Relative segment, address: CODE 0000048A - 0000048C (0x3 bytes), align: 0
  Segment part 0.
           ENTRY                   ADDRESS         REF BY
           =====                   =======         ======
           ?S_SHL                  0000048A        ConfigureEndpoints (init_peripherals)
                                                   ListenforMaster (init_peripherals)
                                                   usbirqHandler (init_peripherals)
                                                   usbsrGetDescriptor (init_peripherals)
    -------------------------------------------------------------------------
RCODE
  Relative segment, address: CODE 0000048D - 0000048F (0x3 bytes), align: 0
  Segment part 1.             Intra module refs:   Segment part 2
           ENTRY                   ADDRESS         REF BY
           =====                   =======         ======
           ?S_SHL_REW              0000048D 
    -------------------------------------------------------------------------
RCODE
  Relative segment, address: CODE 00000490 - 0000049C (0xd bytes), align: 0
  Segment part 2.             Intra module refs:   ?S_SHL
                                                   ?S_SHL_REW

    -------------------------------------------------------------------------
  LIBRARY MODULE, NAME : ?ALLOC_XSTACK8

  SEGMENTS IN THE MODULE
  ======================
RCODE
  Relative segment, address: CODE 0000049D - 000004B2 (0x16 bytes), align: 0
  Segment part 0.
           ENTRY                   ADDRESS         REF BY
           =====                   =======         ======
           ?ALLOC_XSTACK8          0000049D        ConfigureEndpoints (init_peripherals)

    -------------------------------------------------------------------------
  LIBRARY MODULE, NAME : ?DEALLOC_XSTACK8

  SEGMENTS IN THE MODULE
  ======================
RCODE
  Relative segment, address: CODE 000004B3 - 000004CC (0x1a bytes), align: 0
  Segment part 0.
           ENTRY                   ADDRESS         REF BY
           =====                   =======         ======
           ?DEALLOC_XSTACK8        000004B3        ConfigureEndpoints (init_peripherals)
                                                   main (init_peripherals)
                                                   usbfwSetupHandler (init_peripherals)

    -------------------------------------------------------------------------
  LIBRARY MODULE, NAME : ?ADD_XSTACK_DISP8

  SEGMENTS IN THE MODULE
  ======================
RCODE
  Relative segment, address: CODE 000004CD - 000004E7 (0x1b bytes), align: 0
  Segment part 1.
           ENTRY                   ADDRESS         REF BY
           =====                   =======         ======
           ?ADD_XSTACK_DISP0_8     000004CD        ?PUSH_XSTACK_I (?PUSH_XSTACK_I)

    -------------------------------------------------------------------------
  LIBRARY MODULE, NAME : ?XSTACK_DISP8

  SEGMENTS IN THE MODULE
  ======================
RCODE
  Relative segment, address: CODE 000004E8 - 000004F1 (0xa bytes), align: 0
  Segment part 1.
           ENTRY                   ADDRESS         REF BY
           =====                   =======         ======
           ?XSTACK_DISP0_8         000004E8        ListenforMaster (init_peripherals)
                                                   usbfwReadFifo (init_peripherals)

    -------------------------------------------------------------------------
  LIBRARY MODULE, NAME : ?CALL_IND

  SEGMENTS IN THE MODULE
  ======================
RCODE
  Relative segment, address: CODE 000004F2 - 000004F3 (0x2 bytes), align: 0
  Segment part 0.
           ENTRY                   ADDRESS         REF BY
           =====                   =======         ======
           ?CALL_IND               000004F2        T1_ISR (init_peripherals)
                                                   usbfwSetupHandler (init_peripherals)
                                                   usbsuspEnter (init_peripherals)

    -------------------------------------------------------------------------
  LIBRARY MODULE, NAME : ?FUNC_ENTER_XDATA

  SEGMENTS IN THE MODULE
  ======================
RCODE
  Relative segment, address: CODE 000004F4 - 00000553 (0x60 bytes), align: 0
  Segment part 1.
           ENTRY                   ADDRESS         REF BY
           =====                   =======         ======
           ?FUNC_ENTER_XDATA       000004F4        ChangeFeature (init_peripherals)
                                                   ConfigureEndpoints (init_peripherals)
                                                   ListenforMaster (init_peripherals)
                                                   SetRadioFrequency (init_peripherals)
                                                   initRf (init_peripherals)
                                                   usbdpGetConfigurationDesc (init_peripherals)
                                                   usbfwReadFifo (init_peripherals)
                                                   usbfwSetAllEpStatus (init_peripherals)
                                                   usbfwSetupHandler (init_peripherals)
                                                   usbsrGetDescriptor (init_peripherals)
                                                   usbsrGetStatus (init_peripherals)
                                                   usbsrSetConfiguration (init_peripherals)
                                                   usbsrSetInterface (init_peripherals)

    -------------------------------------------------------------------------
  LIBRARY MODULE, NAME : ?FUNC_LEAVE_XDATA

  SEGMENTS IN THE MODULE
  ======================
RCODE
  Relative segment, address: CODE 00000554 - 0000058B (0x38 bytes), align: 0
  Segment part 1.
           ENTRY                   ADDRESS         REF BY
           =====                   =======         ======
           ?FUNC_LEAVE_XDATA       00000554        ?Subroutine24 (init_peripherals)
                                                   ?Subroutine25 (init_peripherals)
                                                   ?Subroutine26 (init_peripherals)
                                                   usbfwReadFifo (init_peripherals)

    -------------------------------------------------------------------------
  LIBRARY MODULE, NAME : ?INTERRUPT_ENTER_XSP

  SEGMENTS IN THE MODULE
  ======================
RCODE
  Relative segment, address: CODE 0000058C - 000005EA (0x5f bytes), align: 0
  Segment part 1.
           ENTRY                   ADDRESS         REF BY
           =====                   =======         ======
           ?INTERRUPT_ENTER_XSP    0000058C        T1_ISR (init_peripherals)
                                                   usbirqHandler (init_peripherals)
                                                   usbirqResumeHandler (init_peripherals)

    -------------------------------------------------------------------------
  LIBRARY MODULE, NAME : ?INTERRUPT_LEAVE_XSP

  SEGMENTS IN THE MODULE
  ======================
RCODE
  Relative segment, address: CODE 000005EB - 0000063A (0x50 bytes), align: 0
  Segment part 1.
           ENTRY                   ADDRESS         REF BY
           =====                   =======         ======
           ?INTERRUPT_LEAVE_XSP    000005EB        ?Subroutine28 (init_peripherals)
                                                   usbirqHandler (init_peripherals)

    -------------------------------------------------------------------------
  LIBRARY MODULE, NAME : ?PUSH_XSTACK_I

  SEGMENTS IN THE MODULE
  ======================
RCODE
  Relative segment, address: CODE 0000063B - 0000063E (0x4 bytes), align: 0
  Segment part 1.
           ENTRY                   ADDRESS         REF BY
           =====                   =======         ======
           ?PUSH_XSTACK_I_THREE    0000063B        usbfwSetupHandler (init_peripherals)
    -------------------------------------------------------------------------
RCODE
  Relative segment, address: CODE 0000063F - 00000640 (0x2 bytes), align: 0
  Segment part 3.
           ENTRY                   ADDRESS         REF BY
           =====                   =======         ======
           ?PUSH_XSTACK_I_ONE      0000063F        main (init_peripherals)
    -------------------------------------------------------------------------
RCODE
  Relative segment, address: CODE 00000641 - 0000064D (0xd bytes), align: 0
  Segment part 4.             Intra module refs:   ?PUSH_XSTACK_I_ONE
                                                   ?PUSH_XSTACK_I_THREE
           ENTRY                   ADDRESS         REF BY
           =====                   =======         ======
           ?PUSH_XSTACK_I          00000641 

    -------------------------------------------------------------------------
  LIBRARY MODULE, NAME : ?PUSH_XSTACK8_X

  SEGMENTS IN THE MODULE
  ======================
RCODE
  Relative segment, address: CODE 0000064E - 00000651 (0x4 bytes), align: 0
  Segment part 2.
           ENTRY                   ADDRESS         REF BY
           =====                   =======         ======
           ?PUSH_XSTACK8_X_THREE   0000064E        usbfwSetupHandler (init_peripherals)
    -------------------------------------------------------------------------
RCODE
  Relative segment, address: CODE 00000652 - 0000067A (0x29 bytes), align: 0
  Segment part 5.             Intra module refs:   ?PUSH_XSTACK8_X_THREE
           ENTRY                   ADDRESS         REF BY
           =====                   =======         ======
           ?PUSH_XSTACK8_X         00000652 

    -------------------------------------------------------------------------
  LIBRARY MODULE, NAME : ?UC_SWITCH_DENSE

  SEGMENTS IN THE MODULE
  ======================
RCODE
  Relative segment, address: CODE 0000067B - 00000680 (0x6 bytes), align: 0
  Segment part 0.
           ENTRY                   ADDRESS         REF BY
           =====                   =======         ======
           ?UC_SWITCH_DENSE        0000067B        ChangeFeature (init_peripherals)
                                                   usbcrHookProcessIn (init_peripherals)
                                                   usbirqHookProcessEvents (init_peripherals)
                                                   usbsrGetDescriptor (init_peripherals)
                                                   usbsrGetStatus (init_peripherals)
    -------------------------------------------------------------------------
RCODE
  Relative segment, address: CODE 00000681 - 000006AF (0x2f bytes), align: 0
  Segment part 2.             Intra module refs:   ?UC_SWITCH_DENSE
    -------------------------------------------------------------------------
RCODE
  Relative segment, address: CODE 000006B0 - 000006B0 (0x1 bytes), align: 0
  Segment part 4.             Intra module refs:   ?UC_SWITCH_DENSE

    -------------------------------------------------------------------------
  LIBRARY MODULE, NAME : ?UC_SWITCH_SPARSE

  SEGMENTS IN THE MODULE
  ======================
RCODE
  Relative segment, address: CODE 000006B1 - 000006B7 (0x7 bytes), align: 0
  Segment part 0.
           ENTRY                   ADDRESS         REF BY
           =====                   =======         ======
           ?UC_SWITCH_SPARSE       000006B1        usbfwSetupHandler (init_peripherals)
    -------------------------------------------------------------------------
RCODE
  Relative segment, address: CODE 000006B8 - 000006D9 (0x22 bytes), align: 0
  Segment part 2.             Intra module refs:   ?UC_SWITCH_SPARSE
           ENTRY                   ADDRESS         REF BY
           =====                   =======         ======
           ?UC_SWITCH_SPARSE_LEAVE
                                   000006CE        ?UC_JMP_IF_IN_RANGE (?UC_JMP_IF_IN_RANGE)
                                                   ?UC_JMP_IF_VALUE (?UC_JMP_IF_VALUE)
    -------------------------------------------------------------------------
RCODE
  Relative segment, address: CODE 000006DA - 000006DA (0x1 bytes), align: 0
  Segment part 4.             Intra module refs:   ?UC_SWITCH_SPARSE

    -------------------------------------------------------------------------
  LIBRARY MODULE, NAME : ?UC_JMP_IF_IN_RANGE

  SEGMENTS IN THE MODULE
  ======================
RCODE
  Relative segment, address: CODE 000006DB - 000006F9 (0x1f bytes), align: 0
  Segment part 0.
           ENTRY                   ADDRESS         REF BY
           =====                   =======         ======
           ?UC_JMP_IF_IN_RANGE     000006DB        ?UC_SWITCH_SPARSE_LEAVE (?UC_SWITCH_SPARSE)

    -------------------------------------------------------------------------
  LIBRARY MODULE, NAME : ?UC_JMP_IF_VALUE

  SEGMENTS IN THE MODULE
  ======================
RCODE
  Relative segment, address: CODE 000006FA - 0000070F (0x16 bytes), align: 0
  Segment part 0.
           ENTRY                   ADDRESS         REF BY
           =====                   =======         ======
           ?UC_JMP_IF_VALUE        000006FA        ?UC_SWITCH_SPARSE_LEAVE (?UC_SWITCH_SPARSE)

    -------------------------------------------------------------------------
  LIBRARY MODULE, NAME : ?low_level_init

  SEGMENTS IN THE MODULE
  ======================
CSTART
  Relative segment, address: CODE 000000F0 - 000000F2 (0x3 bytes), align: 0
  Segment part 6. ROOT.
           ENTRY                   ADDRESS         REF BY
           =====                   =======         ======
           __low_level_init        000000F0        __low_level_init_call (?cmain)




                ****************************************
                *                                      *
                *            MODULE SUMMARY            *
                *                                      *
                ****************************************

Module                    CODE      DATA      XDATA  IDATA    BIT
------                    ----      ----      -----  -----    ---
                         (Rel)  (Rel)  (Abs)  (Rel)  (Rel)  (Rel)
?ADD_XSTACK_DISP8           27
?ALLOC_XSTACK8              22
?CALL_IND                    2
?C_GPTR_LOAD                26
?C_GPTR_STORE               22
?DEALLOC_XSTACK8            26
?FUNC_ENTER_XDATA           96
?FUNC_LEAVE_XDATA           56
?INTERRUPT_ENTER_XSP        95
?INTERRUPT_LEAVE_XSP        80
?L_ADD_TO_X                 19
?L_DIV_MOD                  87
?L_IOR_TO_X                 19
?L_MOV_TO_X                 15
?L_MOV_X                    15
?L_MUL                     128
?L_NEG                      17
?L_NEG_R1                   17
?L_SHL                      31
?MOVE_LONG8_XDATA_IDATA     13
?MOVE_LONG8_XDATA_XDATA     33
?PUSH_XSTACK8_X             45
?PUSH_XSTACK_I              19
?S_SHL                      19
?UC_JMP_IF_IN_RANGE         31
?UC_JMP_IF_VALUE            22
?UC_SWITCH_DENSE            54
?UC_SWITCH_SPARSE           42
?UL_DIV_MOD                112
?US_SHR                     15
?XSTACK_DISP8               10
?cexit                       5
?cmain                      86
?low_level_init              3
CSTARTUP                    15
  + common                   3
VIRTUAL_REGISTERS                   2                           8
init_peripherals         6 135      7     39  1 814
  + common                 134
usb_descriptor             209
N/A (command line)                 16           256     64
N/A (alignment)
----------               -----     --     --  -----     --      -
Total:                   7 668     25     39  2 070     64      8
  + common                 134


                ****************************************
                *                                      *
                *      SEGMENTS IN ADDRESS ORDER       *
                *                                      *
                ****************************************


SEGMENT              SPACE    START ADDRESS   END ADDRESS     SIZE  TYPE  ALIGN
=======              =====    =============   ===========     ====  ====  =====
INTVEC               CODE          00000000 - 00000085          86   com    0
CSTART               CODE          00000086 - 000000F2          6D   rel    0
DATA_ID              CODE               000000F3                     dse    0
BDATA_ID             CODE               000000F3                     dse    0
BIT_ID               CODE               000000F3                     dse    0
IDATA_ID             CODE               000000F3                     dse    0
PDATA_ID             CODE               000000F3                     dse    0
IXDATA_ID            CODE               000000F3                     dse    0
XDATA_ID             CODE          000000F3 - 0000017F          8D   rel    0
BANK_RELAYS          CODE               00000180                     dse    0
RCODE                CODE          00000180 - 0000070F         590   rel    0
DIFUNCT              CODE               00000710                     dse    0
CODE_C               CODE               00000710                     dse    0
CODE_N               CODE               00000710                     dse    0
NEAR_CODE            CODE          00000710 - 00001E79        176A   rel    0
REGISTERS            DATA          00000000 - 00000007           8   rel    0
VREG                 DATA          00000008 - 0000000F           8   rel    0
PSP                  DATA               00000010                     dse    0
XSP                  DATA          00000010 - 00000011           2   rel    0
DATA_I               DATA               00000012                     dse    0
DATA_Z               DATA          00000012 - 00000018           7   rel    0
BREG                 BIT        00000020.0  -  00000020.7        8   rel    0
SFR_AN               DATA          00000080 - 00000080           1   rel    0
                     DATA          00000088 - 00000089           2 
                     DATA          0000008B - 0000008C           2 
                     DATA          00000090 - 00000091           2 
                     DATA          00000098 - 00000098           1 
                     DATA          0000009A - 0000009E           5 
                     DATA          000000A0 - 000000A0           1 
                     DATA          000000A8 - 000000A8           1 
                     DATA          000000B8 - 000000B8           1 
                     DATA          000000BE - 000000BE           1 
                     DATA          000000C0 - 000000C0           1 
                     DATA          000000C6 - 000000C6           1 
                     DATA          000000CA - 000000CE           5 
                     DATA          000000D2 - 000000D7           6 
                     DATA          000000E1 - 000000E1           1 
                     DATA          000000E8 - 000000E9           2 
                     DATA          000000F3 - 000000F5           3 
                     DATA          000000FD - 000000FF           3 
XSTACK               XDATA         0000F000 - 0000F0FF         100   rel    0
XDATA_Z              XDATA         0000F100 - 0000F788         689   rel    0
XDATA_I              XDATA         0000F789 - 0000F815          8D   rel    0
ISTACK               IDATA         000000C0 - 000000FF          40   rel    0

                ****************************************
                *                                      *
                *        END OF CROSS REFERENCE        *
                *                                      *
                ****************************************

 7 802 bytes of CODE  memory
    25 bytes of DATA  memory (+ 39 absolute )
 2 070 bytes of XDATA memory
    64 bytes of IDATA memory
     8 bits  of BIT   memory

Errors: none
Warnings: none

