################################################################################
#                                                                              #
#      IAR Universal Linker V4.61L/W32                                         #
#                                                                              #
#           Link time     =  28/Jun/2010  10:59:58                             #
#           Target CPU    =  x51                                               #
#           List file     =  C:\CCUSB2\ide\rfusb_cc2511\iar\Temp\OneWay_USB_Pl #
#                            ay.map                                            #
#           Output file 1 =  c:\temp\OneWay_USB_Play.hex                       #
#                            Format: intel-extended                            #
#           Output file 2 =  C:\CCUSB2\ide\rfusb_cc2511\iar\simple_audio_dongl #
#                            e.hex                                             #
#                            Format: intel-extended                            #
#           Command line  =  -D_NR_OF_BANKS=0 -D_CODEBANK_END=0                #
#                            -D_CODEBANK_START=0                               #
#                            "-IC:\Program Files\IAR Systems\Embedded Workbenc #
#                            h 5.3\8051\CONFIG\"                               #
#                            C:\CCUSB2\ide\rfusb_cc2511\iar\temp\simple_audio_ #
#                            dongle\clock.r51                                  #
#                            C:\CCUSB2\ide\rfusb_cc2511\iar\temp\simple_audio_ #
#                            dongle\hal_assert.r51                             #
#                            C:\CCUSB2\ide\rfusb_cc2511\iar\temp\simple_audio_ #
#                            dongle\hal_board.r51                              #
#                            C:\CCUSB2\ide\rfusb_cc2511\iar\temp\simple_audio_ #
#                            dongle\hal_button.r51                             #
#                            C:\CCUSB2\ide\rfusb_cc2511\iar\temp\simple_audio_ #
#                            dongle\hal_int.r51                                #
#                            C:\CCUSB2\ide\rfusb_cc2511\iar\temp\simple_audio_ #
#                            dongle\hal_led.r51                                #
#                            C:\CCUSB2\ide\rfusb_cc2511\iar\temp\simple_audio_ #
#                            dongle\hal_mcu.r51                                #
#                            C:\CCUSB2\ide\rfusb_cc2511\iar\temp\simple_audio_ #
#                            dongle\hal_timer_32k.r51                          #
#                            C:\CCUSB2\ide\rfusb_cc2511\iar\temp\simple_audio_ #
#                            dongle\init_peripherals.r51                       #
#                            C:\CCUSB2\ide\rfusb_cc2511\iar\temp\simple_audio_ #
#                            dongle\simple_audio_dongle.r51                    #
#                            C:\CCUSB2\ide\rfusb_cc2511\iar\temp\simple_audio_ #
#                            dongle\tw_dma.r51                                 #
#                            C:\CCUSB2\ide\rfusb_cc2511\iar\temp\simple_audio_ #
#                            dongle\tw_fh.r51                                  #
#                            C:\CCUSB2\ide\rfusb_cc2511\iar\temp\simple_audio_ #
#                            dongle\tw_interrupt.r51                           #
#                            C:\CCUSB2\ide\rfusb_cc2511\iar\temp\simple_audio_ #
#                            dongle\tw_mac.r51                                 #
#                            C:\CCUSB2\ide\rfusb_cc2511\iar\temp\simple_audio_ #
#                            dongle\tw_rf.r51                                  #
#                            C:\CCUSB2\ide\rfusb_cc2511\iar\temp\simple_audio_ #
#                            dongle\usb_audio.r51                              #
#                            C:\CCUSB2\ide\rfusb_cc2511\iar\temp\simple_audio_ #
#                            dongle\usb_audio_controls.r51                     #
#                            C:\CCUSB2\ide\rfusb_cc2511\iar\temp\simple_audio_ #
#                            dongle\usb_audio_descriptor.r51                   #
#                            C:\CCUSB2\ide\rfusb_cc2511\iar\temp\simple_audio_ #
#                            dongle\usb_audio_hooks.r51                        #
#                            C:\CCUSB2\ide\rfusb_cc2511\iar\temp\simple_audio_ #
#                            dongle\usb_class_requests.r51                     #
#                            C:\CCUSB2\ide\rfusb_cc2511\iar\temp\simple_audio_ #
#                            dongle\usb_descriptor_parser.r51                  #
#                            C:\CCUSB2\ide\rfusb_cc2511\iar\temp\simple_audio_ #
#                            dongle\usb_firmware_library_config.r51            #
#                            C:\CCUSB2\ide\rfusb_cc2511\iar\temp\simple_audio_ #
#                            dongle\usb_framework.r51                          #
#                            C:\CCUSB2\ide\rfusb_cc2511\iar\temp\simple_audio_ #
#                            dongle\usb_interrupt.r51                          #
#                            C:\CCUSB2\ide\rfusb_cc2511\iar\temp\simple_audio_ #
#                            dongle\usb_standard_requests.r51                  #
#                            C:\CCUSB2\ide\rfusb_cc2511\iar\temp\simple_audio_ #
#                            dongle\usb_suspend.r51                            #
#                            C:\CCUSB2\ide\rfusb_cc2511\iar\temp\simple_audio_ #
#                            dongle\util_buffer.r51                            #
#                            -o c:\temp\OneWay_USB_Play.hex -Fintel-extended   #
#                            -l                                                #
#                            C:\CCUSB2\ide\rfusb_cc2511\iar\Temp\OneWay_USB_Pl #
#                            ay.map                                            #
#                            -xmsn                                             #
#                            -IC:\CCUSB2\ide\rfusb_cc2511\iar\..\..\..\tools\c #
#                            c2510\                                            #
#                            -f lnk51ew_cc2510.xcl (-D_IDATA_END=0xFF          #
#                            -D_PDATA_START=0xF000 -D_PDATA_END=0xF0FF         #
#                            -D_IXDATA_START=0xF000 -D_IXDATA_END=0xFDA1       #
#                            -D_XDATA_START=_IXDATA_START                      #
#                            -D_XDATA_END=_IXDATA_END -D_CODE_START=0x0000     #
#                            -D_CODE_END=0x7FFF -D_NEAR_CODE_END=_CODE_END     #
#                            -D_FIRST_BANK_ADDR=0x10000 -D?REGISTER_BANK=0     #
#                            -D_REGISTER_BANK_START=0 -D?PBANK_NUMBER=0xF0     #
#                            -D?PBANK=0x93 -D_BREG_START=0x00 -D?VB=0x20       #
#                            -D_FAR_DATA_NR_OF_BANKS=0x0E                      #
#                            -D_FAR_DATA_START=0x010001                        #
#                            -D_FAR_DATA_END=0xFFFFFF                          #
#                            -D_FAR_CODE_START=_CODE_START                     #
#                            -D_FAR_CODE_END=_CODE_END -f lnk_base.xcl)        #
#                            (-Z(BIT)BREG=_BREG_START -Z(BIT)BIT_N=0-7F        #
#                            -Z(DATA)REGISTERS+8=_REGISTER_BANK_START          #
#                            -Z(DATA)BDATA_Z,BDATA_N,BDATA_I=20-2F             #
#                            -Z(DATA)VREG+_NR_OF_VIRTUAL_REGISTERS=08-7F       #
#                            -Z(DATA)PSP,XSP=08-7F -Z(DATA)DOVERLAY=08-7F      #
#                            -Z(DATA)DATA_I,DATA_Z,DATA_N=08-7F                #
#                            -U(IDATA)0-7F=(DATA)0-7F                          #
#                            -Z(IDATA)IDATA_I,IDATA_Z,IDATA_N=08-_IDATA_END    #
#                            -Z(IDATA)ISTACK+_IDATA_STACK_SIZE#08-_IDATA_END   #
#                            -Z(IDATA)IOVERLAY=08-FF -Z(CODE)INTVEC=0          #
#                            -Z(CODE)CSTART=_CODE_START-_CODE_END              #
#                            -Z(CODE)BIT_ID,BDATA_ID,DATA_ID,IDATA_ID,IXDATA_I #
#                            D,PDATA_ID,XDATA_ID=_CODE_START-_CODE_END         #
#                            -Z(CODE)HUGE_ID=_FAR_CODE_START-_FAR_CODE_END     #
#                            -Z(CODE)BANK_RELAYS,RCODE,DIFUNCT,CODE_C,CODE_N,N #
#                            EAR_CODE=_CODE_START-_CODE_END                    #
#                            -P(CODE)BANKED_CODE=_CODE_START-_CODE_END,[(_CODE #
#                            BANK_START+_FIRST_BANK_ADDR)-(_CODEBANK_END+_FIRS #
#                            T_BANK_ADDR)]*_NR_OF_BANKS+10000                  #
#                            -P(CODE)FAR_CODE_C,FAR_CODE_N,FAR_CODE=[_FAR_CODE #
#                            _START-_FAR_CODE_END]/10000                       #
#                            -P(CODE)HUGE_CODE_C=_FAR_CODE_START-_FAR_CODE_END #
#                            -Z(CODE)CHECKSUM#_CODE_END                        #
#                            -Z(XDATA)EXT_STACK+_EXTENDED_STACK_SIZE=_EXTENDED #
#                            _STACK_START                                      #
#                            -Z(XDATA)PSTACK+_PDATA_STACK_SIZE=_PDATA_START-_P #
#                            DATA_END                                          #
#                            -Z(XDATA)XSTACK+_XDATA_STACK_SIZE=_XDATA_START-_X #
#                            DATA_END                                          #
#                            -Z(XDATA)PDATA_Z,PDATA_I=_PDATA_START-_PDATA_END  #
#                            -P(XDATA)PDATA_N=_PDATA_START-_PDATA_END          #
#                            -Z(XDATA)IXDATA_Z,IXDATA_I=_IXDATA_START-_IXDATA_ #
#                            END                                               #
#                            -P(XDATA)IXDATA_N=_IXDATA_START-_IXDATA_END       #
#                            -Z(XDATA)XDATA_Z,XDATA_I=_XDATA_START-_XDATA_END  #
#                            -P(XDATA)XDATA_N=_XDATA_START-_XDATA_END          #
#                            -Z(XDATA)XDATA_HEAP+_XDATA_HEAP_SIZE=_XDATA_START #
#                            -_XDATA_END                                       #
#                            -Z(CONST)XDATA_ROM_C=_XDATA_START-_XDATA_END      #
#                            -Z(XDATA)FAR_Z=[_FAR_DATA_START-_FAR_DATA_END]/10 #
#                            000                                               #
#                            -Z(XDATA)FAR_I=[_FAR_DATA_START-_FAR_DATA_END]/10 #
#                            000                                               #
#                            -Z(CODE)FAR_ID=[_FAR_CODE_START-_FAR_CODE_END]/10 #
#                            000                                               #
#                            -Z(XDATA)FAR_HEAP+_FAR_HEAP_SIZE=[_FAR_DATA_START #
#                            -_FAR_DATA_END]/10000                             #
#                            -P(XDATA)FAR_N=[_FAR_DATA_START-_FAR_DATA_END]*_F #
#                            AR_DATA_NR_OF_BANKS+10000                         #
#                            -P(CONST)FAR_ROM_C=[_FAR_DATA_START-_FAR_DATA_END #
#                            ]*_FAR_DATA_NR_OF_BANKS+10000                     #
#                            -Z(XDATA)HUGE_Z,HUGE_I=_FAR_DATA_START-_FAR_DATA_ #
#                            END                                               #
#                            -P(XDATA)HUGE_N=_FAR_DATA_START-_FAR_DATA_END     #
#                            -Z(XDATA)HUGE_HEAP+_HUGE_HEAP_SIZE=_FAR_DATA_STAR #
#                            T-_FAR_DATA_END                                   #
#                            -Z(CONST)HUGE_ROM_C=_FAR_DATA_START-_FAR_DATA_END #
#                            -cx51) -D_NR_OF_VIRTUAL_REGISTERS=8               #
#                            -e_medium_write=_formatted_write                  #
#                            -e_medium_read=_formatted_read                    #
#                            -Ointel-extended=C:\CCUSB2\ide\rfusb_cc2511\iar\s #
#                            imple_audio_dongle.hex                            #
#                            -s __program_start                                #
#                            "C:\Program Files\IAR Systems\Embedded Workbench  #
#                            5.3\8051\LIB\CLIB\cl-pli-nlxd-1e16x01.r51"        #
#                            -D_IDATA_STACK_SIZE=0x40                          #
#                            -D_EXTENDED_STACK_START=0x00                      #
#                            -D_EXTENDED_STACK_SIZE=0x00                       #
#                            -D_PDATA_STACK_SIZE=0x80                          #
#                            -D_XDATA_STACK_SIZE=0x100                         #
#                            -D_XDATA_HEAP_SIZE=0xFF -D_FAR_HEAP_SIZE=0xFFF    #
#                            -D_HUGE_HEAP_SIZE=0xFFF                           #
#                                                                              #
#                           Copyright (C) 1987-2009 IAR Systems AB.            #
################################################################################





                ****************************************
                *                                      *
                *           CROSS REFERENCE            *
                *                                      *
                ****************************************

       Program entry at : CODE      000000E1  Relocatable, from module : CSTARTUP




                ****************************************
                *                                      *
                *            RUNTIME MODEL             *
                *                                      *
                ****************************************

  __calling_convention     = xdata_reentrant
  __code_model             = near
  __core                   = plain
  __data_model             = large
  __dptr_size              = 16
  __extended_stack         = disabled
  __location_for_constants = data
  __number_of_dptrs        = 1
  __rt_version             = 1



                ****************************************
                *                                      *
                *              MODULE MAP              *
                *                                      *
                ****************************************


  DEFINED ABSOLUTE ENTRIES
    *************************************************************************

  DEFINED ABSOLUTE ENTRIES
  PROGRAM MODULE, NAME : ?ABS_ENTRY_MOD

Absolute parts
           ENTRY                   ADDRESS         REF BY
           =====                   =======         ======
           _HUGE_HEAP_SIZE         00000FFF 
           _FAR_HEAP_SIZE          00000FFF 
           _XDATA_HEAP_SIZE        000000FF 
           _XDATA_STACK_SIZE       00000100 
           _PDATA_STACK_SIZE       00000080 
           _EXTENDED_STACK_SIZE    00000000 
           _EXTENDED_STACK_START   00000000 
           _IDATA_STACK_SIZE       00000040 
           _NR_OF_VIRTUAL_REGISTERS
                                   00000008 
           _FAR_CODE_END           00007FFF 
           _FAR_CODE_START         00000000 
           _FAR_DATA_END           00FFFFFF 
           _FAR_DATA_START         00010001 
           _FAR_DATA_NR_OF_BANKS   0000000E 
           ?VB                     00000020        ?FUNC_ENTER_XDATA (?FUNC_ENTER_XDATA)
                                                   ?FUNC_LEAVE_XDATA (?FUNC_LEAVE_XDATA)
                                                   ?INTERRUPT_ENTER_XSP (?INTERRUPT_ENTER_XSP)
                                                   ?INTERRUPT_LEAVE_XSP (?INTERRUPT_LEAVE_XSP)
           _BREG_START             00000000 
           ?PBANK                  00000093 
           ?PBANK_NUMBER           000000F0 
           _REGISTER_BANK_START    00000000 
           ?REGISTER_BANK          00000000        Segment part 6 (CSTARTUP)
           _FIRST_BANK_ADDR        00010000 
           _NEAR_CODE_END          00007FFF 
           _CODE_END               00007FFF 
           _CODE_START             00000000 
           _XDATA_END              0000FDA1 
           _XDATA_START            0000F000 
           _IXDATA_END             0000FDA1 
           _IXDATA_START           0000F000 
           _PDATA_END              0000F0FF 
           _PDATA_START            0000F000 
           _IDATA_END              000000FF 
           _CODEBANK_START         00000000 
           _CODEBANK_END           00000000 
           _NR_OF_BANKS            00000000 
    *************************************************************************

  FILE NAME : C:\CCUSB2\ide\rfusb_cc2511\iar\temp\simple_audio_dongle\clock.r51
    *************************************************************************

  FILE NAME : C:\CCUSB2\ide\rfusb_cc2511\iar\temp\simple_audio_dongle\hal_assert.r51
    *************************************************************************

  FILE NAME : C:\CCUSB2\ide\rfusb_cc2511\iar\temp\simple_audio_dongle\hal_board.r51
    *************************************************************************

  FILE NAME : C:\CCUSB2\ide\rfusb_cc2511\iar\temp\simple_audio_dongle\hal_button.r51
    *************************************************************************

  FILE NAME : C:\CCUSB2\ide\rfusb_cc2511\iar\temp\simple_audio_dongle\hal_int.r51
    *************************************************************************

  FILE NAME : C:\CCUSB2\ide\rfusb_cc2511\iar\temp\simple_audio_dongle\hal_led.r51
    *************************************************************************

  FILE NAME : C:\CCUSB2\ide\rfusb_cc2511\iar\temp\simple_audio_dongle\hal_mcu.r51
    *************************************************************************

  FILE NAME : C:\CCUSB2\ide\rfusb_cc2511\iar\temp\simple_audio_dongle\hal_timer_32k.r51
    *************************************************************************

  FILE NAME : C:\CCUSB2\ide\rfusb_cc2511\iar\temp\simple_audio_dongle\init_peripherals.r51
  PROGRAM MODULE, NAME : init_peripherals

  SEGMENTS IN THE MODULE
  ======================
SFR_AN
  Relative segment, address: DATA 00000080 - 00000080 (0x1 bytes), align: 0
  Segment part 1. ROOT.       Intra module refs:   ListenforMaster
                                                   main
                                                   usbirqHookProcessEvents
           ENTRY                   ADDRESS         REF BY
           =====                   =======         ======
           _A_P0                   00000080 
    -------------------------------------------------------------------------
SFR_AN
  Relative segment, address: DATA 00000088 - 00000088 (0x1 bytes), align: 0
  Segment part 2. ROOT.       Intra module refs:   ListenforMaster
                                                   dma_IRQ
                                                   initRf
                                                   main
                                                   spp_rf_IRQ
           ENTRY                   ADDRESS         REF BY
           =====                   =======         ======
           _A_TCON                 00000088 
    -------------------------------------------------------------------------
SFR_AN
  Relative segment, address: DATA 00000089 - 00000089 (0x1 bytes), align: 0
  Segment part 3. ROOT.       Intra module refs:   usbAudioInit
                                                   usbirqResumeHandler
                                                   usbsuspEnter
           ENTRY                   ADDRESS         REF BY
           =====                   =======         ======
           P0IFG                   00000089 
    -------------------------------------------------------------------------
SFR_AN
  Relative segment, address: DATA 0000008B - 0000008B (0x1 bytes), align: 0
  Segment part 4. ROOT.       Intra module refs:   usbAudioInit
                                                   usbirqHandler
           ENTRY                   ADDRESS         REF BY
           =====                   =======         ======
           P2IFG                   0000008B 
    -------------------------------------------------------------------------
SFR_AN
  Relative segment, address: DATA 0000008C - 0000008C (0x1 bytes), align: 0
  Segment part 5. ROOT.       Intra module refs:   usbAudioInit
           ENTRY                   ADDRESS         REF BY
           =====                   =======         ======
           PICTL                   0000008C 
    -------------------------------------------------------------------------
SFR_AN
  Relative segment, address: DATA 00000090 - 00000090 (0x1 bytes), align: 0
  Segment part 6. ROOT.       Intra module refs:   ListenforMaster
                                                   main
                                                   usbAudioInit
                                                   usbsuspEnter
           ENTRY                   ADDRESS         REF BY
           =====                   =======         ======
           _A_P1                   00000090 
    -------------------------------------------------------------------------
SFR_AN
  Relative segment, address: DATA 00000091 - 00000091 (0x1 bytes), align: 0
  Segment part 7. ROOT.       Intra module refs:   ListenforMaster
                                                   initRf
                                                   main
                                                   spp_rf_IRQ
           ENTRY                   ADDRESS         REF BY
           =====                   =======         ======
           RFIM                    00000091 
    -------------------------------------------------------------------------
SFR_AN
  Relative segment, address: DATA 00000098 - 00000098 (0x1 bytes), align: 0
  Segment part 8. ROOT.       Intra module refs:   ListenforMaster
                                                   dma_IRQ
                                                   initRf
                                                   main
                                                   spp_rf_IRQ
           ENTRY                   ADDRESS         REF BY
           =====                   =======         ======
           _A_S0CON                00000098 
    -------------------------------------------------------------------------
SFR_AN
  Relative segment, address: DATA 0000009A - 0000009A (0x1 bytes), align: 0
  Segment part 9. ROOT.       Intra module refs:   ListenforMaster
                                                   initRf
                                                   main
                                                   usbAudioInit
           ENTRY                   ADDRESS         REF BY
           =====                   =======         ======
           IEN2                    0000009A 
    -------------------------------------------------------------------------
SFR_AN
  Relative segment, address: DATA 0000009B - 0000009B (0x1 bytes), align: 0
  Segment part 10. ROOT.      Intra module refs:   ListenforMaster
                                                   dma_IRQ
                                                   initRf
                                                   main
                                                   spp_rf_IRQ
           ENTRY                   ADDRESS         REF BY
           =====                   =======         ======
           S1CON                   0000009B 
    -------------------------------------------------------------------------
SFR_AN
  Relative segment, address: DATA 0000009C - 0000009C (0x1 bytes), align: 0
  Segment part 11. ROOT.      Intra module refs:   main
           ENTRY                   ADDRESS         REF BY
           =====                   =======         ======
           T2CT                    0000009C 
    -------------------------------------------------------------------------
SFR_AN
  Relative segment, address: DATA 0000009D - 0000009D (0x1 bytes), align: 0
  Segment part 12. ROOT.      Intra module refs:   main
           ENTRY                   ADDRESS         REF BY
           =====                   =======         ======
           T2PR                    0000009D 
    -------------------------------------------------------------------------
SFR_AN
  Relative segment, address: DATA 0000009E - 0000009E (0x1 bytes), align: 0
  Segment part 13. ROOT.      Intra module refs:   main
           ENTRY                   ADDRESS         REF BY
           =====                   =======         ======
           T2CTL                   0000009E 
    -------------------------------------------------------------------------
SFR_AN
  Relative segment, address: DATA 000000A0 - 000000A0 (0x1 bytes), align: 0
  Segment part 14. ROOT.      Intra module refs:   main
           ENTRY                   ADDRESS         REF BY
           =====                   =======         ======
           _A_P2                   000000A0 
    -------------------------------------------------------------------------
SFR_AN
  Relative segment, address: DATA 000000A8 - 000000A8 (0x1 bytes), align: 0
  Segment part 15. ROOT.      Intra module refs:   ListenforMaster
                                                   dma_IRQ
                                                   initRf
                                                   main
                                                   spp_rf_IRQ
                                                   usbAudioInit
           ENTRY                   ADDRESS         REF BY
           =====                   =======         ======
           _A_IEN0                 000000A8 
    -------------------------------------------------------------------------
SFR_AN
  Relative segment, address: DATA 000000B8 - 000000B8 (0x1 bytes), align: 0
  Segment part 16. ROOT.      Intra module refs:   ListenforMaster
                                                   initRf
                                                   main
                                                   usbAudioInit
                                                   usbirqResumeHandler
                                                   usbsuspEnter
           ENTRY                   ADDRESS         REF BY
           =====                   =======         ======
           _A_IEN1                 000000B8 
    -------------------------------------------------------------------------
SFR_AN
  Relative segment, address: DATA 000000BE - 000000BE (0x1 bytes), align: 0
  Segment part 17. ROOT.      Intra module refs:   main
                                                   usbAudioInit
                                                   usbirqHandler
                                                   usbirqResumeHandler
           ENTRY                   ADDRESS         REF BY
           =====                   =======         ======
           SLEEP                   000000BE 
    -------------------------------------------------------------------------
SFR_AN
  Relative segment, address: DATA 000000C0 - 000000C0 (0x1 bytes), align: 0
  Segment part 18. ROOT.      Intra module refs:   ListenforMaster
                                                   dma_IRQ
                                                   initRf
                                                   main
                                                   spp_rf_IRQ
                                                   usbAudioInit
                                                   usbirqResumeHandler
                                                   usbsuspEnter
           ENTRY                   ADDRESS         REF BY
           =====                   =======         ======
           _A_IRCON                000000C0 
    -------------------------------------------------------------------------
SFR_AN
  Relative segment, address: DATA 000000C6 - 000000C6 (0x1 bytes), align: 0
  Segment part 19. ROOT.      Intra module refs:   main
           ENTRY                   ADDRESS         REF BY
           =====                   =======         ======
           CLKCON                  000000C6 
    -------------------------------------------------------------------------
SFR_AN
  Relative segment, address: DATA 000000CA - 000000CA (0x1 bytes), align: 0
  Segment part 20. ROOT.      Intra module refs:   ListenforMaster
           ENTRY                   ADDRESS         REF BY
           =====                   =======         ======
           T3CNT                   000000CA 
    -------------------------------------------------------------------------
SFR_AN
  Relative segment, address: DATA 000000CB - 000000CB (0x1 bytes), align: 0
  Segment part 21. ROOT.      Intra module refs:   ListenforMaster
                                                   main
           ENTRY                   ADDRESS         REF BY
           =====                   =======         ======
           T3CTL                   000000CB 
    -------------------------------------------------------------------------
SFR_AN
  Relative segment, address: DATA 000000CC - 000000CC (0x1 bytes), align: 0
  Segment part 22. ROOT.      Intra module refs:   main
           ENTRY                   ADDRESS         REF BY
           =====                   =======         ======
           T3CCTL0                 000000CC 
    -------------------------------------------------------------------------
SFR_AN
  Relative segment, address: DATA 000000CD - 000000CD (0x1 bytes), align: 0
  Segment part 23. ROOT.      Intra module refs:   ListenforMaster
           ENTRY                   ADDRESS         REF BY
           =====                   =======         ======
           T3CC0                   000000CD 
    -------------------------------------------------------------------------
SFR_AN
  Relative segment, address: DATA 000000CE - 000000CE (0x1 bytes), align: 0
  Segment part 24. ROOT.      Intra module refs:   main
           ENTRY                   ADDRESS         REF BY
           =====                   =======         ======
           T3CCTL1                 000000CE 
    -------------------------------------------------------------------------
SFR_AN
  Relative segment, address: DATA 000000D2 - 000000D2 (0x1 bytes), align: 0
  Segment part 25. ROOT.      Intra module refs:   main
           ENTRY                   ADDRESS         REF BY
           =====                   =======         ======
           DMA1CFGL                000000D2 
    -------------------------------------------------------------------------
SFR_AN
  Relative segment, address: DATA 000000D3 - 000000D3 (0x1 bytes), align: 0
  Segment part 26. ROOT.      Intra module refs:   main
           ENTRY                   ADDRESS         REF BY
           =====                   =======         ======
           DMA1CFGH                000000D3 
    -------------------------------------------------------------------------
SFR_AN
  Relative segment, address: DATA 000000D4 - 000000D4 (0x1 bytes), align: 0
  Segment part 27. ROOT.      Intra module refs:   main
           ENTRY                   ADDRESS         REF BY
           =====                   =======         ======
           DMA0CFGL                000000D4 
    -------------------------------------------------------------------------
SFR_AN
  Relative segment, address: DATA 000000D5 - 000000D5 (0x1 bytes), align: 0
  Segment part 28. ROOT.      Intra module refs:   main
           ENTRY                   ADDRESS         REF BY
           =====                   =======         ======
           DMA0CFGH                000000D5 
    -------------------------------------------------------------------------
SFR_AN
  Relative segment, address: DATA 000000D6 - 000000D6 (0x1 bytes), align: 0
  Segment part 29. ROOT.      Intra module refs:   ListenforMaster
                                                   initRf
                                                   main
                                                   usbirqHookProcessEvents
           ENTRY                   ADDRESS         REF BY
           =====                   =======         ======
           DMAARM                  000000D6 
    -------------------------------------------------------------------------
SFR_AN
  Relative segment, address: DATA 000000D7 - 000000D7 (0x1 bytes), align: 0
  Segment part 30. ROOT.      Intra module refs:   main
                                                   usbirqHookProcessEvents
           ENTRY                   ADDRESS         REF BY
           =====                   =======         ======
           DMAREQ                  000000D7 
    -------------------------------------------------------------------------
SFR_AN
  Relative segment, address: DATA 000000E1 - 000000E1 (0x1 bytes), align: 0
  Segment part 31. ROOT.      Intra module refs:   ListenforMaster
                                                   initRf
                                                   main
           ENTRY                   ADDRESS         REF BY
           =====                   =======         ======
           RFST                    000000E1 
    -------------------------------------------------------------------------
SFR_AN
  Relative segment, address: DATA 000000E8 - 000000E8 (0x1 bytes), align: 0
  Segment part 32. ROOT.      Intra module refs:   ListenforMaster
                                                   dma_IRQ
                                                   initRf
                                                   main
                                                   spp_rf_IRQ
                                                   usbAudioInit
                                                   usbirqHandler
           ENTRY                   ADDRESS         REF BY
           =====                   =======         ======
           _A_IRCON2               000000E8 
    -------------------------------------------------------------------------
SFR_AN
  Relative segment, address: DATA 000000E9 - 000000E9 (0x1 bytes), align: 0
  Segment part 33. ROOT.      Intra module refs:   ListenforMaster
                                                   initRf
                                                   main
                                                   spp_rf_IRQ
           ENTRY                   ADDRESS         REF BY
           =====                   =======         ======
           RFIF                    000000E9 
    -------------------------------------------------------------------------
SFR_AN
  Relative segment, address: DATA 000000F3 - 000000F3 (0x1 bytes), align: 0
  Segment part 34. ROOT.      Intra module refs:   main
           ENTRY                   ADDRESS         REF BY
           =====                   =======         ======
           P0SEL                   000000F3 
    -------------------------------------------------------------------------
SFR_AN
  Relative segment, address: DATA 000000F4 - 000000F4 (0x1 bytes), align: 0
  Segment part 35. ROOT.      Intra module refs:   main
                                                   usbAudioInit
           ENTRY                   ADDRESS         REF BY
           =====                   =======         ======
           P1SEL                   000000F4 
    -------------------------------------------------------------------------
SFR_AN
  Relative segment, address: DATA 000000F5 - 000000F5 (0x1 bytes), align: 0
  Segment part 36. ROOT.      Intra module refs:   main
           ENTRY                   ADDRESS         REF BY
           =====                   =======         ======
           P2SEL                   000000F5 
    -------------------------------------------------------------------------
SFR_AN
  Relative segment, address: DATA 000000FD - 000000FD (0x1 bytes), align: 0
  Segment part 37. ROOT.      Intra module refs:   main
           ENTRY                   ADDRESS         REF BY
           =====                   =======         ======
           P0DIR                   000000FD 
    -------------------------------------------------------------------------
SFR_AN
  Relative segment, address: DATA 000000FE - 000000FE (0x1 bytes), align: 0
  Segment part 38. ROOT.      Intra module refs:   main
                                                   usbAudioInit
           ENTRY                   ADDRESS         REF BY
           =====                   =======         ======
           P1DIR                   000000FE 
    -------------------------------------------------------------------------
SFR_AN
  Relative segment, address: DATA 000000FF - 000000FF (0x1 bytes), align: 0
  Segment part 39. ROOT.      Intra module refs:   main
           ENTRY                   ADDRESS         REF BY
           =====                   =======         ======
           P2DIR                   000000FF 
    -------------------------------------------------------------------------
XDATA_Z
  Relative segment, address: XDATA 0000F100 - 0000F107 (0x8 bytes), align: 0
  Segment part 50.            Intra module refs:   main
                                                   usbirqHookProcessEvents
           ENTRY                   ADDRESS         REF BY
           =====                   =======         ======
           DmaDesc0                0000F100 
    -------------------------------------------------------------------------
XDATA_Z
  Relative segment, address: XDATA 0000F108 - 0000F127 (0x20 bytes), align: 0
  Segment part 51.            Intra module refs:   ?Subroutine1
                                                   initRf
                                                   main
           ENTRY                   ADDRESS         REF BY
           =====                   =======         ======
           DmaDesc1_4              0000F108 
    -------------------------------------------------------------------------
NEAR_CODE
  Relative segment, address: CODE 00000528 - 00000530 (0x9 bytes), align: 0
  Segment part 95.            Intra module refs:   dma_IRQ::??INTVEC 67
           ENTRY                   ADDRESS         REF BY
           =====                   =======         ======
           dma_IRQ                 00000528 
               interrupt function
               ISTACK = 00000000 ( 00000001 )
    -------------------------------------------------------------------------
XDATA_Z
  Relative segment, address: XDATA 0000F128 - 0000F128 (0x1 bytes), align: 0
  Segment part 52.            Intra module refs:   main
           ENTRY                   ADDRESS         REF BY
           =====                   =======         ======
           ActiveChIdx             0000F128 
    -------------------------------------------------------------------------
XDATA_Z
  Relative segment, address: XDATA 0000F129 - 0000F129 (0x1 bytes), align: 0
  Segment part 53.            Intra module refs:   spp_rf_IRQ
           ENTRY                   ADDRESS         REF BY
           =====                   =======         ======
           sfdDetected             0000F129 
    -------------------------------------------------------------------------
NEAR_CODE
  Relative segment, address: CODE 00000531 - 00000584 (0x54 bytes), align: 0
  Segment part 96.            Intra module refs:   spp_rf_IRQ::??INTVEC 131
           ENTRY                   ADDRESS         REF BY
           =====                   =======         ======
           spp_rf_IRQ              00000531 
               interrupt function
               ISTACK = 00000000 ( 00000005 )
    -------------------------------------------------------------------------
XDATA_Z
  Relative segment, address: XDATA 0000F12A - 0000F12A (0x1 bytes), align: 0
  Segment part 54.            Intra module refs:   ListenforMaster
                                                   main
                                                   spp_rf_IRQ
           ENTRY                   ADDRESS         REF BY
           =====                   =======         ======
           rxPacketStatus          0000F12A 
    -------------------------------------------------------------------------
XDATA_Z
  Relative segment, address: XDATA 0000F12B - 0000F12B (0x1 bytes), align: 0
  Segment part 55.            Intra module refs:   ?Subroutine0
           ENTRY                   ADDRESS         REF BY
           =====                   =======         ======
           dmaDone                 0000F12B 
    -------------------------------------------------------------------------
XDATA_Z
  Relative segment, address: XDATA 0000F12C - 0000F1EF (0xc4 bytes), align: 0
  Segment part 56.            Intra module refs:   initRf
                                                   main
           ENTRY                   ADDRESS         REF BY
           =====                   =======         ======
           SLVrxData               0000F12C 
    -------------------------------------------------------------------------
XDATA_Z
  Relative segment, address: XDATA 0000F1F0 - 0000F1F0 (0x1 bytes), align: 0
  Segment part 57.            Intra module refs:   ListenforMaster
           ENTRY                   ADDRESS         REF BY
           =====                   =======         ======
           syncdetected            0000F1F0 
    -------------------------------------------------------------------------
NEAR_CODE
  Relative segment, address: CODE 00000585 - 000006A5 (0x121 bytes), align: 0
  Segment part 97.            Intra module refs:   main
           ENTRY                   ADDRESS         REF BY
           =====                   =======         ======
           initRf                  00000585 
               ISTACK = 00000000 ( 00000002 )
    -------------------------------------------------------------------------
NEAR_CODE
  Relative segment, address: CODE 000006A6 - 00000765 (0xc0 bytes), align: 0
  Segment part 98.            Intra module refs:   main
           ENTRY                   ADDRESS         REF BY
           =====                   =======         ======
           ListenforMaster         000006A6 
               XSTACK = 00000001 ( 00000009 )
    -------------------------------------------------------------------------
XDATA_Z
  Relative segment, address: XDATA 0000F1F1 - 0000F1F2 (0x2 bytes), align: 0
  Segment part 58.            Intra module refs:   T1_ISR
           LOCAL                   ADDRESS         
           =====                   =======         
           fptr                    0000F1F1 
    -------------------------------------------------------------------------
NEAR_CODE
  Relative segment, address: CODE 00000766 - 0000077F (0x1a bytes), align: 0
  Segment part 99.            Intra module refs:   T1_ISR::??INTVEC 75
           ENTRY                   ADDRESS         REF BY
           =====                   =======         ======
           T1_ISR                  00000766 
               interrupt function
               ISTACK = 00000000 ( 0000000F )
    -------------------------------------------------------------------------
NEAR_CODE
  Relative segment, address: CODE 00000780 - 00000784 (0x5 bytes), align: 0
  Segment part 100.           Intra module refs:   T1_ISR
                                                   usbirqResumeHandler
           LOCAL                   ADDRESS         
           =====                   =======         
           ?Subroutine25           00000780 
    -------------------------------------------------------------------------
DATA_Z
  Relative segment, address: DATA 00000012 - 00000016 (0x5 bytes), align: 0
  Segment part 59.            Intra module refs:   usbAudioInit
                                                   usbAudioProcessEvents
                                                   usbirqHandler
                                                   usbirqHookProcessEvents
                                                   usbsuspEnter
           ENTRY                   ADDRESS         REF BY
           =====                   =======         ======
           usbirqData              00000012 
    -------------------------------------------------------------------------
NEAR_CODE
  Relative segment, address: CODE 00000785 - 00000823 (0x9f bytes), align: 0
  Segment part 101.           Intra module refs:   usbirqHandler::??INTVEC 51
           ENTRY                   ADDRESS         REF BY
           =====                   =======         ======
           usbirqHandler           00000785 
               interrupt function
               calls direct
               ISTACK = 00000000 ( 00000010 )
    -------------------------------------------------------------------------
NEAR_CODE
  Relative segment, address: CODE 00000824 - 00000843 (0x20 bytes), align: 0
  Segment part 102.           Intra module refs:   usbirqResumeHandler::??INTVEC 107
           ENTRY                   ADDRESS         REF BY
           =====                   =======         ======
           usbirqResumeHandler     00000824 
               interrupt function
               calls direct
               ISTACK = 00000000 ( 0000000F )
    -------------------------------------------------------------------------
XDATA_Z
  Relative segment, address: XDATA 0000F1F3 - 0000F200 (0xe bytes), align: 0
  Segment part 60.            Intra module refs:   usbsuspEnter
                                                   usbsuspStopPm1
           LOCAL                   ADDRESS         
           =====                   =======         
           usbsuspEnterXdata       0000F1F3 
    -------------------------------------------------------------------------
XDATA_Z
  Relative segment, address: XDATA 0000F201 - 0000F202 (0x2 bytes), align: 0
  Segment part 61.            Intra module refs:   usbsuspEnter
           LOCAL                   ADDRESS         
           =====                   =======         
           pUsbsuspEnterXdata      0000F201 
    -------------------------------------------------------------------------
XDATA_Z
  Relative segment, address: XDATA 0000F203 - 0000F204 (0x2 bytes), align: 0
  Segment part 62.            Intra module refs:   usbsuspEnter
           ENTRY                   ADDRESS         REF BY
           =====                   =======         ======
           pFnSuspendEnterHook     0000F203 
    -------------------------------------------------------------------------
XDATA_Z
  Relative segment, address: XDATA 0000F205 - 0000F206 (0x2 bytes), align: 0
  Segment part 63.            Intra module refs:   usbsuspEnter
           ENTRY                   ADDRESS         REF BY
           =====                   =======         ======
           pFnSuspendExitHook      0000F205 
    -------------------------------------------------------------------------
NEAR_CODE
  Relative segment, address: CODE 00000844 - 000008DE (0x9b bytes), align: 0
  Segment part 103.           Intra module refs:   usbAudioProcessEvents
           ENTRY                   ADDRESS         REF BY
           =====                   =======         ======
           usbsuspEnter            00000844 
               ISTACK = 00000000 ( 00000002 )
    -------------------------------------------------------------------------
XDATA_Z
  Relative segment, address: XDATA 0000F207 - 0000F208 (0x2 bytes), align: 0
  Segment part 64.            Intra module refs:   ?Subroutine16
                                                   ?Subroutine8
                                                   Segment part 114
                                                   usbdpFindNext
           LOCAL                   ADDRESS         
           =====                   =======         
           usbdpData               0000F207 
    -------------------------------------------------------------------------
XDATA_Z
  Relative segment, address: XDATA 0000F209 - 0000F219 (0x11 bytes), align: 0
  Segment part 65.            Intra module refs:   ?Subroutine23
                                                   ChangeFeature
                                                   Segment part 126
                                                   Segment part 128
                                                   Segment part 152
                                                   usbAudioInit
                                                   usbAudioProcessEvents
                                                   usbcrHookProcessIn
                                                   usbcrHookProcessOut
                                                   usbfwSetAllEpStatus
                                                   usbfwSetupHandler
                                                   usbsrGetDescriptor
                                                   usbsrGetStatus
                                                   usbsrSetConfiguration
                                                   usbsrSetInterface
           ENTRY                   ADDRESS         REF BY
           =====                   =======         ======
           usbfwData               0000F209 
    -------------------------------------------------------------------------
XDATA_Z
  Relative segment, address: XDATA 0000F21A - 0000F21E (0x5 bytes), align: 0
  Segment part 66.            Intra module refs:   ?Subroutine13
                                                   ?Subroutine19
                                                   ?Subroutine3
                                                   ?Subroutine4
                                                   ?Subroutine6
                                                   Segment part 153
                                                   usbfwSetupHandler
                                                   usbsrGetDescriptor
                                                   usbsrGetStatus
           ENTRY                   ADDRESS         REF BY
           =====                   =======         ======
           usbSetupData            0000F21A 
    -------------------------------------------------------------------------
XDATA_Z
  Relative segment, address: XDATA 0000F21F - 0000F226 (0x8 bytes), align: 0
  Segment part 67.            Intra module refs:   ChangeFeature
                                                   usbcrHookProcessIn
                                                   usbcrHookProcessOut
                                                   usbfwSetupHandler
                                                   usbsrGetDescriptor
                                                   usbsrGetStatus
                                                   usbsrSetConfiguration
                                                   usbsrSetInterface
           ENTRY                   ADDRESS         REF BY
           =====                   =======         ======
           usbSetupHeader          0000F21F 
    -------------------------------------------------------------------------
DATA_Z
  Relative segment, address: DATA 00000017 - 00000018 (0x2 bytes), align: 0
  Segment part 68.            Intra module refs:   usbAudioProcessEvents
                                                   usbfwSetupHandler
           LOCAL                   ADDRESS         
           =====                   =======         
           ProcessFunc             00000017 
    -------------------------------------------------------------------------
XDATA_Z
  Relative segment, address: XDATA 0000F227 - 0000F228 (0x2 bytes), align: 0
  Segment part 69.            Intra module refs:   usbsrGetStatus
           LOCAL                   ADDRESS         
           =====                   =======         
           usbsrGetStatus::status
                                   0000F227 
    -------------------------------------------------------------------------
XDATA_Z
  Relative segment, address: XDATA 0000F229 - 0000F229 (0x1 bytes), align: 0
  Segment part 70.            Intra module refs:   main
           ENTRY                   ADDRESS         REF BY
           =====                   =======         ======
           freqest                 0000F229 
    -------------------------------------------------------------------------
XDATA_Z
  Relative segment, address: XDATA 0000F22A - 0000F22A (0x1 bytes), align: 0
  Segment part 71.            Intra module refs:   main
                                                   usbirqHookProcessEvents
           ENTRY                   ADDRESS         REF BY
           =====                   =======         ======
           activeOut               0000F22A 
    -------------------------------------------------------------------------
XDATA_Z
  Relative segment, address: XDATA 0000F22B - 0000F2EA (0xc0 bytes), align: 0
  Segment part 72.            Intra module refs:   main
           ENTRY                   ADDRESS         REF BY
           =====                   =======         ======
           audioIn                 0000F22B 
    -------------------------------------------------------------------------
XDATA_Z
  Relative segment, address: XDATA 0000F2EB - 0000F46A (0x180 bytes), align: 0
  Segment part 73.            Intra module refs:   main
           ENTRY                   ADDRESS         REF BY
           =====                   =======         ======
           USB_fifo_all            0000F2EB 
    -------------------------------------------------------------------------
XDATA_Z
  Relative segment, address: XDATA 0000F46B - 0000F76A (0x300 bytes), align: 0
  Segment part 74.            Intra module refs:   main
                                                   usbirqHookProcessEvents
           ENTRY                   ADDRESS         REF BY
           =====                   =======         ======
           audioOut                0000F46B 
    -------------------------------------------------------------------------
XDATA_I
  Relative segment, address: XDATA 0000F778 - 0000F778 (0x1 bytes), align: 0
  Segment part 75.            Intra module refs:   main
           ENTRY                   ADDRESS         REF BY
           =====                   =======         ======
           waitingforbeacon        0000F778 
    -------------------------------------------------------------------------
XDATA_Z
  Relative segment, address: XDATA 0000F76B - 0000F76B (0x1 bytes), align: 0
  Segment part 77.            Intra module refs:   main
           ENTRY                   ADDRESS         REF BY
           =====                   =======         ======
           lostpkts                0000F76B 
    -------------------------------------------------------------------------
XDATA_Z
  Relative segment, address: XDATA 0000F76C - 0000F76C (0x1 bytes), align: 0
  Segment part 78.            Intra module refs:   main
           ENTRY                   ADDRESS         REF BY
           =====                   =======         ======
           clkcon                  0000F76C 
    -------------------------------------------------------------------------
XDATA_Z
  Relative segment, address: XDATA 0000F76D - 0000F76D (0x1 bytes), align: 0
  Segment part 79.            Intra module refs:   ?Subroutine0
                                                   initRf
                                                   main
                                                   spp_rf_IRQ
           ENTRY                   ADDRESS         REF BY
           =====                   =======         ======
           rxStatus                0000F76D 
    -------------------------------------------------------------------------
XDATA_Z
  Relative segment, address: XDATA 0000F76E - 0000F76E (0x1 bytes), align: 0
  Segment part 80.            Intra module refs:   initRf
           ENTRY                   ADDRESS         REF BY
           =====                   =======         ======
           txStatus                0000F76E 
    -------------------------------------------------------------------------
XDATA_I
  Relative segment, address: XDATA 0000F779 - 0000F7D8 (0x60 bytes), align: 0
  Segment part 81.            Intra module refs:   usbirqHookProcessEvents
           ENTRY                   ADDRESS         REF BY
           =====                   =======         ======
           SINE_TABLE              0000F779 
    -------------------------------------------------------------------------
XDATA_Z
  Relative segment, address: XDATA 0000F76F - 0000F771 (0x3 bytes), align: 0
  Segment part 83.            Intra module refs:   ?Subroutine2
                                                   ?Subroutine7
                                                   main
           ENTRY                   ADDRESS         REF BY
           =====                   =======         ======
           audioData               0000F76F 
    -------------------------------------------------------------------------
XDATA_Z
  Relative segment, address: XDATA 0000F772 - 0000F772 (0x1 bytes), align: 0
  Segment part 84.            Intra module refs:   ?Subroutine9
                                                   usbirqHookProcessEvents
           ENTRY                   ADDRESS         REF BY
           =====                   =======         ======
           oldEndpoint             0000F772 
    -------------------------------------------------------------------------
XDATA_Z
  Relative segment, address: XDATA 0000F773 - 0000F773 (0x1 bytes), align: 0
  Segment part 85.            Intra module refs:   ?Subroutine1
                                                   usbirqHookProcessEvents
           ENTRY                   ADDRESS         REF BY
           =====                   =======         ======
           null                    0000F773 
    -------------------------------------------------------------------------
XDATA_Z
  Relative segment, address: XDATA 0000F774 - 0000F774 (0x1 bytes), align: 0
  Segment part 86.            Intra module refs:   usbirqHookProcessEvents
           ENTRY                   ADDRESS         REF BY
           =====                   =======         ======
           failed_to_send          0000F774 
    -------------------------------------------------------------------------
XDATA_Z
  Relative segment, address: XDATA 0000F775 - 0000F775 (0x1 bytes), align: 0
  Segment part 87.            Intra module refs:   usbirqHookProcessEvents
           ENTRY                   ADDRESS         REF BY
           =====                   =======         ======
           whichbuffer             0000F775 
    -------------------------------------------------------------------------
NEAR_CODE
  Relative segment, address: CODE 000008DF - 000008E7 (0x9 bytes), align: 0
  Segment part 104.           Intra module refs:   usbvrHookProcessIn
                                                   usbvrHookProcessOut
           LOCAL                   ADDRESS         
           =====                   =======         
           ?Subroutine23           000008DF 
    -------------------------------------------------------------------------
NEAR_CODE
  Relative segment, address: CODE 000008E8 - 000008E8 (0x1 bytes), align: 0
  Segment part 105.           Intra module refs:   ?Subroutine23
                                                   usbAudioProcessEvents
                                                   usbsuspStopPm1
    -------------------------------------------------------------------------
NEAR_CODE
  Relative segment, address: CODE 000008E9 - 000008ED (0x5 bytes), align: 0
  Segment part 106.           Intra module refs:   Segment part 105
                                                   initRf
                                                   usbAudioInit
                                                   usbcrHookProcessIn
                                                   usbcrHookProcessOut
                                                   usbdpFindNext
                                                   usbirqHookProcessEvents
                                                   usbsuspEnter
    -------------------------------------------------------------------------
NEAR_CODE
  Relative segment, address: CODE 000008EE - 000008F1 (0x4 bytes), align: 0
  Segment part 107.           Intra module refs:   T1_ISR
                                                   usbsuspEnter
           LOCAL                   ADDRESS         
           =====                   =======         
           ?Subroutine11           000008EE 
    -------------------------------------------------------------------------
NEAR_CODE
  Relative segment, address: CODE 000008F2 - 000008FA (0x9 bytes), align: 0
  Segment part 108.           Intra module refs:   ?Subroutine10
                                                   ?Subroutine11
           LOCAL                   ADDRESS         
           =====                   =======         
           ?Subroutine22           000008F2 
    -------------------------------------------------------------------------
NEAR_CODE
  Relative segment, address: CODE 000008FB - 00000910 (0x16 bytes), align: 0
  Segment part 109.           Intra module refs:   usbirqResumeHandler
           ENTRY                   ADDRESS         REF BY
           =====                   =======         ======
           usbsuspStopPm1          000008FB 
               ISTACK = 00000000 ( 00000002 )
    -------------------------------------------------------------------------
NEAR_CODE
  Relative segment, address: CODE 00000911 - 00000953 (0x43 bytes), align: 0
  Segment part 110.           Intra module refs:   ConfigureEndpoints
                                                   usbdpGetConfigurationDesc
                                                   usbsrGetDescriptor
                                                   usbsrSetConfiguration
                                                   usbsrSetInterface
           ENTRY                   ADDRESS         REF BY
           =====                   =======         ======
           usbdpFindNext           00000911 
               XSTACK = 00000011 ( 00000000 )
               ISTACK = 00000000 ( 00000002 )
    -------------------------------------------------------------------------
NEAR_CODE
  Relative segment, address: CODE 00000954 - 0000095F (0xc bytes), align: 0
  Segment part 111.           Intra module refs:   usbdpFindNext
           LOCAL                   ADDRESS         
           =====                   =======         
           ?Subroutine16           00000954 
    -------------------------------------------------------------------------
NEAR_CODE
  Relative segment, address: CODE 00000960 - 00000999 (0x3a bytes), align: 0
  Segment part 112.           Intra module refs:   usbAudioInit
                                                   usbsrGetDescriptor
                                                   usbsrSetConfiguration
                                                   usbsrSetInterface
           ENTRY                   ADDRESS         REF BY
           =====                   =======         ======
           usbdpGetConfigurationDesc
                                   00000960 
               calls direct
               XSTACK = 0000000B ( 00000009 )
    -------------------------------------------------------------------------
NEAR_CODE
  Relative segment, address: CODE 0000099A - 000009AA (0x11 bytes), align: 0
  Segment part 113.           Intra module refs:   usbdpFindNext
           LOCAL                   ADDRESS         
           =====                   =======         
           ?Subroutine8            0000099A 
    -------------------------------------------------------------------------
NEAR_CODE
  Relative segment, address: CODE 000009AB - 000009AE (0x4 bytes), align: 0
  Segment part 114.           Intra module refs:   ?Subroutine8
                                                   usbdpGetConfigurationDesc
                                                   usbsrGetDescriptor
    -------------------------------------------------------------------------
NEAR_CODE
  Relative segment, address: CODE 000009AF - 000009B4 (0x6 bytes), align: 0
  Segment part 115.           Intra module refs:   Segment part 114
                                                   usbsrGetDescriptor
    -------------------------------------------------------------------------
NEAR_CODE
  Relative segment, address: CODE 000009B5 - 00000CB7 (0x303 bytes), align: 0
  Segment part 116.           Intra module refs:   usbAudioProcessEvents
           ENTRY                   ADDRESS         REF BY
           =====                   =======         ======
           usbfwSetupHandler       000009B5 
               calls direct
               XSTACK = 00000000 ( 0000000E )
    -------------------------------------------------------------------------
NEAR_CODE
  Relative segment, address: CODE 00000CB8 - 00000CC2 (0xb bytes), align: 0
  Segment part 117.           Intra module refs:   usbfwSetupHandler
           LOCAL                   ADDRESS         
           =====                   =======         
           ?Subroutine15           00000CB8 
    -------------------------------------------------------------------------
NEAR_CODE
  Relative segment, address: CODE 00000CC3 - 00000CC8 (0x6 bytes), align: 0
  Segment part 118.           Intra module refs:   usbfwSetupHandler
           LOCAL                   ADDRESS         
           =====                   =======         
           ?Subroutine13           00000CC3 
    -------------------------------------------------------------------------
NEAR_CODE
  Relative segment, address: CODE 00000CC9 - 00000CCE (0x6 bytes), align: 0
  Segment part 119.           Intra module refs:   ?Subroutine13
                                                   usbdpFindNext
    -------------------------------------------------------------------------
NEAR_CODE
  Relative segment, address: CODE 00000CCF - 00000CE2 (0x14 bytes), align: 0
  Segment part 120.           Intra module refs:   usbfwSetupHandler
           LOCAL                   ADDRESS         
           =====                   =======         
           ?Subroutine6            00000CCF 
    -------------------------------------------------------------------------
NEAR_CODE
  Relative segment, address: CODE 00000CE3 - 00000D1A (0x38 bytes), align: 0
  Segment part 121.           Intra module refs:   usbAudioProcessEvents
                                                   usbsrSetConfiguration
           ENTRY                   ADDRESS         REF BY
           =====                   =======         ======
           usbfwSetAllEpStatus     00000CE3 
               XSTACK = 0000000B ( 00000009 )
               ISTACK = 00000000 ( 00000001 )
    -------------------------------------------------------------------------
NEAR_CODE
  Relative segment, address: CODE 00000D1B - 00000D54 (0x3a bytes), align: 0
  Segment part 122.           Intra module refs:   usbfwSetupHandler
           ENTRY                   ADDRESS         REF BY
           =====                   =======         ======
           usbfwReadFifo           00000D1B 
               XSTACK = 0000000E ( 0000000A )
               ISTACK = 00000000 ( 00000001 )
    -------------------------------------------------------------------------
NEAR_CODE
  Relative segment, address: CODE 00000D55 - 00000E27 (0xd3 bytes), align: 0
  Segment part 123.           Intra module refs:   usbfwSetupHandler
           ENTRY                   ADDRESS         REF BY
           =====                   =======         ======
           usbsrGetStatus          00000D55 
               XSTACK = 0000000B ( 00000009 )
    -------------------------------------------------------------------------
NEAR_CODE
  Relative segment, address: CODE 00000E28 - 00000E2C (0x5 bytes), align: 0
  Segment part 124.           Intra module refs:   ChangeFeature
                                                   ListenforMaster
                                                   usbdpGetConfigurationDesc
                                                   usbfwSetAllEpStatus
                                                   usbsrGetStatus
                                                   usbsrSetInterface
           LOCAL                   ADDRESS         
           =====                   =======         
           ?Subroutine24           00000E28 
    -------------------------------------------------------------------------
NEAR_CODE
  Relative segment, address: CODE 00000E2D - 00000E2E (0x2 bytes), align: 0
  Segment part 125.           Intra module refs:   ChangeFeature
                                                   usbsrGetStatus
           LOCAL                   ADDRESS         
           =====                   =======         
           ?Subroutine18           00000E2D 
    -------------------------------------------------------------------------
NEAR_CODE
  Relative segment, address: CODE 00000E2F - 00000E36 (0x8 bytes), align: 0
  Segment part 126.           Intra module refs:   ?Subroutine18
                                                   ConfigureEndpoints
    -------------------------------------------------------------------------
NEAR_CODE
  Relative segment, address: CODE 00000E37 - 00000E38 (0x2 bytes), align: 0
  Segment part 127.           Intra module refs:   ChangeFeature
                                                   usbsrGetStatus
           LOCAL                   ADDRESS         
           =====                   =======         
           ?Subroutine17           00000E37 
    -------------------------------------------------------------------------
NEAR_CODE
  Relative segment, address: CODE 00000E39 - 00000E40 (0x8 bytes), align: 0
  Segment part 128.           Intra module refs:   ?Subroutine17
                                                   ConfigureEndpoints
    -------------------------------------------------------------------------
NEAR_CODE
  Relative segment, address: CODE 00000E41 - 00000EF5 (0xb5 bytes), align: 0
  Segment part 129.           Intra module refs:   usbfwSetupHandler
           LOCAL                   ADDRESS         
           =====                   =======         
           ChangeFeature           00000E41 
               XSTACK = 0000000B ( 00000009 )
               ISTACK = 00000000 ( 00000001 )
    -------------------------------------------------------------------------
NEAR_CODE
  Relative segment, address: CODE 00000EF6 - 000010CF (0x1da bytes), align: 0
  Segment part 130.           Intra module refs:   usbfwSetupHandler
           ENTRY                   ADDRESS         REF BY
           =====                   =======         ======
           usbsrGetDescriptor      00000EF6 
               calls direct
               XSTACK = 0000000B ( 0000000B )
               ISTACK = 00000000 ( 00000002 )
    -------------------------------------------------------------------------
NEAR_CODE
  Relative segment, address: CODE 000010D0 - 000010D5 (0x6 bytes), align: 0
  Segment part 131.           Intra module refs:   usbdpFindNext
                                                   usbsrGetDescriptor
           LOCAL                   ADDRESS         
           =====                   =======         
           ?Subroutine14           000010D0 
    -------------------------------------------------------------------------
NEAR_CODE
  Relative segment, address: CODE 000010D6 - 000010DA (0x5 bytes), align: 0
  Segment part 132.           Intra module refs:   usbsrGetDescriptor
           LOCAL                   ADDRESS         
           =====                   =======         
           ?Subroutine12           000010D6 
    -------------------------------------------------------------------------
NEAR_CODE
  Relative segment, address: CODE 000010DB - 000010EA (0x10 bytes), align: 0
  Segment part 133.           Intra module refs:   ?Subroutine12
                                                   usbsrGetDescriptor
           LOCAL                   ADDRESS         
           =====                   =======         
           ?Subroutine21           000010DB 
    -------------------------------------------------------------------------
NEAR_CODE
  Relative segment, address: CODE 000010EB - 00001100 (0x16 bytes), align: 0
  Segment part 134.           Intra module refs:   usbsrGetDescriptor
           LOCAL                   ADDRESS         
           =====                   =======         
           ?Subroutine3            000010EB 
    -------------------------------------------------------------------------
NEAR_CODE
  Relative segment, address: CODE 00001101 - 00001248 (0x148 bytes), align: 0
  Segment part 135.           Intra module refs:   usbsrSetConfiguration
                                                   usbsrSetInterface
           LOCAL                   ADDRESS         
           =====                   =======         
           ConfigureEndpoints      00001101 
               calls direct
               XSTACK = 0000000B ( 00000011 )
               ISTACK = 00000000 ( 00000001 )
    -------------------------------------------------------------------------
NEAR_CODE
  Relative segment, address: CODE 00001249 - 00001258 (0x10 bytes), align: 0
  Segment part 136.           Intra module refs:   ConfigureEndpoints
           LOCAL                   ADDRESS         
           =====                   =======         
           ?Subroutine10           00001249 
    -------------------------------------------------------------------------
NEAR_CODE
  Relative segment, address: CODE 00001259 - 00001267 (0xf bytes), align: 0
  Segment part 137.           Intra module refs:   ConfigureEndpoints
           LOCAL                   ADDRESS         
           =====                   =======         
           ?Subroutine5            00001259 
    -------------------------------------------------------------------------
NEAR_CODE
  Relative segment, address: CODE 00001268 - 0000130E (0xa7 bytes), align: 0
  Segment part 138.           Intra module refs:   usbfwSetupHandler
           ENTRY                   ADDRESS         REF BY
           =====                   =======         ======
           usbsrSetConfiguration   00001268 
               calls direct
               XSTACK = 0000000B ( 0000000B )
               ISTACK = 00000000 ( 00000001 )
    -------------------------------------------------------------------------
NEAR_CODE
  Relative segment, address: CODE 0000130F - 00001313 (0x5 bytes), align: 0
  Segment part 139.           Intra module refs:   usbfwSetupHandler
                                                   usbsrGetDescriptor
                                                   usbsrSetConfiguration
           LOCAL                   ADDRESS         
           =====                   =======         
           ?Subroutine26           0000130F 
    -------------------------------------------------------------------------
NEAR_CODE
  Relative segment, address: CODE 00001314 - 00001391 (0x7e bytes), align: 0
  Segment part 140.           Intra module refs:   usbfwSetupHandler
           ENTRY                   ADDRESS         REF BY
           =====                   =======         ======
           usbsrSetInterface       00001314 
               calls direct
               XSTACK = 0000000B ( 00000009 )
               ISTACK = 00000000 ( 00000001 )
    -------------------------------------------------------------------------
NEAR_CODE
  Relative segment, address: CODE 00001392 - 000016E7 (0x356 bytes), align: 0
  Segment part 141.
           ENTRY                   ADDRESS         REF BY
           =====                   =======         ======
           main                    00001392        ?call_main (?cmain)
               calls direct
               XSTACK = 00000000 ( 00000001 )
               ISTACK = 00000000 ( 00000001 )
    -------------------------------------------------------------------------
NEAR_CODE
  Relative segment, address: CODE 000016E8 - 00001701 (0x1a bytes), align: 0
  Segment part 142.           Intra module refs:   main
           LOCAL                   ADDRESS         
           =====                   =======         
           ?Subroutine1            000016E8 
    -------------------------------------------------------------------------
NEAR_CODE
  Relative segment, address: CODE 00001702 - 00001720 (0x1f bytes), align: 0
  Segment part 143.           Intra module refs:   ListenforMaster
                                                   main
           LOCAL                   ADDRESS         
           =====                   =======         
           ?Subroutine0            00001702 
    -------------------------------------------------------------------------
NEAR_CODE
  Relative segment, address: CODE 00001721 - 00001788 (0x68 bytes), align: 0
  Segment part 144.           Intra module refs:   main
           ENTRY                   ADDRESS         REF BY
           =====                   =======         ======
           usbAudioInit            00001721 
               calls direct
               ISTACK = 00000000 ( 00000002 )
    -------------------------------------------------------------------------
NEAR_CODE
  Relative segment, address: CODE 00001789 - 0000180C (0x84 bytes), align: 0
  Segment part 145.           Intra module refs:   main
           ENTRY                   ADDRESS         REF BY
           =====                   =======         ======
           usbAudioProcessEvents   00001789 
               calls direct
               ISTACK = 00000000 ( 00000002 )
    -------------------------------------------------------------------------
NEAR_CODE
  Relative segment, address: CODE 0000180D - 00001880 (0x74 bytes), align: 0
  Segment part 146.           Intra module refs:   usbfwSetupHandler
           ENTRY                   ADDRESS         REF BY
           =====                   =======         ======
           usbcrHookProcessOut     0000180D 
               is indirectly called
               XSTACK = 0000000B ( 00000000 )
               ISTACK = 00000000 ( 00000002 )
    -------------------------------------------------------------------------
NEAR_CODE
  Relative segment, address: CODE 00001881 - 0000188A (0xa bytes), align: 0
  Segment part 147.           Intra module refs:   usbcrHookProcessIn
                                                   usbcrHookProcessOut
                                                   usbsrGetStatus
           LOCAL                   ADDRESS         
           =====                   =======         
           ?Subroutine4            00001881 
    -------------------------------------------------------------------------
NEAR_CODE
  Relative segment, address: CODE 0000188B - 000019C1 (0x137 bytes), align: 0
  Segment part 148.           Intra module refs:   usbfwSetupHandler
           ENTRY                   ADDRESS         REF BY
           =====                   =======         ======
           usbcrHookProcessIn      0000188B 
               is indirectly called
               XSTACK = 0000000B ( 00000000 )
               ISTACK = 00000000 ( 00000002 )
    -------------------------------------------------------------------------
NEAR_CODE
  Relative segment, address: CODE 000019C2 - 000019CB (0xa bytes), align: 0
  Segment part 149.           Intra module refs:   usbcrHookProcessIn
[...]
                                                   usbirqHandler (init_peripherals)
                                                   usbsrGetDescriptor (init_peripherals)
    -------------------------------------------------------------------------
RCODE
  Relative segment, address: CODE 00000296 - 000002A1 (0xc bytes), align: 0
  Segment part 2.             Intra module refs:   ?US_SHR

    -------------------------------------------------------------------------
  LIBRARY MODULE, NAME : ?S_SHL

  SEGMENTS IN THE MODULE
  ======================
RCODE
  Relative segment, address: CODE 000002A2 - 000002A4 (0x3 bytes), align: 0
  Segment part 0.
           ENTRY                   ADDRESS         REF BY
           =====                   =======         ======
           ?S_SHL                  000002A2        ConfigureEndpoints (init_peripherals)
                                                   ListenforMaster (init_peripherals)
                                                   usbirqHandler (init_peripherals)
                                                   usbsrGetDescriptor (init_peripherals)
    -------------------------------------------------------------------------
RCODE
  Relative segment, address: CODE 000002A5 - 000002A7 (0x3 bytes), align: 0
  Segment part 1.             Intra module refs:   Segment part 2
           ENTRY                   ADDRESS         REF BY
           =====                   =======         ======
           ?S_SHL_REW              000002A5 
    -------------------------------------------------------------------------
RCODE
  Relative segment, address: CODE 000002A8 - 000002B4 (0xd bytes), align: 0
  Segment part 2.             Intra module refs:   ?S_SHL
                                                   ?S_SHL_REW

    -------------------------------------------------------------------------
  LIBRARY MODULE, NAME : ?ALLOC_XSTACK8

  SEGMENTS IN THE MODULE
  ======================
RCODE
  Relative segment, address: CODE 000002B5 - 000002CA (0x16 bytes), align: 0
  Segment part 0.
           ENTRY                   ADDRESS         REF BY
           =====                   =======         ======
           ?ALLOC_XSTACK8          000002B5        ConfigureEndpoints (init_peripherals)

    -------------------------------------------------------------------------
  LIBRARY MODULE, NAME : ?DEALLOC_XSTACK8

  SEGMENTS IN THE MODULE
  ======================
RCODE
  Relative segment, address: CODE 000002CB - 000002E4 (0x1a bytes), align: 0
  Segment part 0.
           ENTRY                   ADDRESS         REF BY
           =====                   =======         ======
           ?DEALLOC_XSTACK8        000002CB        ConfigureEndpoints (init_peripherals)
                                                   main (init_peripherals)
                                                   usbfwSetupHandler (init_peripherals)

    -------------------------------------------------------------------------
  LIBRARY MODULE, NAME : ?ADD_XSTACK_DISP8

  SEGMENTS IN THE MODULE
  ======================
RCODE
  Relative segment, address: CODE 000002E5 - 000002FF (0x1b bytes), align: 0
  Segment part 1.
           ENTRY                   ADDRESS         REF BY
           =====                   =======         ======
           ?ADD_XSTACK_DISP0_8     000002E5        ?PUSH_XSTACK_I (?PUSH_XSTACK_I)

    -------------------------------------------------------------------------
  LIBRARY MODULE, NAME : ?XSTACK_DISP8

  SEGMENTS IN THE MODULE
  ======================
RCODE
  Relative segment, address: CODE 00000300 - 00000309 (0xa bytes), align: 0
  Segment part 1.
           ENTRY                   ADDRESS         REF BY
           =====                   =======         ======
           ?XSTACK_DISP0_8         00000300        ListenforMaster (init_peripherals)
                                                   usbfwReadFifo (init_peripherals)

    -------------------------------------------------------------------------
  LIBRARY MODULE, NAME : ?CALL_IND

  SEGMENTS IN THE MODULE
  ======================
RCODE
  Relative segment, address: CODE 0000030A - 0000030B (0x2 bytes), align: 0
  Segment part 0.
           ENTRY                   ADDRESS         REF BY
           =====                   =======         ======
           ?CALL_IND               0000030A        T1_ISR (init_peripherals)
                                                   usbfwSetupHandler (init_peripherals)
                                                   usbsuspEnter (init_peripherals)

    -------------------------------------------------------------------------
  LIBRARY MODULE, NAME : ?FUNC_ENTER_XDATA

  SEGMENTS IN THE MODULE
  ======================
RCODE
  Relative segment, address: CODE 0000030C - 0000036B (0x60 bytes), align: 0
  Segment part 1.
           ENTRY                   ADDRESS         REF BY
           =====                   =======         ======
           ?FUNC_ENTER_XDATA       0000030C        ChangeFeature (init_peripherals)
                                                   ConfigureEndpoints (init_peripherals)
                                                   ListenforMaster (init_peripherals)
                                                   usbdpGetConfigurationDesc (init_peripherals)
                                                   usbfwReadFifo (init_peripherals)
                                                   usbfwSetAllEpStatus (init_peripherals)
                                                   usbfwSetupHandler (init_peripherals)
                                                   usbsrGetDescriptor (init_peripherals)
                                                   usbsrGetStatus (init_peripherals)
                                                   usbsrSetConfiguration (init_peripherals)
                                                   usbsrSetInterface (init_peripherals)

    -------------------------------------------------------------------------
  LIBRARY MODULE, NAME : ?FUNC_LEAVE_XDATA

  SEGMENTS IN THE MODULE
  ======================
RCODE
  Relative segment, address: CODE 0000036C - 000003A3 (0x38 bytes), align: 0
  Segment part 1.
           ENTRY                   ADDRESS         REF BY
           =====                   =======         ======
           ?FUNC_LEAVE_XDATA       0000036C        ?Subroutine24 (init_peripherals)
                                                   ?Subroutine26 (init_peripherals)
                                                   ConfigureEndpoints (init_peripherals)
                                                   usbfwReadFifo (init_peripherals)

    -------------------------------------------------------------------------
  LIBRARY MODULE, NAME : ?INTERRUPT_ENTER_XSP

  SEGMENTS IN THE MODULE
  ======================
RCODE
  Relative segment, address: CODE 000003A4 - 00000402 (0x5f bytes), align: 0
  Segment part 1.
           ENTRY                   ADDRESS         REF BY
           =====                   =======         ======
           ?INTERRUPT_ENTER_XSP    000003A4        T1_ISR (init_peripherals)
                                                   usbirqHandler (init_peripherals)
                                                   usbirqResumeHandler (init_peripherals)

    -------------------------------------------------------------------------
  LIBRARY MODULE, NAME : ?INTERRUPT_LEAVE_XSP

  SEGMENTS IN THE MODULE
  ======================
RCODE
  Relative segment, address: CODE 00000403 - 00000452 (0x50 bytes), align: 0
  Segment part 1.
           ENTRY                   ADDRESS         REF BY
           =====                   =======         ======
           ?INTERRUPT_LEAVE_XSP    00000403        ?Subroutine25 (init_peripherals)
                                                   usbirqHandler (init_peripherals)

    -------------------------------------------------------------------------
  LIBRARY MODULE, NAME : ?PUSH_XSTACK_I

  SEGMENTS IN THE MODULE
  ======================
RCODE
  Relative segment, address: CODE 00000453 - 00000456 (0x4 bytes), align: 0
  Segment part 1.
           ENTRY                   ADDRESS         REF BY
           =====                   =======         ======
           ?PUSH_XSTACK_I_THREE    00000453        usbfwSetupHandler (init_peripherals)
    -------------------------------------------------------------------------
RCODE
  Relative segment, address: CODE 00000457 - 00000458 (0x2 bytes), align: 0
  Segment part 3.
           ENTRY                   ADDRESS         REF BY
           =====                   =======         ======
           ?PUSH_XSTACK_I_ONE      00000457        main (init_peripherals)
    -------------------------------------------------------------------------
RCODE
  Relative segment, address: CODE 00000459 - 00000465 (0xd bytes), align: 0
  Segment part 4.             Intra module refs:   ?PUSH_XSTACK_I_ONE
                                                   ?PUSH_XSTACK_I_THREE
           ENTRY                   ADDRESS         REF BY
           =====                   =======         ======
           ?PUSH_XSTACK_I          00000459 

    -------------------------------------------------------------------------
  LIBRARY MODULE, NAME : ?PUSH_XSTACK8_X

  SEGMENTS IN THE MODULE
  ======================
RCODE
  Relative segment, address: CODE 00000466 - 00000469 (0x4 bytes), align: 0
  Segment part 2.
           ENTRY                   ADDRESS         REF BY
           =====                   =======         ======
           ?PUSH_XSTACK8_X_THREE   00000466        usbfwSetupHandler (init_peripherals)
    -------------------------------------------------------------------------
RCODE
  Relative segment, address: CODE 0000046A - 00000492 (0x29 bytes), align: 0
  Segment part 5.             Intra module refs:   ?PUSH_XSTACK8_X_THREE
           ENTRY                   ADDRESS         REF BY
           =====                   =======         ======
           ?PUSH_XSTACK8_X         0000046A 

    -------------------------------------------------------------------------
  LIBRARY MODULE, NAME : ?UC_SWITCH_DENSE

  SEGMENTS IN THE MODULE
  ======================
RCODE
  Relative segment, address: CODE 00000493 - 00000498 (0x6 bytes), align: 0
  Segment part 0.
           ENTRY                   ADDRESS         REF BY
           =====                   =======         ======
           ?UC_SWITCH_DENSE        00000493        ChangeFeature (init_peripherals)
                                                   usbcrHookProcessIn (init_peripherals)
                                                   usbirqHookProcessEvents (init_peripherals)
                                                   usbsrGetDescriptor (init_peripherals)
                                                   usbsrGetStatus (init_peripherals)
    -------------------------------------------------------------------------
RCODE
  Relative segment, address: CODE 00000499 - 000004C7 (0x2f bytes), align: 0
  Segment part 2.             Intra module refs:   ?UC_SWITCH_DENSE
    -------------------------------------------------------------------------
RCODE
  Relative segment, address: CODE 000004C8 - 000004C8 (0x1 bytes), align: 0
  Segment part 4.             Intra module refs:   ?UC_SWITCH_DENSE

    -------------------------------------------------------------------------
  LIBRARY MODULE, NAME : ?UC_SWITCH_SPARSE

  SEGMENTS IN THE MODULE
  ======================
RCODE
  Relative segment, address: CODE 000004C9 - 000004CF (0x7 bytes), align: 0
  Segment part 0.
           ENTRY                   ADDRESS         REF BY
           =====                   =======         ======
           ?UC_SWITCH_SPARSE       000004C9        usbfwSetupHandler (init_peripherals)
    -------------------------------------------------------------------------
RCODE
  Relative segment, address: CODE 000004D0 - 000004F1 (0x22 bytes), align: 0
  Segment part 2.             Intra module refs:   ?UC_SWITCH_SPARSE
           ENTRY                   ADDRESS         REF BY
           =====                   =======         ======
           ?UC_SWITCH_SPARSE_LEAVE
                                   000004E6        ?UC_JMP_IF_IN_RANGE (?UC_JMP_IF_IN_RANGE)
                                                   ?UC_JMP_IF_VALUE (?UC_JMP_IF_VALUE)
    -------------------------------------------------------------------------
RCODE
  Relative segment, address: CODE 000004F2 - 000004F2 (0x1 bytes), align: 0
  Segment part 4.             Intra module refs:   ?UC_SWITCH_SPARSE

    -------------------------------------------------------------------------
  LIBRARY MODULE, NAME : ?UC_JMP_IF_IN_RANGE

  SEGMENTS IN THE MODULE
  ======================
RCODE
  Relative segment, address: CODE 000004F3 - 00000511 (0x1f bytes), align: 0
  Segment part 0.
           ENTRY                   ADDRESS         REF BY
           =====                   =======         ======
           ?UC_JMP_IF_IN_RANGE     000004F3        ?UC_SWITCH_SPARSE_LEAVE (?UC_SWITCH_SPARSE)

    -------------------------------------------------------------------------
  LIBRARY MODULE, NAME : ?UC_JMP_IF_VALUE

  SEGMENTS IN THE MODULE
  ======================
RCODE
  Relative segment, address: CODE 00000512 - 00000527 (0x16 bytes), align: 0
  Segment part 0.
           ENTRY                   ADDRESS         REF BY
           =====                   =======         ======
           ?UC_JMP_IF_VALUE        00000512        ?UC_SWITCH_SPARSE_LEAVE (?UC_SWITCH_SPARSE)

    -------------------------------------------------------------------------
  LIBRARY MODULE, NAME : ?low_level_init

  SEGMENTS IN THE MODULE
  ======================
CSTART
  Relative segment, address: CODE 000000F0 - 000000F2 (0x3 bytes), align: 0
  Segment part 6. ROOT.
           ENTRY                   ADDRESS         REF BY
           =====                   =======         ======
           __low_level_init        000000F0        __low_level_init_call (?cmain)




                ****************************************
                *                                      *
                *            MODULE SUMMARY            *
                *                                      *
                ****************************************

Module                    CODE      DATA      XDATA  IDATA    BIT
------                    ----      ----      -----  -----    ---
                         (Rel)  (Rel)  (Abs)  (Rel)  (Rel)  (Rel)
?ADD_XSTACK_DISP8           27
?ALLOC_XSTACK8              22
?CALL_IND                    2
?C_GPTR_LOAD                26
?C_GPTR_STORE               22
?DEALLOC_XSTACK8            26
?FUNC_ENTER_XDATA           96
?FUNC_LEAVE_XDATA           56
?INTERRUPT_ENTER_XSP        95
?INTERRUPT_LEAVE_XSP        80
?MOVE_LONG8_XDATA_IDATA     13
?MOVE_LONG8_XDATA_XDATA     33
?PUSH_XSTACK8_X             45
?PUSH_XSTACK_I              19
?S_SHL                      19
?UC_JMP_IF_IN_RANGE         31
?UC_JMP_IF_VALUE            22
?UC_SWITCH_DENSE            54
?UC_SWITCH_SPARSE           42
?US_SHR                     15
?XSTACK_DISP8               10
?cexit                       5
?cmain                      86
?low_level_init              3
CSTARTUP                    15
  + common                   3
VIRTUAL_REGISTERS                   2                           8
init_peripherals         5 772      7     39  1 769
  + common                 134
usb_descriptor             209
N/A (command line)                 16           256     64
N/A (alignment)
----------               -----     --     --  -----     --      -
Total:                   6 845     25     39  2 025     64      8
  + common                 134


                ****************************************
                *                                      *
                *      SEGMENTS IN ADDRESS ORDER       *
                *                                      *
                ****************************************


SEGMENT              SPACE    START ADDRESS   END ADDRESS     SIZE  TYPE  ALIGN
=======              =====    =============   ===========     ====  ====  =====
INTVEC               CODE          00000000 - 00000085          86   com    0
CSTART               CODE          00000086 - 000000F2          6D   rel    0
DATA_ID              CODE               000000F3                     dse    0
BDATA_ID             CODE               000000F3                     dse    0
BIT_ID               CODE               000000F3                     dse    0
IDATA_ID             CODE               000000F3                     dse    0
PDATA_ID             CODE               000000F3                     dse    0
IXDATA_ID            CODE               000000F3                     dse    0
XDATA_ID             CODE          000000F3 - 00000163          71   rel    0
BANK_RELAYS          CODE               00000164                     dse    0
RCODE                CODE          00000164 - 00000527         3C4   rel    0
DIFUNCT              CODE               00000528                     dse    0
CODE_C               CODE               00000528                     dse    0
CODE_N               CODE               00000528                     dse    0
NEAR_CODE            CODE          00000528 - 00001B42        161B   rel    0
REGISTERS            DATA          00000000 - 00000007           8   rel    0
VREG                 DATA          00000008 - 0000000F           8   rel    0
PSP                  DATA               00000010                     dse    0
XSP                  DATA          00000010 - 00000011           2   rel    0
DATA_I               DATA               00000012                     dse    0
DATA_Z               DATA          00000012 - 00000018           7   rel    0
BREG                 BIT        00000020.0  -  00000020.7        8   rel    0
SFR_AN               DATA          00000080 - 00000080           1   rel    0
                     DATA          00000088 - 00000089           2 
                     DATA          0000008B - 0000008C           2 
                     DATA          00000090 - 00000091           2 
                     DATA          00000098 - 00000098           1 
                     DATA          0000009A - 0000009E           5 
                     DATA          000000A0 - 000000A0           1 
                     DATA          000000A8 - 000000A8           1 
                     DATA          000000B8 - 000000B8           1 
                     DATA          000000BE - 000000BE           1 
                     DATA          000000C0 - 000000C0           1 
                     DATA          000000C6 - 000000C6           1 
                     DATA          000000CA - 000000CE           5 
                     DATA          000000D2 - 000000D7           6 
                     DATA          000000E1 - 000000E1           1 
                     DATA          000000E8 - 000000E9           2 
                     DATA          000000F3 - 000000F5           3 
                     DATA          000000FD - 000000FF           3 
XSTACK               XDATA         0000F000 - 0000F0FF         100   rel    0
XDATA_Z              XDATA         0000F100 - 0000F777         678   rel    0
XDATA_I              XDATA         0000F778 - 0000F7E8          71   rel    0
ISTACK               IDATA         000000C0 - 000000FF          40   rel    0

                ****************************************
                *                                      *
                *        END OF CROSS REFERENCE        *
                *                                      *
                ****************************************

 6 979 bytes of CODE  memory
    25 bytes of DATA  memory (+ 39 absolute )
 2 025 bytes of XDATA memory
    64 bytes of IDATA memory
     8 bits  of BIT   memory

Errors: none
Warnings: none

