################################################################################
#                                                                              #
#      IAR Universal Linker V4.61T/W32                                         #
#                                                                              #
#           Link time     =  01/Jun/2011  10:33:54                             #
#           Target CPU    =  x51                                               #
#           List file     =  C:\CCUSB2_CC1111_16kHz\ide\rfusb_cc2511\iar\Temp\ #
#                            simple_audio_dongle.map                           #
#           Output file 1 =  C:\CCUSB2_CC1111_16kHz\ide\rfusb_cc2511\iar\simpl #
#                            e_audio_dongle.hex                                #
#                            Format: intel-extended                            #
#           Output file 2 =  C:\CCUSB2_CC1111_16kHz\ide\rfusb_cc2511\iar\simpl #
#                            e_audio_dongle.d51                                #
#                            Format: debug                                     #
#                            UBROF version 10.0.3                              #
#                            Using library modules for C-SPY (-rt)             #
#           Command line  =  -D_NR_OF_BANKS=0 -D_CODEBANK_END=0                #
#                            -D_CODEBANK_START=0                               #
#                            "-IC:\Program Files\IAR Systems\Embedded Workbenc #
#                            h 5.4\8051\CONFIG\"                               #
#                            C:\CCUSB2_CC1111_16kHz\ide\rfusb_cc2511\iar\temp\ #
#                            simple_audio_dongle\clock.r51                     #
#                            C:\CCUSB2_CC1111_16kHz\ide\rfusb_cc2511\iar\temp\ #
#                            simple_audio_dongle\hal_assert.r51                #
#                            C:\CCUSB2_CC1111_16kHz\ide\rfusb_cc2511\iar\temp\ #
#                            simple_audio_dongle\hal_board.r51                 #
#                            C:\CCUSB2_CC1111_16kHz\ide\rfusb_cc2511\iar\temp\ #
#                            simple_audio_dongle\hal_button.r51                #
#                            C:\CCUSB2_CC1111_16kHz\ide\rfusb_cc2511\iar\temp\ #
#                            simple_audio_dongle\hal_int.r51                   #
#                            C:\CCUSB2_CC1111_16kHz\ide\rfusb_cc2511\iar\temp\ #
#                            simple_audio_dongle\hal_led.r51                   #
#                            C:\CCUSB2_CC1111_16kHz\ide\rfusb_cc2511\iar\temp\ #
#                            simple_audio_dongle\hal_mcu.r51                   #
#                            C:\CCUSB2_CC1111_16kHz\ide\rfusb_cc2511\iar\temp\ #
#                            simple_audio_dongle\init_peripherals.r51          #
#                            C:\CCUSB2_CC1111_16kHz\ide\rfusb_cc2511\iar\temp\ #
#                            simple_audio_dongle\simple_audio_dongle.r51       #
#                            C:\CCUSB2_CC1111_16kHz\ide\rfusb_cc2511\iar\temp\ #
#                            simple_audio_dongle\tw_dma.r51                    #
#                            C:\CCUSB2_CC1111_16kHz\ide\rfusb_cc2511\iar\temp\ #
#                            simple_audio_dongle\tw_interrupt.r51              #
#                            C:\CCUSB2_CC1111_16kHz\ide\rfusb_cc2511\iar\temp\ #
#                            simple_audio_dongle\tw_rf.r51                     #
#                            C:\CCUSB2_CC1111_16kHz\ide\rfusb_cc2511\iar\temp\ #
#                            simple_audio_dongle\usb_audio.r51                 #
#                            C:\CCUSB2_CC1111_16kHz\ide\rfusb_cc2511\iar\temp\ #
#                            simple_audio_dongle\usb_audio_controls.r51        #
#                            C:\CCUSB2_CC1111_16kHz\ide\rfusb_cc2511\iar\temp\ #
#                            simple_audio_dongle\usb_audio_descriptor.r51      #
#                            C:\CCUSB2_CC1111_16kHz\ide\rfusb_cc2511\iar\temp\ #
#                            simple_audio_dongle\usb_audio_hooks.r51           #
#                            C:\CCUSB2_CC1111_16kHz\ide\rfusb_cc2511\iar\temp\ #
#                            simple_audio_dongle\usb_class_requests.r51        #
#                            C:\CCUSB2_CC1111_16kHz\ide\rfusb_cc2511\iar\temp\ #
#                            simple_audio_dongle\usb_descriptor_parser.r51     #
#                            C:\CCUSB2_CC1111_16kHz\ide\rfusb_cc2511\iar\temp\ #
#                            simple_audio_dongle\usb_firmware_library_config.r #
#                            51                                                #
#                            C:\CCUSB2_CC1111_16kHz\ide\rfusb_cc2511\iar\temp\ #
#                            simple_audio_dongle\usb_framework.r51             #
#                            C:\CCUSB2_CC1111_16kHz\ide\rfusb_cc2511\iar\temp\ #
#                            simple_audio_dongle\usb_interrupt.r51             #
#                            C:\CCUSB2_CC1111_16kHz\ide\rfusb_cc2511\iar\temp\ #
#                            simple_audio_dongle\usb_standard_requests.r51     #
#                            C:\CCUSB2_CC1111_16kHz\ide\rfusb_cc2511\iar\temp\ #
#                            simple_audio_dongle\usb_suspend.r51               #
#                            C:\CCUSB2_CC1111_16kHz\ide\rfusb_cc2511\iar\temp\ #
#                            simple_audio_dongle\util_buffer.r51               #
#                            -o                                                #
#                            C:\CCUSB2_CC1111_16kHz\ide\rfusb_cc2511\iar\simpl #
#                            e_audio_dongle.d51                                #
#                            -l                                                #
#                            C:\CCUSB2_CC1111_16kHz\ide\rfusb_cc2511\iar\Temp\ #
#                            simple_audio_dongle.map                           #
#                            -xmsn                                             #
#                            -IC:\CCUSB2_CC1111_16kHz\ide\rfusb_cc2511\iar\..\ #
#                            ..\..\tools\cc2510\                               #
#                            -f lnk51ew_cc2510.xcl (-D_IDATA0_START=0x00       #
#                            -D_IDATA0_END=0xFF -D_PDATA0_START=0xF000         #
#                            -D_PDATA0_END=0xF0FF -D_IXDATA0_START=0x00F000    #
#                            -D_IXDATA0_END=0x00FDA1                           #
#                            -D_XDATA0_START=0x00F000 -D_XDATA0_END=0x00FDA1   #
#                            -D_CODE0_START=0x000000 -D_CODE0_END=0x007FFF     #
#                            -D?REGISTER_BANK=0x0 -D_REGISTER_BANK_START=0x0   #
#                            -D?PBANK_NUMBER=0xF0 -D_BREG_START=0x00           #
#                            -D?VB=0x20 -D?ESP=0x9B -Z(BIT)BREG=_BREG_START    #
#                            -Z(BIT)BIT_N=0-7F                                 #
#                            -Z(DATA)REGISTERS+8=_REGISTER_BANK_START          #
#                            -Z(DATA)BDATA_Z,BDATA_N,BDATA_I=20-2F             #
#                            -Z(DATA)VREG+_NR_OF_VIRTUAL_REGISTERS=08-7F       #
#                            -Z(DATA)PSP,XSP=08-7F -Z(DATA)DOVERLAY=08-7F      #
#                            -Z(DATA)DATA_I,DATA_Z,DATA_N=08-7F                #
#                            -U(IDATA)0-7F=(DATA)0-7F                          #
#                            -Z(IDATA)IDATA_I,IDATA_Z,IDATA_N=08-_IDATA0_END   #
#                            -Z(IDATA)ISTACK+_IDATA_STACK_SIZE#08-_IDATA0_END  #
#                            -Z(IDATA)IOVERLAY=08-FF -Z(CODE)INTVEC=0          #
#                            -Z(CODE)CSTART=_CODE0_START-_CODE0_END            #
#                            -Z(CODE)BIT_ID,BDATA_ID,DATA_ID,IDATA_ID,IXDATA_I #
#                            D,PDATA_ID,XDATA_ID=_CODE0_START-_CODE0_END       #
#                            -Z(CODE)RCODE,DIFUNCT,CODE_C,CODE_N,NEAR_CODE=_CO #
#                            DE0_START-_CODE0_END                              #
#                            -Z(CODE)CHECKSUM#_CODE0_END                       #
#                            -Z(XDATA)EXT_STACK+_EXTENDED_STACK_SIZE=_EXTENDED #
#                            _STACK_START                                      #
#                            -Z(XDATA)PSTACK+_PDATA_STACK_SIZE=_PDATA0_START-_ #
#                            PDATA0_END                                        #
#                            -Z(XDATA)XSTACK+_XDATA_STACK_SIZE=_XDATA0_START-_ #
#                            XDATA0_END                                        #
#                            -Z(XDATA)PDATA_Z,PDATA_I=_PDATA0_START-_PDATA0_EN #
#                            D                                                 #
#                            -P(XDATA)PDATA_N=_PDATA0_START-_PDATA0_END        #
#                            -Z(XDATA)IXDATA_Z,IXDATA_I=_IXDATA0_START-_IXDATA #
#                            0_END                                             #
#                            -P(XDATA)IXDATA_N=_IXDATA0_START-_IXDATA0_END     #
#                            -Z(XDATA)XDATA_Z,XDATA_I=_XDATA0_START-_XDATA0_EN #
#                            D                                                 #
#                            -P(XDATA)XDATA_N=_XDATA0_START-_XDATA0_END        #
#                            -Z(XDATA)XDATA_HEAP+_XDATA_HEAP_SIZE=_XDATA0_STAR #
#                            T-_XDATA0_END                                     #
#                            -Z(CONST)XDATA_ROM_C=_XDATA0_START-_XDATA0_END    #
#                            -cx51 -Z(XDATA)XDATA_SCRATCH=0xFDA2-0xFEFF)       #
#                            -D_NR_OF_VIRTUAL_REGISTERS=8 -D?PBANK=0xA0        #
#                            -e_medium_write=_formatted_write                  #
#                            -e_medium_read=_formatted_read -rt                #
#                            -Ointel-extended=C:\CCUSB2_CC1111_16kHz\ide\rfusb #
#                            _cc2511\iar\simple_audio_dongle.hex               #
#                            -s __program_start                                #
#                            "C:\Program Files\IAR Systems\Embedded Workbench  #
#                            5.4\8051\LIB\CLIB\cl-pli-nlxd-1e16x01.r51"        #
#                            -D_IDATA_STACK_SIZE=0x40                          #
#                            -D_EXTENDED_STACK_START=0x00                      #
#                            -D_EXTENDED_STACK_SIZE=0x00                       #
#                            -D_PDATA_STACK_SIZE=0x80                          #
#                            -D_XDATA_STACK_SIZE=0x100                         #
#                            -D_XDATA_HEAP_SIZE=0xFF -D_FAR_HEAP_SIZE=0xFFF    #
#                            -D_HUGE_HEAP_SIZE=0xFFF                           #
#                            -D_FAR22_HEAP_SIZE=0xFFF                          #
#                                                                              #
#                           Copyright (C) 1987-2010 IAR Systems AB.            #
################################################################################





                ****************************************
                *                                      *
                *           CROSS REFERENCE            *
                *                                      *
                ****************************************

       Program entry at : CODE      000000E1  Relocatable, from module : CSTARTUP




                ****************************************
                *                                      *
                *            RUNTIME MODEL             *
                *                                      *
                ****************************************

  __calling_convention     = xdata_reentrant
  __code_model             = near
  __core                   = plain
  __data_model             = large
  __dptr_size              = 16
  __extended_stack         = disabled
  __location_for_constants = data
  __number_of_dptrs        = 1
  __rt_version             = 1



                ****************************************
                *                                      *
                *              MODULE MAP              *
                *                                      *
                ****************************************


  DEFINED ABSOLUTE ENTRIES
    *************************************************************************

  DEFINED ABSOLUTE ENTRIES
  PROGRAM MODULE, NAME : ?ABS_ENTRY_MOD

Absolute parts
           ENTRY                   ADDRESS         REF BY
           =====                   =======         ======
           _FAR22_HEAP_SIZE        00000FFF 
           _HUGE_HEAP_SIZE         00000FFF 
           _FAR_HEAP_SIZE          00000FFF 
           _XDATA_HEAP_SIZE        000000FF 
           _XDATA_STACK_SIZE       00000100 
           _PDATA_STACK_SIZE       00000080 
           _EXTENDED_STACK_SIZE    00000000 
           _EXTENDED_STACK_START   00000000 
           _IDATA_STACK_SIZE       00000040 
           ?PBANK                  000000A0 
           _NR_OF_VIRTUAL_REGISTERS
                                   00000008 
           ?ESP                    0000009B 
           ?VB                     00000020        ?FUNC_ENTER_XDATA (?FUNC_ENTER_XDATA)
                                                   ?FUNC_LEAVE_XDATA (?FUNC_LEAVE_XDATA)
                                                   ?INTERRUPT_ENTER_XSP (?INTERRUPT_ENTER_XSP)
                                                   ?INTERRUPT_LEAVE_XSP (?INTERRUPT_LEAVE_XSP)
           _BREG_START             00000000 
           ?PBANK_NUMBER           000000F0 
           _REGISTER_BANK_START    00000000 
           ?REGISTER_BANK          00000000        Segment part 6 (CSTARTUP)
           _CODE0_END              00007FFF 
           _CODE0_START            00000000 
           _XDATA0_END             0000FDA1 
           _XDATA0_START           0000F000 
           _IXDATA0_END            0000FDA1 
           _IXDATA0_START          0000F000 
           _PDATA0_END             0000F0FF 
           _PDATA0_START           0000F000 
           _IDATA0_END             000000FF 
           _IDATA0_START           00000000 
           _CODEBANK_START         00000000 
           _CODEBANK_END           00000000 
           _NR_OF_BANKS            00000000 
    *************************************************************************

  FILE NAME : C:\CCUSB2_CC1111_16kHz\ide\rfusb_cc2511\iar\temp\simple_audio_dongle\clock.r51
    *************************************************************************

  FILE NAME : C:\CCUSB2_CC1111_16kHz\ide\rfusb_cc2511\iar\temp\simple_audio_dongle\hal_assert.r51
    *************************************************************************

  FILE NAME : C:\CCUSB2_CC1111_16kHz\ide\rfusb_cc2511\iar\temp\simple_audio_dongle\hal_board.r51
    *************************************************************************

  FILE NAME : C:\CCUSB2_CC1111_16kHz\ide\rfusb_cc2511\iar\temp\simple_audio_dongle\hal_button.r51
    *************************************************************************

  FILE NAME : C:\CCUSB2_CC1111_16kHz\ide\rfusb_cc2511\iar\temp\simple_audio_dongle\hal_int.r51
    *************************************************************************

  FILE NAME : C:\CCUSB2_CC1111_16kHz\ide\rfusb_cc2511\iar\temp\simple_audio_dongle\hal_led.r51
    *************************************************************************

  FILE NAME : C:\CCUSB2_CC1111_16kHz\ide\rfusb_cc2511\iar\temp\simple_audio_dongle\hal_mcu.r51
    *************************************************************************

  FILE NAME : C:\CCUSB2_CC1111_16kHz\ide\rfusb_cc2511\iar\temp\simple_audio_dongle\init_peripherals.r51
  PROGRAM MODULE, NAME : init_peripherals

  SEGMENTS IN THE MODULE
  ======================
SFR_AN
  Relative segment, address: DATA 00000080 - 00000080 (0x1 bytes), align: 0
  Segment part 1. ROOT.       Intra module refs:   ListenforMaster
                                                   main
                                                   usbirqHookProcessEvents
           ENTRY                   ADDRESS         REF BY
           =====                   =======         ======
           _A_P0                   00000080 
    -------------------------------------------------------------------------
SFR_AN
  Relative segment, address: DATA 00000088 - 00000088 (0x1 bytes), align: 0
  Segment part 2. ROOT.       Intra module refs:   ListenforMaster
                                                   dma_IRQ
                                                   main
                                                   spp_rf_IRQ
           ENTRY                   ADDRESS         REF BY
           =====                   =======         ======
           _A_TCON                 00000088 
    -------------------------------------------------------------------------
SFR_AN
  Relative segment, address: DATA 00000089 - 00000089 (0x1 bytes), align: 0
  Segment part 3. ROOT.       Intra module refs:   usbAudioInit
                                                   usbirqResumeHandler
                                                   usbsuspEnter
           ENTRY                   ADDRESS         REF BY
           =====                   =======         ======
           P0IFG                   00000089 
    -------------------------------------------------------------------------
SFR_AN
  Relative segment, address: DATA 0000008B - 0000008B (0x1 bytes), align: 0
  Segment part 4. ROOT.       Intra module refs:   usbAudioInit
                                                   usbirqHandler
           ENTRY                   ADDRESS         REF BY
           =====                   =======         ======
           P2IFG                   0000008B 
    -------------------------------------------------------------------------
SFR_AN
  Relative segment, address: DATA 0000008C - 0000008C (0x1 bytes), align: 0
  Segment part 5. ROOT.       Intra module refs:   usbAudioInit
           ENTRY                   ADDRESS         REF BY
           =====                   =======         ======
           PICTL                   0000008C 
    -------------------------------------------------------------------------
SFR_AN
  Relative segment, address: DATA 00000090 - 00000090 (0x1 bytes), align: 0
  Segment part 6. ROOT.       Intra module refs:   T1_IRQ
                                                   main
                                                   usbAudioInit
                                                   usbsuspEnter
           ENTRY                   ADDRESS         REF BY
           =====                   =======         ======
           _A_P1                   00000090 
    -------------------------------------------------------------------------
SFR_AN
  Relative segment, address: DATA 00000091 - 00000091 (0x1 bytes), align: 0
  Segment part 7. ROOT.       Intra module refs:   ListenforMaster
                                                   main
                                                   spp_rf_IRQ
           ENTRY                   ADDRESS         REF BY
           =====                   =======         ======
           RFIM                    00000091 
    -------------------------------------------------------------------------
SFR_AN
  Relative segment, address: DATA 00000098 - 00000098 (0x1 bytes), align: 0
  Segment part 8. ROOT.       Intra module refs:   ListenforMaster
                                                   dma_IRQ
                                                   main
                                                   spp_rf_IRQ
           ENTRY                   ADDRESS         REF BY
           =====                   =======         ======
           _A_S0CON                00000098 
    -------------------------------------------------------------------------
SFR_AN
  Relative segment, address: DATA 0000009A - 0000009A (0x1 bytes), align: 0
  Segment part 9. ROOT.       Intra module refs:   main
                                                   usbAudioInit
           ENTRY                   ADDRESS         REF BY
           =====                   =======         ======
           IEN2                    0000009A 
    -------------------------------------------------------------------------
SFR_AN
  Relative segment, address: DATA 0000009B - 0000009B (0x1 bytes), align: 0
  Segment part 10. ROOT.      Intra module refs:   ListenforMaster
                                                   dma_IRQ
                                                   main
                                                   spp_rf_IRQ
           ENTRY                   ADDRESS         REF BY
           =====                   =======         ======
           S1CON                   0000009B 
    -------------------------------------------------------------------------
SFR_AN
  Relative segment, address: DATA 0000009C - 0000009C (0x1 bytes), align: 0
  Segment part 11. ROOT.      Intra module refs:   main
           ENTRY                   ADDRESS         REF BY
           =====                   =======         ======
           T2CT                    0000009C 
    -------------------------------------------------------------------------
SFR_AN
  Relative segment, address: DATA 0000009D - 0000009D (0x1 bytes), align: 0
  Segment part 12. ROOT.      Intra module refs:   main
           ENTRY                   ADDRESS         REF BY
           =====                   =======         ======
           T2PR                    0000009D 
    -------------------------------------------------------------------------
SFR_AN
  Relative segment, address: DATA 0000009E - 0000009E (0x1 bytes), align: 0
  Segment part 13. ROOT.      Intra module refs:   main
           ENTRY                   ADDRESS         REF BY
           =====                   =======         ======
           T2CTL                   0000009E 
    -------------------------------------------------------------------------
SFR_AN
  Relative segment, address: DATA 000000A0 - 000000A0 (0x1 bytes), align: 0
  Segment part 14. ROOT.      Intra module refs:   main
                                                   usbirqHandler
           ENTRY                   ADDRESS         REF BY
           =====                   =======         ======
           _A_P2                   000000A0 
    -------------------------------------------------------------------------
SFR_AN
  Relative segment, address: DATA 000000A8 - 000000A8 (0x1 bytes), align: 0
  Segment part 15. ROOT.      Intra module refs:   dma_IRQ
                                                   main
                                                   spp_rf_IRQ
                                                   usbAudioInit
           ENTRY                   ADDRESS         REF BY
           =====                   =======         ======
           _A_IEN0                 000000A8 
    -------------------------------------------------------------------------
SFR_AN
  Relative segment, address: DATA 000000B8 - 000000B8 (0x1 bytes), align: 0
  Segment part 16. ROOT.      Intra module refs:   main
                                                   usbAudioInit
                                                   usbirqResumeHandler
                                                   usbsuspEnter
           ENTRY                   ADDRESS         REF BY
           =====                   =======         ======
           _A_IEN1                 000000B8 
    -------------------------------------------------------------------------
SFR_AN
  Relative segment, address: DATA 000000BE - 000000BE (0x1 bytes), align: 0
  Segment part 17. ROOT.      Intra module refs:   halMcuInit
                                                   usbAudioInit
                                                   usbirqHandler
                                                   usbirqResumeHandler
           ENTRY                   ADDRESS         REF BY
           =====                   =======         ======
           SLEEP                   000000BE 
    -------------------------------------------------------------------------
SFR_AN
  Relative segment, address: DATA 000000C0 - 000000C0 (0x1 bytes), align: 0
  Segment part 18. ROOT.      Intra module refs:   ListenforMaster
                                                   dma_IRQ
                                                   main
                                                   spp_rf_IRQ
                                                   usbAudioInit
                                                   usbirqResumeHandler
                                                   usbsuspEnter
           ENTRY                   ADDRESS         REF BY
           =====                   =======         ======
           _A_IRCON                000000C0 
    -------------------------------------------------------------------------
SFR_AN
  Relative segment, address: DATA 000000C6 - 000000C6 (0x1 bytes), align: 0
  Segment part 19. ROOT.      Intra module refs:   halMcuInit
           ENTRY                   ADDRESS         REF BY
           =====                   =======         ======
           CLKCON                  000000C6 
    -------------------------------------------------------------------------
SFR_AN
  Relative segment, address: DATA 000000CA - 000000CA (0x1 bytes), align: 0
  Segment part 20. ROOT.      Intra module refs:   ListenforMaster
           ENTRY                   ADDRESS         REF BY
           =====                   =======         ======
           T3CNT                   000000CA 
    -------------------------------------------------------------------------
SFR_AN
  Relative segment, address: DATA 000000CB - 000000CB (0x1 bytes), align: 0
  Segment part 21. ROOT.      Intra module refs:   ListenforMaster
                                                   main
           ENTRY                   ADDRESS         REF BY
           =====                   =======         ======
           T3CTL                   000000CB 
    -------------------------------------------------------------------------
SFR_AN
  Relative segment, address: DATA 000000CC - 000000CC (0x1 bytes), align: 0
  Segment part 22. ROOT.      Intra module refs:   main
           ENTRY                   ADDRESS         REF BY
           =====                   =======         ======
           T3CCTL0                 000000CC 
    -------------------------------------------------------------------------
SFR_AN
  Relative segment, address: DATA 000000CD - 000000CD (0x1 bytes), align: 0
  Segment part 23. ROOT.      Intra module refs:   ListenforMaster
           ENTRY                   ADDRESS         REF BY
           =====                   =======         ======
           T3CC0                   000000CD 
    -------------------------------------------------------------------------
SFR_AN
  Relative segment, address: DATA 000000CE - 000000CE (0x1 bytes), align: 0
  Segment part 24. ROOT.      Intra module refs:   main
           ENTRY                   ADDRESS         REF BY
           =====                   =======         ======
           T3CCTL1                 000000CE 
    -------------------------------------------------------------------------
SFR_AN
  Relative segment, address: DATA 000000D2 - 000000D2 (0x1 bytes), align: 0
  Segment part 25. ROOT.      Intra module refs:   main
           ENTRY                   ADDRESS         REF BY
           =====                   =======         ======
           DMA1CFGL                000000D2 
    -------------------------------------------------------------------------
SFR_AN
  Relative segment, address: DATA 000000D3 - 000000D3 (0x1 bytes), align: 0
  Segment part 26. ROOT.      Intra module refs:   main
           ENTRY                   ADDRESS         REF BY
           =====                   =======         ======
           DMA1CFGH                000000D3 
    -------------------------------------------------------------------------
SFR_AN
  Relative segment, address: DATA 000000D4 - 000000D4 (0x1 bytes), align: 0
  Segment part 27. ROOT.      Intra module refs:   main
           ENTRY                   ADDRESS         REF BY
           =====                   =======         ======
           DMA0CFGL                000000D4 
    -------------------------------------------------------------------------
SFR_AN
  Relative segment, address: DATA 000000D5 - 000000D5 (0x1 bytes), align: 0
  Segment part 28. ROOT.      Intra module refs:   main
           ENTRY                   ADDRESS         REF BY
           =====                   =======         ======
           DMA0CFGH                000000D5 
    -------------------------------------------------------------------------
SFR_AN
  Relative segment, address: DATA 000000D6 - 000000D6 (0x1 bytes), align: 0
  Segment part 29. ROOT.      Intra module refs:   ListenforMaster
                                                   main
                                                   usbirqHookProcessEvents
           ENTRY                   ADDRESS         REF BY
           =====                   =======         ======
           DMAARM                  000000D6 
    -------------------------------------------------------------------------
SFR_AN
  Relative segment, address: DATA 000000D7 - 000000D7 (0x1 bytes), align: 0
  Segment part 30. ROOT.      Intra module refs:   main
                                                   usbirqHookProcessEvents
           ENTRY                   ADDRESS         REF BY
           =====                   =======         ======
           DMAREQ                  000000D7 
    -------------------------------------------------------------------------
SFR_AN
  Relative segment, address: DATA 000000DA - 000000DA (0x1 bytes), align: 0
  Segment part 31. ROOT.      Intra module refs:   main
           ENTRY                   ADDRESS         REF BY
           =====                   =======         ======
           T1CC0L                  000000DA 
    -------------------------------------------------------------------------
SFR_AN
  Relative segment, address: DATA 000000DB - 000000DB (0x1 bytes), align: 0
  Segment part 32. ROOT.      Intra module refs:   main
           ENTRY                   ADDRESS         REF BY
           =====                   =======         ======
           T1CC0H                  000000DB 
    -------------------------------------------------------------------------
SFR_AN
  Relative segment, address: DATA 000000E1 - 000000E1 (0x1 bytes), align: 0
  Segment part 33. ROOT.      Intra module refs:   ListenforMaster
                                                   main
                                                   rfConfigRadio
           ENTRY                   ADDRESS         REF BY
           =====                   =======         ======
           RFST                    000000E1 
    -------------------------------------------------------------------------
SFR_AN
  Relative segment, address: DATA 000000E4 - 000000E4 (0x1 bytes), align: 0
  Segment part 34. ROOT.      Intra module refs:   main
           ENTRY                   ADDRESS         REF BY
           =====                   =======         ======
           T1CTL                   000000E4 
    -------------------------------------------------------------------------
SFR_AN
  Relative segment, address: DATA 000000E5 - 000000E5 (0x1 bytes), align: 0
  Segment part 35. ROOT.      Intra module refs:   main
           ENTRY                   ADDRESS         REF BY
           =====                   =======         ======
           T1CCTL0                 000000E5 
    -------------------------------------------------------------------------
SFR_AN
  Relative segment, address: DATA 000000E8 - 000000E8 (0x1 bytes), align: 0
  Segment part 36. ROOT.      Intra module refs:   ListenforMaster
                                                   dma_IRQ
                                                   main
                                                   spp_rf_IRQ
                                                   usbAudioInit
                                                   usbirqHandler
           ENTRY                   ADDRESS         REF BY
           =====                   =======         ======
           _A_IRCON2               000000E8 
    -------------------------------------------------------------------------
SFR_AN
  Relative segment, address: DATA 000000E9 - 000000E9 (0x1 bytes), align: 0
  Segment part 37. ROOT.      Intra module refs:   ListenforMaster
                                                   main
                                                   spp_rf_IRQ
           ENTRY                   ADDRESS         REF BY
           =====                   =======         ======
           RFIF                    000000E9 
    -------------------------------------------------------------------------
SFR_AN
  Relative segment, address: DATA 000000F3 - 000000F3 (0x1 bytes), align: 0
  Segment part 38. ROOT.      Intra module refs:   main
           ENTRY                   ADDRESS         REF BY
           =====                   =======         ======
           P0SEL                   000000F3 
    -------------------------------------------------------------------------
SFR_AN
  Relative segment, address: DATA 000000F4 - 000000F4 (0x1 bytes), align: 0
  Segment part 39. ROOT.      Intra module refs:   main
                                                   usbAudioInit
           ENTRY                   ADDRESS         REF BY
           =====                   =======         ======
           P1SEL                   000000F4 
    -------------------------------------------------------------------------
SFR_AN
  Relative segment, address: DATA 000000F5 - 000000F5 (0x1 bytes), align: 0
  Segment part 40. ROOT.      Intra module refs:   main
           ENTRY                   ADDRESS         REF BY
           =====                   =======         ======
           P2SEL                   000000F5 
    -------------------------------------------------------------------------
SFR_AN
  Relative segment, address: DATA 000000FD - 000000FD (0x1 bytes), align: 0
  Segment part 41. ROOT.      Intra module refs:   main
           ENTRY                   ADDRESS         REF BY
           =====                   =======         ======
           P0DIR                   000000FD 
    -------------------------------------------------------------------------
SFR_AN
  Relative segment, address: DATA 000000FE - 000000FE (0x1 bytes), align: 0
  Segment part 42. ROOT.      Intra module refs:   main
                                                   usbAudioInit
           ENTRY                   ADDRESS         REF BY
           =====                   =======         ======
           P1DIR                   000000FE 
    -------------------------------------------------------------------------
SFR_AN
  Relative segment, address: DATA 000000FF - 000000FF (0x1 bytes), align: 0
  Segment part 43. ROOT.      Intra module refs:   main
           ENTRY                   ADDRESS         REF BY
           =====                   =======         ======
           P2DIR                   000000FF 
    -------------------------------------------------------------------------
XDATA_Z
  Relative segment, address: XDATA 0000F100 - 0000F107 (0x8 bytes), align: 0
  Segment part 54.            Intra module refs:   main
                                                   usbirqHookProcessEvents
           ENTRY                   ADDRESS         REF BY
           =====                   =======         ======
           DmaDesc0                0000F100 
    -------------------------------------------------------------------------
XDATA_Z
  Relative segment, address: XDATA 0000F108 - 0000F127 (0x20 bytes), align: 0
  Segment part 55.            Intra module refs:   ?Subroutine10
                                                   ?Subroutine11
                                                   ?Subroutine5
                                                   main
           ENTRY                   ADDRESS         REF BY
           =====                   =======         ======
           DmaDesc1_4              0000F108 
    -------------------------------------------------------------------------
NEAR_CODE
  Relative segment, address: CODE 000004D4 - 000004DC (0x9 bytes), align: 0
  Segment part 95.            Intra module refs:   dma_IRQ::??INTVEC 67
           ENTRY                   ADDRESS         REF BY
           =====                   =======         ======
           dma_IRQ                 000004D4 
               interrupt function
               ISTACK = 00000000 ( 00000001 )
    -------------------------------------------------------------------------
XDATA_Z
  Relative segment, address: XDATA 0000F128 - 0000F128 (0x1 bytes), align: 0
  Segment part 56.            Intra module refs:   spp_rf_IRQ
           ENTRY                   ADDRESS         REF BY
           =====                   =======         ======
           sfdDetected             0000F128 
    -------------------------------------------------------------------------
NEAR_CODE
  Relative segment, address: CODE 000004DD - 0000052D (0x51 bytes), align: 0
  Segment part 96.            Intra module refs:   spp_rf_IRQ::??INTVEC 131
           ENTRY                   ADDRESS         REF BY
           =====                   =======         ======
           spp_rf_IRQ              000004DD 
               interrupt function
               ISTACK = 00000000 ( 00000005 )
    -------------------------------------------------------------------------
NEAR_CODE
  Relative segment, address: CODE 0000052E - 00000537 (0xa bytes), align: 0
  Segment part 97.            Intra module refs:   T1_IRQ::??INTVEC 75
           ENTRY                   ADDRESS         REF BY
           =====                   =======         ======
           T1_IRQ                  0000052E 
               interrupt function
               ISTACK = 00000000 ( 00000002 )
    -------------------------------------------------------------------------
XDATA_Z
  Relative segment, address: XDATA 0000F129 - 0000F129 (0x1 bytes), align: 0
  Segment part 57.            Intra module refs:   ListenforMaster
                                                   main
                                                   spp_rf_IRQ
           ENTRY                   ADDRESS         REF BY
           =====                   =======         ======
           rxPacketStatus          0000F129 
    -------------------------------------------------------------------------
XDATA_Z
  Relative segment, address: XDATA 0000F12A - 0000F1EB (0xc2 bytes), align: 0
  Segment part 58.            Intra module refs:   main
           ENTRY                   ADDRESS         REF BY
           =====                   =======         ======
           SLVrxData               0000F12A 
    -------------------------------------------------------------------------
XDATA_Z
  Relative segment, address: XDATA 0000F1EC - 0000F1EC (0x1 bytes), align: 0
  Segment part 59.            Intra module refs:   ListenforMaster
           ENTRY                   ADDRESS         REF BY
           =====                   =======         ======
           syncdetected            0000F1EC 
    -------------------------------------------------------------------------
NEAR_CODE
  Relative segment, address: CODE 00000538 - 00000605 (0xce bytes), align: 0
  Segment part 98.            Intra module refs:   main
           ENTRY                   ADDRESS         REF BY
           =====                   =======         ======
           rfConfigRadio           00000538 
               ISTACK = 00000000 ( 00000002 )
    -------------------------------------------------------------------------
NEAR_CODE
  Relative segment, address: CODE 00000606 - 000006CC (0xc7 bytes), align: 0
  Segment part 99.            Intra module refs:   main
           ENTRY                   ADDRESS         REF BY
           =====                   =======         ======
           ListenforMaster         00000606 
               XSTACK = 00000001 ( 00000009 )
    -------------------------------------------------------------------------
NEAR_CODE
  Relative segment, address: CODE 000006CD - 000006E8 (0x1c bytes), align: 0
  Segment part 100.           Intra module refs:   main
           ENTRY                   ADDRESS         REF BY
           =====                   =======         ======
           halMcuInit              000006CD 
    -------------------------------------------------------------------------
DATA_Z
  Relative segment, address: DATA 00000012 - 00000016 (0x5 bytes), align: 0
  Segment part 60.            Intra module refs:   usbAudioInit
                                                   usbAudioProcessEvents
                                                   usbirqHandler
                                                   usbirqHookProcessEvents
                                                   usbsuspEnter
           ENTRY                   ADDRESS         REF BY
           =====                   =======         ======
           usbirqData              00000012 
    -------------------------------------------------------------------------
NEAR_CODE
  Relative segment, address: CODE 000006E9 - 00000785 (0x9d bytes), align: 0
  Segment part 101.           Intra module refs:   usbirqHandler::??INTVEC 51
           ENTRY                   ADDRESS         REF BY
           =====                   =======         ======
           usbirqHandler           000006E9 
               interrupt function
               calls direct
               ISTACK = 00000000 ( 00000010 )
    -------------------------------------------------------------------------
NEAR_CODE
  Relative segment, address: CODE 00000786 - 000007A7 (0x22 bytes), align: 0
  Segment part 102.           Intra module refs:   usbirqResumeHandler::??INTVEC 107
           ENTRY                   ADDRESS         REF BY
           =====                   =======         ======
           usbirqResumeHandler     00000786 
               interrupt function
               calls direct
               ISTACK = 00000000 ( 0000000F )
    -------------------------------------------------------------------------
XDATA_Z
  Relative segment, address: XDATA 0000F1ED - 0000F1FA (0xe bytes), align: 0
  Segment part 61.            Intra module refs:   usbsuspEnter
                                                   usbsuspStopPm1
           LOCAL                   ADDRESS         
           =====                   =======         
           usbsuspEnterXdata       0000F1ED 
    -------------------------------------------------------------------------
XDATA_Z
  Relative segment, address: XDATA 0000F1FB - 0000F1FC (0x2 bytes), align: 0
  Segment part 62.            Intra module refs:   usbsuspEnter
           LOCAL                   ADDRESS         
           =====                   =======         
           pUsbsuspEnterXdata      0000F1FB 
    -------------------------------------------------------------------------
XDATA_Z
  Relative segment, address: XDATA 0000F1FD - 0000F1FE (0x2 bytes), align: 0
  Segment part 63.            Intra module refs:   usbsuspEnter
           ENTRY                   ADDRESS         REF BY
           =====                   =======         ======
           pFnSuspendEnterHook     0000F1FD 
    -------------------------------------------------------------------------
XDATA_Z
  Relative segment, address: XDATA 0000F1FF - 0000F200 (0x2 bytes), align: 0
  Segment part 64.            Intra module refs:   usbsuspEnter
           ENTRY                   ADDRESS         REF BY
           =====                   =======         ======
           pFnSuspendExitHook      0000F1FF 
    -------------------------------------------------------------------------
NEAR_CODE
  Relative segment, address: CODE 000007A8 - 00000842 (0x9b bytes), align: 0
  Segment part 103.           Intra module refs:   usbAudioProcessEvents
           ENTRY                   ADDRESS         REF BY
           =====                   =======         ======
           usbsuspEnter            000007A8 
               ISTACK = 00000000 ( 00000002 )
    -------------------------------------------------------------------------
NEAR_CODE
  Relative segment, address: CODE 00000843 - 00000846 (0x4 bytes), align: 0
  Segment part 104.           Intra module refs:   usbsuspEnter
           LOCAL                   ADDRESS         
           =====                   =======         
           ?Subroutine22           00000843 
    -------------------------------------------------------------------------
NEAR_CODE
  Relative segment, address: CODE 00000847 - 0000084F (0x9 bytes), align: 0
  Segment part 105.           Intra module refs:   ?Subroutine17
                                                   ?Subroutine22
           LOCAL                   ADDRESS         
           =====                   =======         
           ?Subroutine31           00000847 
    -------------------------------------------------------------------------
XDATA_Z
  Relative segment, address: XDATA 0000F201 - 0000F202 (0x2 bytes), align: 0
  Segment part 65.            Intra module refs:   ?Subroutine14
                                                   ?Subroutine23
                                                   Segment part 114
                                                   usbdpFindNext
           LOCAL                   ADDRESS         
           =====                   =======         
           usbdpData               0000F201 
    -------------------------------------------------------------------------
XDATA_Z
  Relative segment, address: XDATA 0000F203 - 0000F213 (0x11 bytes), align: 0
  Segment part 66.            Intra module refs:   ?Subroutine0
                                                   ChangeFeature
                                                   Segment part 126
                                                   Segment part 128
                                                   Segment part 158
                                                   usbAudioInit
                                                   usbAudioProcessEvents
                                                   usbcrHookProcessIn
                                                   usbcrHookProcessOut
                                                   usbfwSetAllEpStatus
                                                   usbfwSetupHandler
                                                   usbsrGetDescriptor
                                                   usbsrGetStatus
                                                   usbsrSetConfiguration
                                                   usbsrSetInterface
           ENTRY                   ADDRESS         REF BY
           =====                   =======         ======
           usbfwData               0000F203 
    -------------------------------------------------------------------------
XDATA_Z
  Relative segment, address: XDATA 0000F214 - 0000F218 (0x5 bytes), align: 0
  Segment part 67.            Intra module refs:   ?Subroutine12
                                                   ?Subroutine24
                                                   ?Subroutine27
                                                   ?Subroutine7
                                                   ?Subroutine8
                                                   Segment part 159
                                                   usbfwSetupHandler
                                                   usbsrGetDescriptor
                                                   usbsrGetStatus
           ENTRY                   ADDRESS         REF BY
           =====                   =======         ======
           usbSetupData            0000F214 
    -------------------------------------------------------------------------
XDATA_Z
  Relative segment, address: XDATA 0000F219 - 0000F220 (0x8 bytes), align: 0
  Segment part 68.            Intra module refs:   ChangeFeature
                                                   usbcrHookProcessIn
                                                   usbcrHookProcessOut
                                                   usbfwSetupHandler
                                                   usbsrGetDescriptor
                                                   usbsrGetStatus
                                                   usbsrSetConfiguration
                                                   usbsrSetInterface
           ENTRY                   ADDRESS         REF BY
           =====                   =======         ======
           usbSetupHeader          0000F219 
    -------------------------------------------------------------------------
DATA_Z
  Relative segment, address: DATA 00000017 - 00000018 (0x2 bytes), align: 0
  Segment part 69.            Intra module refs:   usbAudioProcessEvents
                                                   usbfwSetupHandler
           LOCAL                   ADDRESS         
           =====                   =======         
           ProcessFunc             00000017 
    -------------------------------------------------------------------------
XDATA_Z
  Relative segment, address: XDATA 0000F221 - 0000F222 (0x2 bytes), align: 0
  Segment part 70.            Intra module refs:   usbsrGetStatus
           LOCAL                   ADDRESS         
           =====                   =======         
           usbsrGetStatus::status
                                   0000F221 
    -------------------------------------------------------------------------
XDATA_Z
  Relative segment, address: XDATA 0000F223 - 0000F223 (0x1 bytes), align: 0
  Segment part 71.            Intra module refs:   ?Subroutine10
                                                   usbirqHookProcessEvents
           ENTRY                   ADDRESS         REF BY
           =====                   =======         ======
           activeOut               0000F223 
    -------------------------------------------------------------------------
XDATA_Z
  Relative segment, address: XDATA 0000F224 - 0000F2E3 (0xc0 bytes), align: 0
  Segment part 72.            Intra module refs:   main
           ENTRY                   ADDRESS         REF BY
           =====                   =======         ======
           audioIn                 0000F224 
    -------------------------------------------------------------------------
XDATA_Z
  Relative segment, address: XDATA 0000F2E4 - 0000F523 (0x240 bytes), align: 0
  Segment part 73.            Intra module refs:   main
           ENTRY                   ADDRESS         REF BY
           =====                   =======         ======
           USB_fifo_all            0000F2E4 
    -------------------------------------------------------------------------
XDATA_Z
  Relative segment, address: XDATA 0000F524 - 0000F9A3 (0x480 bytes), align: 0
  Segment part 74.            Intra module refs:   main
                                                   usbirqHookProcessEvents
           ENTRY                   ADDRESS         REF BY
           =====                   =======         ======
           audioOut                0000F524 
    -------------------------------------------------------------------------
XDATA_I
  Relative segment, address: XDATA 0000F9B1 - 0000F9B1 (0x1 bytes), align: 0
  Segment part 75.            Intra module refs:   main
           ENTRY                   ADDRESS         REF BY
           =====                   =======         ======
           waitingforbeacon        0000F9B1 
    -------------------------------------------------------------------------
XDATA_Z
  Relative segment, address: XDATA 0000F9A4 - 0000F9A4 (0x1 bytes), align: 0
  Segment part 77.            Intra module refs:   main
           ENTRY                   ADDRESS         REF BY
           =====                   =======         ======
           lostpkts                0000F9A4 
    -------------------------------------------------------------------------
XDATA_Z
  Relative segment, address: XDATA 0000F9A5 - 0000F9A5 (0x1 bytes), align: 0
  Segment part 78.            Intra module refs:   ?Subroutine4
                                                   main
                                                   spp_rf_IRQ
           ENTRY                   ADDRESS         REF BY
           =====                   =======         ======
           rxStatus                0000F9A5 
    -------------------------------------------------------------------------
XDATA_I
  Relative segment, address: XDATA 0000F9B2 - 0000F9BD (0xc bytes), align: 0
  Segment part 79.            Intra module refs:   main
           ENTRY                   ADDRESS         REF BY
           =====                   =======         ======
           channel                 0000F9B2 
    -------------------------------------------------------------------------
XDATA_Z
  Relative segment, address: XDATA 0000F9A6 - 0000F9A6 (0x1 bytes), align: 0
  Segment part 81.            Intra module refs:   main
           ENTRY                   ADDRESS         REF BY
           =====                   =======         ======
           ActiveChIdx             0000F9A6 
    -------------------------------------------------------------------------
XDATA_Z
  Relative segment, address: XDATA 0000F9A7 - 0000F9A7 (0x1 bytes), align: 0
  Segment part 82.            Intra module refs:   ?Subroutine19
                                                   main
           ENTRY                   ADDRESS         REF BY
           =====                   =======         ======
           band                    0000F9A7 
    -------------------------------------------------------------------------
XDATA_Z
  Relative segment, address: XDATA 0000F9A8 - 0000F9AA (0x3 bytes), align: 0
  Segment part 83.            Intra module refs:   ?Subroutine13
                                                   ?Subroutine6
           ENTRY                   ADDRESS         REF BY
           =====                   =======         ======
           audioData               0000F9A8 
    -------------------------------------------------------------------------
XDATA_Z
  Relative segment, address: XDATA 0000F9AB - 0000F9AB (0x1 bytes), align: 0
  Segment part 84.            Intra module refs:   ?Subroutine16
                                                   usbirqHookProcessEvents
           ENTRY                   ADDRESS         REF BY
           =====                   =======         ======
           oldEndpoint             0000F9AB 
    -------------------------------------------------------------------------
XDATA_Z
  Relative segment, address: XDATA 0000F9AC - 0000F9AC (0x1 bytes), align: 0
  Segment part 85.            Intra module refs:   ?Subroutine5
                                                   usbirqHookProcessEvents
           ENTRY                   ADDRESS         REF BY
           =====                   =======         ======
           null                    0000F9AC 
    -------------------------------------------------------------------------
XDATA_Z
  Relative segment, address: XDATA 0000F9AD - 0000F9AD (0x1 bytes), align: 0
  Segment part 86.            Intra module refs:   usbirqHookProcessEvents
           ENTRY                   ADDRESS         REF BY
           =====                   =======         ======
           failed_to_send          0000F9AD 
    -------------------------------------------------------------------------
XDATA_Z
  Relative segment, address: XDATA 0000F9AE - 0000F9AE (0x1 bytes), align: 0
  Segment part 87.            Intra module refs:   usbirqHookProcessEvents
           ENTRY                   ADDRESS         REF BY
           =====                   =======         ======
           whichbuffer             0000F9AE 
    -------------------------------------------------------------------------
NEAR_CODE
  Relative segment, address: CODE 00000850 - 00000858 (0x9 bytes), align: 0
  Segment part 106.           Intra module refs:   usbvrHookProcessIn
                                                   usbvrHookProcessOut
           LOCAL                   ADDRESS         
           =====                   =======         
           ?Subroutine0            00000850 
    -------------------------------------------------------------------------
NEAR_CODE
  Relative segment, address: CODE 00000859 - 00000859 (0x1 bytes), align: 0
  Segment part 107.           Intra module refs:   ?Subroutine0
                                                   usbAudioProcessEvents
                                                   usbsuspStopPm1
    -------------------------------------------------------------------------
NEAR_CODE
  Relative segment, address: CODE 0000085A - 0000085E (0x5 bytes), align: 0
  Segment part 108.           Intra module refs:   Segment part 107
                                                   rfConfigRadio
                                                   usbAudioInit
                                                   usbcrHookProcessIn
                                                   usbcrHookProcessOut
                                                   usbdpFindNext
                                                   usbirqHookProcessEvents
                                                   usbsuspEnter
    -------------------------------------------------------------------------
NEAR_CODE
  Relative segment, address: CODE 0000085F - 00000874 (0x16 bytes), align: 0
  Segment part 109.           Intra module refs:   usbirqResumeHandler
           ENTRY                   ADDRESS         REF BY
           =====                   =======         ======
           usbsuspStopPm1          0000085F 
               ISTACK = 00000000 ( 00000002 )
    -------------------------------------------------------------------------
NEAR_CODE
  Relative segment, address: CODE 00000875 - 000008B9 (0x45 bytes), align: 0
  Segment part 110.           Intra module refs:   ConfigureEndpoints
                                                   usbdpGetConfigurationDesc
                                                   usbsrGetDescriptor
                                                   usbsrSetConfiguration
                                                   usbsrSetInterface
           ENTRY                   ADDRESS         REF BY
           =====                   =======         ======
           usbdpFindNext           00000875 
               XSTACK = 00000010 ( 00000000 )
               ISTACK = 00000000 ( 00000002 )
    -------------------------------------------------------------------------
NEAR_CODE
  Relative segment, address: CODE 000008BA - 000008C5 (0xc bytes), align: 0
  Segment part 111.           Intra module refs:   usbdpFindNext
           LOCAL                   ADDRESS         
           =====                   =======         
           ?Subroutine23           000008BA 
    -------------------------------------------------------------------------
NEAR_CODE
  Relative segment, address: CODE 000008C6 - 000008FF (0x3a bytes), align: 0
  Segment part 112.           Intra module refs:   usbAudioInit
                                                   usbsrGetDescriptor
                                                   usbsrSetConfiguration
                                                   usbsrSetInterface
           ENTRY                   ADDRESS         REF BY
           =====                   =======         ======
           usbdpGetConfigurationDesc
                                   000008C6 
               calls direct
               XSTACK = 0000000B ( 00000009 )
    -------------------------------------------------------------------------
NEAR_CODE
  Relative segment, address: CODE 00000900 - 00000910 (0x11 bytes), align: 0
  Segment part 113.           Intra module refs:   usbdpFindNext
           LOCAL                   ADDRESS         
           =====                   =======         
           ?Subroutine14           00000900 
    -------------------------------------------------------------------------
NEAR_CODE
  Relative segment, address: CODE 00000911 - 00000914 (0x4 bytes), align: 0
  Segment part 114.           Intra module refs:   ?Subroutine14
                                                   usbdpGetConfigurationDesc
                                                   usbsrGetDescriptor
    -------------------------------------------------------------------------
NEAR_CODE
  Relative segment, address: CODE 00000915 - 0000091A (0x6 bytes), align: 0
  Segment part 115.           Intra module refs:   Segment part 114
                                                   usbsrGetDescriptor
    -------------------------------------------------------------------------
NEAR_CODE
  Relative segment, address: CODE 0000091B - 00000C01 (0x2e7 bytes), align: 0
  Segment part 116.           Intra module refs:   usbAudioProcessEvents
           ENTRY                   ADDRESS         REF BY
           =====                   =======         ======
           usbfwSetupHandler       0000091B 
               calls direct
               XSTACK = 00000000 ( 0000000E )
    -------------------------------------------------------------------------
NEAR_CODE
  Relative segment, address: CODE 00000C02 - 00000C0D (0xc bytes), align: 0
  Segment part 117.           Intra module refs:   usbfwSetupHandler
           LOCAL                   ADDRESS         
           =====                   =======         
           ?Subroutine24           00000C02 
    -------------------------------------------------------------------------
NEAR_CODE
  Relative segment, address: CODE 00000C0E - 00000C18 (0xb bytes), align: 0
  Segment part 118.           Intra module refs:   usbfwSetupHandler
           LOCAL                   ADDRESS         
           =====                   =======         
           ?Subroutine21           00000C0E 
    -------------------------------------------------------------------------
NEAR_CODE
  Relative segment, address: CODE 00000C19 - 00000C2F (0x17 bytes), align: 0
  Segment part 119.           Intra module refs:   usbfwSetupHandler
           LOCAL                   ADDRESS         
           =====                   =======         
           ?Subroutine12           00000C19 
    -------------------------------------------------------------------------
NEAR_CODE
  Relative segment, address: CODE 00000C30 - 00000C64 (0x35 bytes), align: 0
  Segment part 120.           Intra module refs:   usbAudioProcessEvents
                                                   usbsrSetConfiguration
           ENTRY                   ADDRESS         REF BY
           =====                   =======         ======
           usbfwSetAllEpStatus     00000C30 
               XSTACK = 0000000A ( 00000009 )
               ISTACK = 00000000 ( 00000001 )
    -------------------------------------------------------------------------
NEAR_CODE
  Relative segment, address: CODE 00000C65 - 00000C69 (0x5 bytes), align: 0
  Segment part 121.           Intra module refs:   ChangeFeature
                                                   ListenforMaster
                                                   usbdpGetConfigurationDesc
                                                   usbfwSetAllEpStatus
                                                   usbsrGetStatus
                                                   usbsrSetInterface
           LOCAL                   ADDRESS         
           =====                   =======         
           ?Subroutine1            00000C65 
    -------------------------------------------------------------------------
NEAR_CODE
  Relative segment, address: CODE 00000C6A - 00000C9E (0x35 bytes), align: 0
  Segment part 122.           Intra module refs:   usbfwSetupHandler
           ENTRY                   ADDRESS         REF BY
           =====                   =======         ======
           usbfwReadFifo           00000C6A 
               XSTACK = 0000000E ( 0000000A )
               ISTACK = 00000000 ( 00000001 )
    -------------------------------------------------------------------------
NEAR_CODE
  Relative segment, address: CODE 00000C9F - 00000CA3 (0x5 bytes), align: 0
  Segment part 123.           Intra module refs:   usbfwReadFifo
                                                   usbsrSetConfiguration
           LOCAL                   ADDRESS         
           =====                   =======         
           ?Subroutine3            00000C9F 
    -------------------------------------------------------------------------
NEAR_CODE
  Relative segment, address: CODE 00000CA4 - 00000D7D (0xda bytes), align: 0
  Segment part 124.           Intra module refs:   usbfwSetupHandler
           ENTRY                   ADDRESS         REF BY
           =====                   =======         ======
           usbsrGetStatus          00000CA4 
               XSTACK = 0000000B ( 00000009 )
    -------------------------------------------------------------------------
NEAR_CODE
  Relative segment, address: CODE 00000D7E - 00000D7F (0x2 bytes), align: 0
  Segment part 125.           Intra module refs:   ChangeFeature
                                                   usbsrGetStatus
           LOCAL                   ADDRESS         
           =====                   =======         
           ?Subroutine26           00000D7E 
    -------------------------------------------------------------------------
NEAR_CODE
  Relative segment, address: CODE 00000D80 - 00000D87 (0x8 bytes), align: 0
  Segment part 126.           Intra module refs:   ?Subroutine26
                                                   ConfigureEndpoints
    -------------------------------------------------------------------------
NEAR_CODE
  Relative segment, address: CODE 00000D88 - 00000D89 (0x2 bytes), align: 0
  Segment part 127.           Intra module refs:   ChangeFeature
                                                   usbsrGetStatus
           LOCAL                   ADDRESS         
           =====                   =======         
           ?Subroutine25           00000D88 
    -------------------------------------------------------------------------
NEAR_CODE
  Relative segment, address: CODE 00000D8A - 00000D91 (0x8 bytes), align: 0
  Segment part 128.           Intra module refs:   ?Subroutine25
                                                   ConfigureEndpoints
    -------------------------------------------------------------------------
NEAR_CODE
  Relative segment, address: CODE 00000D92 - 00000E49 (0xb8 bytes), align: 0
  Segment part 129.           Intra module refs:   usbfwSetupHandler
           LOCAL                   ADDRESS         
           =====                   =======         
           ChangeFeature           00000D92 
               XSTACK = 0000000B ( 00000009 )
               ISTACK = 00000000 ( 00000001 )
    -------------------------------------------------------------------------
NEAR_CODE
  Relative segment, address: CODE 00000E4A - 00001020 (0x1d7 bytes), align: 0
  Segment part 130.           Intra module refs:   usbfwSetupHandler
           ENTRY                   ADDRESS         REF BY
           =====                   =======         ======
           usbsrGetDescriptor      00000E4A 
               calls direct
               XSTACK = 0000000B ( 0000000B )
               ISTACK = 00000000 ( 00000002 )
    -------------------------------------------------------------------------
NEAR_CODE
  Relative segment, address: CODE 00001021 - 00001025 (0x5 bytes), align: 0
  Segment part 131.           Intra module refs:   usbfwSetupHandler
                                                   usbsrGetDescriptor
           LOCAL                   ADDRESS         
           =====                   =======         
           ?Subroutine2            00001021 
    -------------------------------------------------------------------------
NEAR_CODE
  Relative segment, address: CODE 00001026 - 0000102B (0x6 bytes), align: 0
  Segment part 132.           Intra module refs:   usbdpFindNext
                                                   usbsrGetDescriptor
           LOCAL                   ADDRESS         
           =====                   =======         
           ?Subroutine20           00001026 
    -------------------------------------------------------------------------
NEAR_CODE
  Relative segment, address: CODE 0000102C - 00001030 (0x5 bytes), align: 0
  Segment part 133.           Intra module refs:   usbsrGetDescriptor
           LOCAL                   ADDRESS         
           =====                   =======         
           ?Subroutine18           0000102C 
    -------------------------------------------------------------------------
NEAR_CODE
  Relative segment, address: CODE 00001031 - 00001040 (0x10 bytes), align: 0
  Segment part 134.           Intra module refs:   ?Subroutine18
                                                   usbsrGetDescriptor
           LOCAL                   ADDRESS         
           =====                   =======         
           ?Subroutine29           00001031 
    -------------------------------------------------------------------------
NEAR_CODE
  Relative segment, address: CODE 00001041 - 00001056 (0x16 bytes), align: 0
  Segment part 135.           Intra module refs:   usbsrGetDescriptor
           LOCAL                   ADDRESS         
           =====                   =======         
           ?Subroutine7            00001041 
    -------------------------------------------------------------------------
NEAR_CODE
  Relative segment, address: CODE 00001057 - 0000119E (0x148 bytes), align: 0
  Segment part 136.           Intra module refs:   usbsrSetConfiguration
                                                   usbsrSetInterface
           LOCAL                   ADDRESS         
           =====                   =======         
           ConfigureEndpoints      00001057 
               calls direct
               XSTACK = 0000000A ( 00000010 )
               ISTACK = 00000000 ( 00000001 )
    -------------------------------------------------------------------------
NEAR_CODE
  Relative segment, address: CODE 0000119F - 000011AE (0x10 bytes), align: 0
  Segment part 137.           Intra module refs:   ConfigureEndpoints
           LOCAL                   ADDRESS         
           =====                   =======         
           ?Subroutine17           0000119F 
    -------------------------------------------------------------------------
NEAR_CODE
  Relative segment, address: CODE 000011AF - 000011BD (0xf bytes), align: 0
  Segment part 138.           Intra module refs:   ConfigureEndpoints
           LOCAL                   ADDRESS         
           =====                   =======         
           ?Subroutine9            000011AF 
    -------------------------------------------------------------------------
NEAR_CODE
  Relative segment, address: CODE 000011BE - 00001267 (0xaa bytes), align: 0
  Segment part 139.           Intra module refs:   usbfwSetupHandler
           ENTRY                   ADDRESS         REF BY
           =====                   =======         ======
           usbsrSetConfiguration   000011BE 
               calls direct
               XSTACK = 0000000B ( 0000000A )
               ISTACK = 00000000 ( 00000001 )
    -------------------------------------------------------------------------
NEAR_CODE
  Relative segment, address: CODE 00001268 - 000012E5 (0x7e bytes), align: 0
  Segment part 140.           Intra module refs:   usbfwSetupHandler
           ENTRY                   ADDRESS         REF BY
           =====                   =======         ======
           usbsrSetInterface       00001268 
               calls direct
               XSTACK = 0000000B ( 00000009 )
               ISTACK = 00000000 ( 00000001 )
    -------------------------------------------------------------------------
NEAR_CODE
  Relative segment, address: CODE 000012E6 - 000016CD (0x3e8 bytes), align: 0
  Segment part 141.
           ENTRY                   ADDRESS         REF BY
           =====                   =======         ======
           main                    000012E6        ?call_main (?cmain)
               calls direct
               XSTACK = 00000000 ( 00000001 )
               ISTACK = 00000000 ( 00000001 )
    -------------------------------------------------------------------------
NEAR_CODE
  Relative segment, address: CODE 000016CE - 000016D8 (0xb bytes), align: 0
  Segment part 142.           Intra module refs:   main
           LOCAL                   ADDRESS         
           =====                   =======         
           ?Subroutine19           000016CE 
    -------------------------------------------------------------------------
NEAR_CODE
  Relative segment, address: CODE 000016D9 - 000016DF (0x7 bytes), align: 0
  Segment part 143.           Intra module refs:   ?Subroutine19
                                                   usbirqHandler
           LOCAL                   ADDRESS         
           =====                   =======         
           ?Subroutine30           000016D9 
    -------------------------------------------------------------------------
NEAR_CODE
  Relative segment, address: CODE 000016E0 - 000016E1 (0x2 bytes), align: 0
  Segment part 144.           Intra module refs:   main
           LOCAL                   ADDRESS         
           =====                   =======         
           ?Subroutine15           000016E0 
    -------------------------------------------------------------------------
NEAR_CODE
  Relative segment, address: CODE 000016E2 - 000016E8 (0x7 bytes), align: 0
  Segment part 145.           Intra module refs:   ?Subroutine15
                                                   main
    -------------------------------------------------------------------------
NEAR_CODE
  Relative segment, address: CODE 000016E9 - 000016F3 (0xb bytes), align: 0
  Segment part 146.           Intra module refs:   main
           LOCAL                   ADDRESS         
           =====                   =======         
           ?Subroutine11           000016E9 
    -------------------------------------------------------------------------
NEAR_CODE
  Relative segment, address: CODE 000016F4 - 000016FE (0xb bytes), align: 0
  Segment part 147.           Intra module refs:   main
           LOCAL                   ADDRESS         
           =====                   =======         
           ?Subroutine10           000016F4 
    -------------------------------------------------------------------------
NEAR_CODE
  Relative segment, address: CODE 000016FF - 00001718 (0x1a bytes), align: 0
  Segment part 148.           Intra module refs:   main
           LOCAL                   ADDRESS         
           =====                   =======         
           ?Subroutine5            000016FF 
    -------------------------------------------------------------------------
NEAR_CODE
  Relative segment, address: CODE 00001719 - 00001732 (0x1a bytes), align: 0
  Segment part 149.           Intra module refs:   ListenforMaster
                                                   main
           LOCAL                   ADDRESS         
           =====                   =======         
           ?Subroutine4            00001719 
    -------------------------------------------------------------------------
NEAR_CODE
  Relative segment, address: CODE 00001733 - 0000179A (0x68 bytes), align: 0
  Segment part 150.           Intra module refs:   main
           ENTRY                   ADDRESS         REF BY
           =====                   =======         ======
           usbAudioInit            00001733 
               calls direct
               ISTACK = 00000000 ( 00000002 )
    -------------------------------------------------------------------------
NEAR_CODE
  Relative segment, address: CODE 0000179B - 0000181E (0x84 bytes), align: 0
  Segment part 151.           Intra module refs:   main
           ENTRY                   ADDRESS         REF BY
           =====                   =======         ======
           usbAudioProcessEvents   0000179B 
               calls direct
               ISTACK = 00000000 ( 00000002 )
    -------------------------------------------------------------------------
NEAR_CODE
  Relative segment, address: CODE 0000181F - 00001892 (0x74 bytes), align: 0
  Segment part 152.           Intra module refs:   usbfwSetupHandler
           ENTRY                   ADDRESS         REF BY
           =====                   =======         ======
           usbcrHookProcessOut     0000181F 
               is indirectly called
               XSTACK = 0000000B ( 00000000 )
               ISTACK = 00000000 ( 00000002 )
    -------------------------------------------------------------------------
NEAR_CODE
  Relative segment, address: CODE 00001893 - 0000189C (0xa bytes), align: 0
  Segment part 153.           Intra module refs:   usbcrHookProcessIn
                                                   usbcrHookProcessOut
                                                   usbsrGetStatus
           LOCAL                   ADDRESS         
           =====                   =======         
           ?Subroutine8            00001893 
    -------------------------------------------------------------------------
NEAR_CODE
  Relative segment, address: CODE 0000189D - 000019D3 (0x137 bytes), align: 0
  Segment part 154.           Intra module refs:   usbfwSetupHandler
           ENTRY                   ADDRESS         REF BY
           =====                   =======         ======
           usbcrHookProcessIn      0000189D 
               is indirectly called
               XSTACK = 0000000B ( 00000000 )
               ISTACK = 00000000 ( 00000002 )
    -------------------------------------------------------------------------
NEAR_CODE
  Relative segment, address: CODE 000019D4 - 000019DD (0xa bytes), align: 0
  Segment part 155.           Intra module refs:   usbcrHookProcessIn
                                                   usbcrHookProcessOut
           LOCAL                   ADDRESS         
           =====                   =======         
           ?Subroutine13           000019D4 
    -------------------------------------------------------------------------
NEAR_CODE
  Relative segment, address: CODE 000019DE - 000019EA (0xd bytes), align: 0
  Segment part 156.           Intra module refs:   usbcrHookProcessIn
                                                   usbcrHookProcessOut
           LOCAL                   ADDRESS         
           =====                   =======         
           ?Subroutine6            000019DE 
    -------------------------------------------------------------------------
NEAR_CODE
  Relative segment, address: CODE 000019EB - 000019EC (0x2 bytes), align: 0
  Segment part 157.           Intra module refs:   usbcrHookProcessIn
           LOCAL                   ADDRESS         
[...]
                                                   usbirqHandler (init_peripherals)
                                                   usbsrGetDescriptor (init_peripherals)
    -------------------------------------------------------------------------
RCODE
  Relative segment, address: CODE 00000242 - 0000024D (0xc bytes), align: 0
  Segment part 2.             Intra module refs:   ?US_SHR

    -------------------------------------------------------------------------
  LIBRARY MODULE, NAME : ?S_SHL

  SEGMENTS IN THE MODULE
  ======================
RCODE
  Relative segment, address: CODE 0000024E - 00000250 (0x3 bytes), align: 0
  Segment part 0.
           ENTRY                   ADDRESS         REF BY
           =====                   =======         ======
           ?S_SHL                  0000024E        ConfigureEndpoints (init_peripherals)
                                                   ListenforMaster (init_peripherals)
                                                   main (init_peripherals)
                                                   usbirqHandler (init_peripherals)
                                                   usbsrGetDescriptor (init_peripherals)
    -------------------------------------------------------------------------
RCODE
  Relative segment, address: CODE 00000251 - 00000253 (0x3 bytes), align: 0
  Segment part 1.             Intra module refs:   Segment part 2
           ENTRY                   ADDRESS         REF BY
           =====                   =======         ======
           ?S_SHL_REW              00000251 
    -------------------------------------------------------------------------
RCODE
  Relative segment, address: CODE 00000254 - 00000260 (0xd bytes), align: 0
  Segment part 2.             Intra module refs:   ?S_SHL
                                                   ?S_SHL_REW

    -------------------------------------------------------------------------
  LIBRARY MODULE, NAME : ?ALLOC_XSTACK8

  SEGMENTS IN THE MODULE
  ======================
RCODE
  Relative segment, address: CODE 00000261 - 00000276 (0x16 bytes), align: 0
  Segment part 0.
           ENTRY                   ADDRESS         REF BY
           =====                   =======         ======
           ?ALLOC_XSTACK8          00000261        ConfigureEndpoints (init_peripherals)

    -------------------------------------------------------------------------
  LIBRARY MODULE, NAME : ?DEALLOC_XSTACK8

  SEGMENTS IN THE MODULE
  ======================
RCODE
  Relative segment, address: CODE 00000277 - 00000290 (0x1a bytes), align: 0
  Segment part 0.
           ENTRY                   ADDRESS         REF BY
           =====                   =======         ======
           ?DEALLOC_XSTACK8        00000277        ConfigureEndpoints (init_peripherals)
                                                   main (init_peripherals)
                                                   usbfwSetupHandler (init_peripherals)

    -------------------------------------------------------------------------
  LIBRARY MODULE, NAME : ?ADD_XSTACK_DISP8

  SEGMENTS IN THE MODULE
  ======================
RCODE
  Relative segment, address: CODE 00000291 - 000002AB (0x1b bytes), align: 0
  Segment part 1.
           ENTRY                   ADDRESS         REF BY
           =====                   =======         ======
           ?ADD_XSTACK_DISP0_8     00000291        ?PUSH_XSTACK_I (?PUSH_XSTACK_I)

    -------------------------------------------------------------------------
  LIBRARY MODULE, NAME : ?XSTACK_DISP8

  SEGMENTS IN THE MODULE
  ======================
RCODE
  Relative segment, address: CODE 000002AC - 000002B5 (0xa bytes), align: 0
  Segment part 1.
           ENTRY                   ADDRESS         REF BY
           =====                   =======         ======
           ?XSTACK_DISP0_8         000002AC        ListenforMaster (init_peripherals)
                                                   usbfwReadFifo (init_peripherals)

    -------------------------------------------------------------------------
  LIBRARY MODULE, NAME : ?CALL_IND

  SEGMENTS IN THE MODULE
  ======================
RCODE
  Relative segment, address: CODE 000002B6 - 000002B7 (0x2 bytes), align: 0
  Segment part 0.
           ENTRY                   ADDRESS         REF BY
           =====                   =======         ======
           ?CALL_IND               000002B6        usbfwSetupHandler (init_peripherals)
                                                   usbsuspEnter (init_peripherals)

    -------------------------------------------------------------------------
  LIBRARY MODULE, NAME : ?FUNC_ENTER_XDATA

  SEGMENTS IN THE MODULE
  ======================
RCODE
  Relative segment, address: CODE 000002B8 - 00000317 (0x60 bytes), align: 0
  Segment part 1.
           ENTRY                   ADDRESS         REF BY
           =====                   =======         ======
           ?FUNC_ENTER_XDATA       000002B8        ChangeFeature (init_peripherals)
                                                   ConfigureEndpoints (init_peripherals)
                                                   ListenforMaster (init_peripherals)
                                                   usbdpGetConfigurationDesc (init_peripherals)
                                                   usbfwReadFifo (init_peripherals)
                                                   usbfwSetAllEpStatus (init_peripherals)
                                                   usbfwSetupHandler (init_peripherals)
                                                   usbsrGetDescriptor (init_peripherals)
                                                   usbsrGetStatus (init_peripherals)
                                                   usbsrSetConfiguration (init_peripherals)
                                                   usbsrSetInterface (init_peripherals)

    -------------------------------------------------------------------------
  LIBRARY MODULE, NAME : ?FUNC_LEAVE_XDATA

  SEGMENTS IN THE MODULE
  ======================
RCODE
  Relative segment, address: CODE 00000318 - 0000034F (0x38 bytes), align: 0
  Segment part 1.
           ENTRY                   ADDRESS         REF BY
           =====                   =======         ======
           ?FUNC_LEAVE_XDATA       00000318        ?Subroutine1 (init_peripherals)
                                                   ?Subroutine2 (init_peripherals)
                                                   ?Subroutine3 (init_peripherals)
                                                   ConfigureEndpoints (init_peripherals)

    -------------------------------------------------------------------------
  LIBRARY MODULE, NAME : ?INTERRUPT_ENTER_XSP

  SEGMENTS IN THE MODULE
  ======================
RCODE
  Relative segment, address: CODE 00000350 - 000003AE (0x5f bytes), align: 0
  Segment part 1.
           ENTRY                   ADDRESS         REF BY
           =====                   =======         ======
           ?INTERRUPT_ENTER_XSP    00000350        usbirqHandler (init_peripherals)
                                                   usbirqResumeHandler (init_peripherals)

    -------------------------------------------------------------------------
  LIBRARY MODULE, NAME : ?INTERRUPT_LEAVE_XSP

  SEGMENTS IN THE MODULE
  ======================
RCODE
  Relative segment, address: CODE 000003AF - 000003FE (0x50 bytes), align: 0
  Segment part 1.
           ENTRY                   ADDRESS         REF BY
           =====                   =======         ======
           ?INTERRUPT_LEAVE_XSP    000003AF        usbirqHandler (init_peripherals)
                                                   usbirqResumeHandler (init_peripherals)

    -------------------------------------------------------------------------
  LIBRARY MODULE, NAME : ?PUSH_XSTACK_I

  SEGMENTS IN THE MODULE
  ======================
RCODE
  Relative segment, address: CODE 000003FF - 00000402 (0x4 bytes), align: 0
  Segment part 1.
           ENTRY                   ADDRESS         REF BY
           =====                   =======         ======
           ?PUSH_XSTACK_I_THREE    000003FF        usbfwSetupHandler (init_peripherals)
    -------------------------------------------------------------------------
RCODE
  Relative segment, address: CODE 00000403 - 00000404 (0x2 bytes), align: 0
  Segment part 3.
           ENTRY                   ADDRESS         REF BY
           =====                   =======         ======
           ?PUSH_XSTACK_I_ONE      00000403        main (init_peripherals)
    -------------------------------------------------------------------------
RCODE
  Relative segment, address: CODE 00000405 - 00000411 (0xd bytes), align: 0
  Segment part 4.             Intra module refs:   ?PUSH_XSTACK_I_ONE
                                                   ?PUSH_XSTACK_I_THREE
           ENTRY                   ADDRESS         REF BY
           =====                   =======         ======
           ?PUSH_XSTACK_I          00000405 

    -------------------------------------------------------------------------
  LIBRARY MODULE, NAME : ?PUSH_XSTACK8_X

  SEGMENTS IN THE MODULE
  ======================
RCODE
  Relative segment, address: CODE 00000412 - 00000415 (0x4 bytes), align: 0
  Segment part 2.
           ENTRY                   ADDRESS         REF BY
           =====                   =======         ======
           ?PUSH_XSTACK8_X_THREE   00000412        usbfwSetupHandler (init_peripherals)
    -------------------------------------------------------------------------
RCODE
  Relative segment, address: CODE 00000416 - 0000043E (0x29 bytes), align: 0
  Segment part 5.             Intra module refs:   ?PUSH_XSTACK8_X_THREE
           ENTRY                   ADDRESS         REF BY
           =====                   =======         ======
           ?PUSH_XSTACK8_X         00000416 

    -------------------------------------------------------------------------
  LIBRARY MODULE, NAME : ?UC_SWITCH_DENSE

  SEGMENTS IN THE MODULE
  ======================
RCODE
  Relative segment, address: CODE 0000043F - 00000444 (0x6 bytes), align: 0
  Segment part 0.
           ENTRY                   ADDRESS         REF BY
           =====                   =======         ======
           ?UC_SWITCH_DENSE        0000043F        ChangeFeature (init_peripherals)
                                                   usbcrHookProcessIn (init_peripherals)
                                                   usbirqHookProcessEvents (init_peripherals)
                                                   usbsrGetDescriptor (init_peripherals)
                                                   usbsrGetStatus (init_peripherals)
    -------------------------------------------------------------------------
RCODE
  Relative segment, address: CODE 00000445 - 00000473 (0x2f bytes), align: 0
  Segment part 2.             Intra module refs:   ?UC_SWITCH_DENSE
    -------------------------------------------------------------------------
RCODE
  Relative segment, address: CODE 00000474 - 00000474 (0x1 bytes), align: 0
  Segment part 4.             Intra module refs:   ?UC_SWITCH_DENSE

    -------------------------------------------------------------------------
  LIBRARY MODULE, NAME : ?UC_SWITCH_SPARSE

  SEGMENTS IN THE MODULE
  ======================
RCODE
  Relative segment, address: CODE 00000475 - 0000047B (0x7 bytes), align: 0
  Segment part 0.
           ENTRY                   ADDRESS         REF BY
           =====                   =======         ======
           ?UC_SWITCH_SPARSE       00000475        usbfwSetupHandler (init_peripherals)
    -------------------------------------------------------------------------
RCODE
  Relative segment, address: CODE 0000047C - 0000049D (0x22 bytes), align: 0
  Segment part 2.             Intra module refs:   ?UC_SWITCH_SPARSE
           ENTRY                   ADDRESS         REF BY
           =====                   =======         ======
           ?UC_SWITCH_SPARSE_LEAVE
                                   00000492        ?UC_JMP_IF_IN_RANGE (?UC_JMP_IF_IN_RANGE)
                                                   ?UC_JMP_IF_VALUE (?UC_JMP_IF_VALUE)
    -------------------------------------------------------------------------
RCODE
  Relative segment, address: CODE 0000049E - 0000049E (0x1 bytes), align: 0
  Segment part 4.             Intra module refs:   ?UC_SWITCH_SPARSE

    -------------------------------------------------------------------------
  LIBRARY MODULE, NAME : ?UC_JMP_IF_IN_RANGE

  SEGMENTS IN THE MODULE
  ======================
RCODE
  Relative segment, address: CODE 0000049F - 000004BD (0x1f bytes), align: 0
  Segment part 0.
           ENTRY                   ADDRESS         REF BY
           =====                   =======         ======
           ?UC_JMP_IF_IN_RANGE     0000049F        ?UC_SWITCH_SPARSE_LEAVE (?UC_SWITCH_SPARSE)

    -------------------------------------------------------------------------
  LIBRARY MODULE, NAME : ?UC_JMP_IF_VALUE

  SEGMENTS IN THE MODULE
  ======================
RCODE
  Relative segment, address: CODE 000004BE - 000004D3 (0x16 bytes), align: 0
  Segment part 0.
           ENTRY                   ADDRESS         REF BY
           =====                   =======         ======
           ?UC_JMP_IF_VALUE        000004BE        ?UC_SWITCH_SPARSE_LEAVE (?UC_SWITCH_SPARSE)

    -------------------------------------------------------------------------
  LIBRARY MODULE, NAME : ?low_level_init

  SEGMENTS IN THE MODULE
  ======================
CSTART
  Relative segment, address: CODE 000000F0 - 000000F2 (0x3 bytes), align: 0
  Segment part 6. ROOT.
           ENTRY                   ADDRESS         REF BY
           =====                   =======         ======
           __low_level_init        000000F0        __low_level_init_call (?cmain)




                ****************************************
                *                                      *
                *            MODULE SUMMARY            *
                *                                      *
                ****************************************

Module                    CODE      DATA      XDATA  IDATA    BIT
------                    ----      ----      -----  -----    ---
                         (Rel)  (Rel)  (Abs)  (Rel)  (Rel)  (Rel)
?ADD_XSTACK_DISP8           27
?ALLOC_XSTACK8              22
?CALL_IND                    2
?C_GPTR_LOAD                26
?C_GPTR_STORE               22
?DEALLOC_XSTACK8            26
?FUNC_ENTER_XDATA           96
?FUNC_LEAVE_XDATA           56
?INTERRUPT_ENTER_XSP        95
?INTERRUPT_LEAVE_XSP        80
?MOVE_LONG8_XDATA_IDATA     13
?MOVE_LONG8_XDATA_XDATA     33
?PUSH_XSTACK8_X             45
?PUSH_XSTACK_I              19
?S_SHL                      19
?UC_JMP_IF_IN_RANGE         31
?UC_JMP_IF_VALUE            22
?UC_SWITCH_DENSE            54
?UC_SWITCH_SPARSE           42
?US_SHR                     15
?XSTACK_DISP8               10
?cexit                       5
?cmain                      86
?low_level_init              3
CSTARTUP                    15
  + common                   3
VIRTUAL_REGISTERS                   2                           8
init_peripherals         5 795      7     43  2 254
  + common                 134
usb_descriptor             209
N/A (command line)                 16           256     64
N/A (alignment)
----------               -----     --     --  -----     --      -
Total:                   6 868     25     43  2 510     64      8
  + common                 134


                ****************************************
                *                                      *
                *      SEGMENTS IN ADDRESS ORDER       *
                *                                      *
                ****************************************


SEGMENT              SPACE    START ADDRESS   END ADDRESS     SIZE  TYPE  ALIGN
=======              =====    =============   ===========     ====  ====  =====
INTVEC               CODE          00000000 - 00000085          86   com    0
CSTART               CODE          00000086 - 000000F2          6D   rel    0
DATA_ID              CODE               000000F3                     dse    0
BDATA_ID             CODE               000000F3                     dse    0
BIT_ID               CODE               000000F3                     dse    0
IDATA_ID             CODE               000000F3                     dse    0
IXDATA_ID            CODE               000000F3                     dse    0
PDATA_ID             CODE               000000F3                     dse    0
XDATA_ID             CODE          000000F3 - 0000010F          1D   rel    0
RCODE                CODE          00000110 - 000004D3         3C4   rel    0
DIFUNCT              CODE               000004D4                     dse    0
CODE_C               CODE               000004D4                     dse    0
CODE_N               CODE               000004D4                     dse    0
NEAR_CODE            CODE          000004D4 - 00001B59        1686   rel    0
REGISTERS            DATA          00000000 - 00000007           8   rel    0
VREG                 DATA          00000008 - 0000000F           8   rel    0
PSP                  DATA               00000010                     dse    0
XSP                  DATA          00000010 - 00000011           2   rel    0
DATA_I               DATA               00000012                     dse    0
DATA_Z               DATA          00000012 - 00000018           7   rel    0
BREG                 BIT        00000020.0  -  00000020.7        8   rel    0
SFR_AN               DATA          00000080 - 00000080           1   rel    0
                     DATA          00000088 - 00000089           2 
                     DATA          0000008B - 0000008C           2 
                     DATA          00000090 - 00000091           2 
                     DATA          00000098 - 00000098           1 
                     DATA          0000009A - 0000009E           5 
                     DATA          000000A0 - 000000A0           1 
                     DATA          000000A8 - 000000A8           1 
                     DATA          000000B8 - 000000B8           1 
                     DATA          000000BE - 000000BE           1 
                     DATA          000000C0 - 000000C0           1 
                     DATA          000000C6 - 000000C6           1 
                     DATA          000000CA - 000000CE           5 
                     DATA          000000D2 - 000000D7           6 
                     DATA          000000DA - 000000DB           2 
                     DATA          000000E1 - 000000E1           1 
                     DATA          000000E4 - 000000E5           2 
                     DATA          000000E8 - 000000E9           2 
                     DATA          000000F3 - 000000F5           3 
                     DATA          000000FD - 000000FF           3 
XSTACK               XDATA         0000F000 - 0000F0FF         100   rel    0
XDATA_Z              XDATA         0000F100 - 0000F9B0         8B1   rel    0
XDATA_I              XDATA         0000F9B1 - 0000F9CD          1D   rel    0
ISTACK               IDATA         000000C0 - 000000FF          40   rel    0

                ****************************************
                *                                      *
                *        END OF CROSS REFERENCE        *
                *                                      *
                ****************************************

 7 002 bytes of CODE  memory
    25 bytes of DATA  memory (+ 43 absolute )
 2 510 bytes of XDATA memory
    64 bytes of IDATA memory
     8 bits  of BIT   memory

Errors: none
Warnings: none

