################################################################################
#                                                                              #
#      IAR Universal Linker V4.61L/W32                                         #
#                                                                              #
#           Link time     =  13/May/2010  13:16:39                             #
#           Target CPU    =  x51                                               #
#           List file     =  C:\CCUSB2\ide\rfusb_cc2511\iar\Temp\simple_hid_do #
#                            ngle.map                                          #
#           Output file 1 =  C:\CCUSB2\ide\rfusb_cc2511\iar\simple_hid_dongle. #
#                            hex                                               #
#                            Format: intel-extended                            #
#           Output file 2 =  C:\CCUSB2\ide\rfusb_cc2511\iar\simple_hid_dongle. #
#                            d51                                               #
#                            Format: debug                                     #
#                            UBROF version 10.0.2                              #
#                            Using library modules for C-SPY (-rt)             #
#           Command line  =  -D_NR_OF_BANKS=0 -D_CODEBANK_END=0                #
#                            -D_CODEBANK_START=0                               #
#                            "-IC:\Program Files\IAR Systems\Embedded Workbenc #
#                            h 5.3\8051\CONFIG\"                               #
#                            C:\CCUSB2\ide\rfusb_cc2511\iar\temp\simple_hid_do #
#                            ngle\clock.r51                                    #
#                            C:\CCUSB2\ide\rfusb_cc2511\iar\temp\simple_hid_do #
#                            ngle\hal_assert.r51                               #
#                            C:\CCUSB2\ide\rfusb_cc2511\iar\temp\simple_hid_do #
#                            ngle\hal_board.r51                                #
#                            C:\CCUSB2\ide\rfusb_cc2511\iar\temp\simple_hid_do #
#                            ngle\hal_button.r51                               #
#                            C:\CCUSB2\ide\rfusb_cc2511\iar\temp\simple_hid_do #
#                            ngle\hal_int.r51                                  #
#                            C:\CCUSB2\ide\rfusb_cc2511\iar\temp\simple_hid_do #
#                            ngle\hal_led.r51                                  #
#                            C:\CCUSB2\ide\rfusb_cc2511\iar\temp\simple_hid_do #
#                            ngle\hal_mcu.r51                                  #
#                            C:\CCUSB2\ide\rfusb_cc2511\iar\temp\simple_hid_do #
#                            ngle\hal_timer_32k.r51                            #
#                            C:\CCUSB2\ide\rfusb_cc2511\iar\temp\simple_hid_do #
#                            ngle\simple_audio_dongle.r51                      #
#                            C:\CCUSB2\ide\rfusb_cc2511\iar\temp\simple_hid_do #
#                            ngle\usb_audio.r51                                #
#                            C:\CCUSB2\ide\rfusb_cc2511\iar\temp\simple_hid_do #
#                            ngle\usb_audio_controls.r51                       #
#                            C:\CCUSB2\ide\rfusb_cc2511\iar\temp\simple_hid_do #
#                            ngle\usb_audio_descriptor.r51                     #
#                            C:\CCUSB2\ide\rfusb_cc2511\iar\temp\simple_hid_do #
#                            ngle\usb_audio_hooks.r51                          #
#                            C:\CCUSB2\ide\rfusb_cc2511\iar\temp\simple_hid_do #
#                            ngle\usb_class_requests.r51                       #
#                            C:\CCUSB2\ide\rfusb_cc2511\iar\temp\simple_hid_do #
#                            ngle\usb_descriptor_parser.r51                    #
#                            C:\CCUSB2\ide\rfusb_cc2511\iar\temp\simple_hid_do #
#                            ngle\usb_firmware_library_config.r51              #
#                            C:\CCUSB2\ide\rfusb_cc2511\iar\temp\simple_hid_do #
#                            ngle\usb_framework.r51                            #
#                            C:\CCUSB2\ide\rfusb_cc2511\iar\temp\simple_hid_do #
#                            ngle\usb_interrupt.r51                            #
#                            C:\CCUSB2\ide\rfusb_cc2511\iar\temp\simple_hid_do #
#                            ngle\usb_standard_requests.r51                    #
#                            C:\CCUSB2\ide\rfusb_cc2511\iar\temp\simple_hid_do #
#                            ngle\usb_suspend.r51                              #
#                            C:\CCUSB2\ide\rfusb_cc2511\iar\temp\simple_hid_do #
#                            ngle\util_buffer.r51                              #
#                            -o                                                #
#                            C:\CCUSB2\ide\rfusb_cc2511\iar\simple_hid_dongle. #
#                            d51                                               #
#                            -l                                                #
#                            C:\CCUSB2\ide\rfusb_cc2511\iar\Temp\simple_hid_do #
#                            ngle.map                                          #
#                            -xmsn                                             #
#                            -IC:\CCUSB2\ide\rfusb_cc2511\iar\..\..\..\tools\c #
#                            c2510\                                            #
#                            -f lnk51ew_cc2510.xcl (-D_IDATA_END=0xFF          #
#                            -D_PDATA_START=0xF000 -D_PDATA_END=0xF0FF         #
#                            -D_IXDATA_START=0xF000 -D_IXDATA_END=0xFDA1       #
#                            -D_XDATA_START=_IXDATA_START                      #
#                            -D_XDATA_END=_IXDATA_END -D_CODE_START=0x0000     #
#                            -D_CODE_END=0x7FFF -D_NEAR_CODE_END=_CODE_END     #
#                            -D_FIRST_BANK_ADDR=0x10000 -D?REGISTER_BANK=0     #
#                            -D_REGISTER_BANK_START=0 -D?PBANK_NUMBER=0xF0     #
#                            -D?PBANK=0x93 -D_BREG_START=0x00 -D?VB=0x20       #
#                            -D_FAR_DATA_NR_OF_BANKS=0x0E                      #
#                            -D_FAR_DATA_START=0x010001                        #
#                            -D_FAR_DATA_END=0xFFFFFF                          #
#                            -D_FAR_CODE_START=_CODE_START                     #
#                            -D_FAR_CODE_END=_CODE_END -f lnk_base.xcl)        #
#                            (-Z(BIT)BREG=_BREG_START -Z(BIT)BIT_N=0-7F        #
#                            -Z(DATA)REGISTERS+8=_REGISTER_BANK_START          #
#                            -Z(DATA)BDATA_Z,BDATA_N,BDATA_I=20-2F             #
#                            -Z(DATA)VREG+_NR_OF_VIRTUAL_REGISTERS=08-7F       #
#                            -Z(DATA)PSP,XSP=08-7F -Z(DATA)DOVERLAY=08-7F      #
#                            -Z(DATA)DATA_I,DATA_Z,DATA_N=08-7F                #
#                            -U(IDATA)0-7F=(DATA)0-7F                          #
#                            -Z(IDATA)IDATA_I,IDATA_Z,IDATA_N=08-_IDATA_END    #
#                            -Z(IDATA)ISTACK+_IDATA_STACK_SIZE#08-_IDATA_END   #
#                            -Z(IDATA)IOVERLAY=08-FF -Z(CODE)INTVEC=0          #
#                            -Z(CODE)CSTART=_CODE_START-_CODE_END              #
#                            -Z(CODE)BIT_ID,BDATA_ID,DATA_ID,IDATA_ID,IXDATA_I #
#                            D,PDATA_ID,XDATA_ID=_CODE_START-_CODE_END         #
#                            -Z(CODE)HUGE_ID=_FAR_CODE_START-_FAR_CODE_END     #
#                            -Z(CODE)BANK_RELAYS,RCODE,DIFUNCT,CODE_C,CODE_N,N #
#                            EAR_CODE=_CODE_START-_CODE_END                    #
#                            -P(CODE)BANKED_CODE=_CODE_START-_CODE_END,[(_CODE #
#                            BANK_START+_FIRST_BANK_ADDR)-(_CODEBANK_END+_FIRS #
#                            T_BANK_ADDR)]*_NR_OF_BANKS+10000                  #
#                            -P(CODE)FAR_CODE_C,FAR_CODE_N,FAR_CODE=[_FAR_CODE #
#                            _START-_FAR_CODE_END]/10000                       #
#                            -P(CODE)HUGE_CODE_C=_FAR_CODE_START-_FAR_CODE_END #
#                            -Z(CODE)CHECKSUM#_CODE_END                        #
#                            -Z(XDATA)EXT_STACK+_EXTENDED_STACK_SIZE=_EXTENDED #
#                            _STACK_START                                      #
#                            -Z(XDATA)PSTACK+_PDATA_STACK_SIZE=_PDATA_START-_P #
#                            DATA_END                                          #
#                            -Z(XDATA)XSTACK+_XDATA_STACK_SIZE=_XDATA_START-_X #
#                            DATA_END                                          #
#                            -Z(XDATA)PDATA_Z,PDATA_I=_PDATA_START-_PDATA_END  #
#                            -P(XDATA)PDATA_N=_PDATA_START-_PDATA_END          #
#                            -Z(XDATA)IXDATA_Z,IXDATA_I=_IXDATA_START-_IXDATA_ #
#                            END                                               #
#                            -P(XDATA)IXDATA_N=_IXDATA_START-_IXDATA_END       #
#                            -Z(XDATA)XDATA_Z,XDATA_I=_XDATA_START-_XDATA_END  #
#                            -P(XDATA)XDATA_N=_XDATA_START-_XDATA_END          #
#                            -Z(XDATA)XDATA_HEAP+_XDATA_HEAP_SIZE=_XDATA_START #
#                            -_XDATA_END                                       #
#                            -Z(CONST)XDATA_ROM_C=_XDATA_START-_XDATA_END      #
#                            -Z(XDATA)FAR_Z=[_FAR_DATA_START-_FAR_DATA_END]/10 #
#                            000                                               #
#                            -Z(XDATA)FAR_I=[_FAR_DATA_START-_FAR_DATA_END]/10 #
#                            000                                               #
#                            -Z(CODE)FAR_ID=[_FAR_CODE_START-_FAR_CODE_END]/10 #
#                            000                                               #
#                            -Z(XDATA)FAR_HEAP+_FAR_HEAP_SIZE=[_FAR_DATA_START #
#                            -_FAR_DATA_END]/10000                             #
#                            -P(XDATA)FAR_N=[_FAR_DATA_START-_FAR_DATA_END]*_F #
#                            AR_DATA_NR_OF_BANKS+10000                         #
#                            -P(CONST)FAR_ROM_C=[_FAR_DATA_START-_FAR_DATA_END #
#                            ]*_FAR_DATA_NR_OF_BANKS+10000                     #
#                            -Z(XDATA)HUGE_Z,HUGE_I=_FAR_DATA_START-_FAR_DATA_ #
#                            END                                               #
#                            -P(XDATA)HUGE_N=_FAR_DATA_START-_FAR_DATA_END     #
#                            -Z(XDATA)HUGE_HEAP+_HUGE_HEAP_SIZE=_FAR_DATA_STAR #
#                            T-_FAR_DATA_END                                   #
#                            -Z(CONST)HUGE_ROM_C=_FAR_DATA_START-_FAR_DATA_END #
#                            -cx51) -D_NR_OF_VIRTUAL_REGISTERS=8               #
#                            -e_medium_write=_formatted_write                  #
#                            -e_medium_read=_formatted_read -rt                #
#                            -Ointel-extended=C:\CCUSB2\ide\rfusb_cc2511\iar\s #
#                            imple_hid_dongle.hex                              #
#                            -s __program_start                                #
#                            "C:\Program Files\IAR Systems\Embedded Workbench  #
#                            5.3\8051\LIB\CLIB\cl-pli-nlxd-1e16x01.r51"        #
#                            -D_IDATA_STACK_SIZE=0x40                          #
#                            -D_EXTENDED_STACK_START=0x00                      #
#                            -D_EXTENDED_STACK_SIZE=0x00                       #
#                            -D_PDATA_STACK_SIZE=0x80                          #
#                            -D_XDATA_STACK_SIZE=0x100                         #
#                            -D_XDATA_HEAP_SIZE=0xFF -D_FAR_HEAP_SIZE=0xFFF    #
#                            -D_HUGE_HEAP_SIZE=0xFFF                           #
#                                                                              #
#                           Copyright (C) 1987-2009 IAR Systems AB.            #
################################################################################





                ****************************************
                *                                      *
                *           CROSS REFERENCE            *
                *                                      *
                ****************************************

       Program entry at : CODE      000000C9  Relocatable, from module : CSTARTUP




                ****************************************
                *                                      *
                *            RUNTIME MODEL             *
                *                                      *
                ****************************************

  __calling_convention     = xdata_reentrant
  __code_model             = near
  __core                   = plain
  __data_model             = large
  __dptr_size              = 16
  __extended_stack         = disabled
  __location_for_constants = data
  __number_of_dptrs        = 1
  __rt_version             = 1



                ****************************************
                *                                      *
                *              MODULE MAP              *
                *                                      *
                ****************************************


  DEFINED ABSOLUTE ENTRIES
    *************************************************************************

  DEFINED ABSOLUTE ENTRIES
  PROGRAM MODULE, NAME : ?ABS_ENTRY_MOD

Absolute parts
           ENTRY                   ADDRESS         REF BY
           =====                   =======         ======
           _HUGE_HEAP_SIZE         00000FFF 
           _FAR_HEAP_SIZE          00000FFF 
           _XDATA_HEAP_SIZE        000000FF 
           _XDATA_STACK_SIZE       00000100 
           _PDATA_STACK_SIZE       00000080 
           _EXTENDED_STACK_SIZE    00000000 
           _EXTENDED_STACK_START   00000000 
           _IDATA_STACK_SIZE       00000040 
           _NR_OF_VIRTUAL_REGISTERS
                                   00000008 
           _FAR_CODE_END           00007FFF 
           _FAR_CODE_START         00000000 
           _FAR_DATA_END           00FFFFFF 
           _FAR_DATA_START         00010001 
           _FAR_DATA_NR_OF_BANKS   0000000E 
           ?VB                     00000020        ?FUNC_ENTER_XDATA (?FUNC_ENTER_XDATA)
                                                   ?FUNC_LEAVE_XDATA (?FUNC_LEAVE_XDATA)
                                                   ?INTERRUPT_ENTER_XSP (?INTERRUPT_ENTER_XSP)
                                                   ?INTERRUPT_LEAVE_XSP (?INTERRUPT_LEAVE_XSP)
           _BREG_START             00000000 
           ?PBANK                  00000093 
           ?PBANK_NUMBER           000000F0 
           _REGISTER_BANK_START    00000000 
           ?REGISTER_BANK          00000000        Segment part 6 (CSTARTUP)
           _FIRST_BANK_ADDR        00010000 
           _NEAR_CODE_END          00007FFF 
           _CODE_END               00007FFF 
           _CODE_START             00000000 
           _XDATA_END              0000FDA1 
           _XDATA_START            0000F000 
           _IXDATA_END             0000FDA1 
           _IXDATA_START           0000F000 
           _PDATA_END              0000F0FF 
           _PDATA_START            0000F000 
           _IDATA_END              000000FF 
           _CODEBANK_START         00000000 
           _CODEBANK_END           00000000 
           _NR_OF_BANKS            00000000 
    *************************************************************************

  FILE NAME : C:\CCUSB2\ide\rfusb_cc2511\iar\temp\simple_hid_dongle\clock.r51
    *************************************************************************

  FILE NAME : C:\CCUSB2\ide\rfusb_cc2511\iar\temp\simple_hid_dongle\hal_assert.r51
    *************************************************************************

  FILE NAME : C:\CCUSB2\ide\rfusb_cc2511\iar\temp\simple_hid_dongle\hal_board.r51
    *************************************************************************

  FILE NAME : C:\CCUSB2\ide\rfusb_cc2511\iar\temp\simple_hid_dongle\hal_button.r51
    *************************************************************************

  FILE NAME : C:\CCUSB2\ide\rfusb_cc2511\iar\temp\simple_hid_dongle\hal_int.r51
  PROGRAM MODULE, NAME : hal_int

  SEGMENTS IN THE MODULE
  ======================
SFR_AN
  Relative segment, address: DATA 00000089 - 00000089 (0x1 bytes), align: 0
  Segment part 1. ROOT.       Intra module refs:   usbAudioInit
                                                   usbirqResumeHandler
                                                   usbsuspEnter
           ENTRY                   ADDRESS         REF BY
           =====                   =======         ======
           P0IFG                   00000089 
    -------------------------------------------------------------------------
SFR_AN
  Relative segment, address: DATA 0000008B - 0000008B (0x1 bytes), align: 0
  Segment part 2. ROOT.       Intra module refs:   usbAudioInit
                                                   usbirqHandler
           ENTRY                   ADDRESS         REF BY
           =====                   =======         ======
           P2IFG                   0000008B 
    -------------------------------------------------------------------------
SFR_AN
  Relative segment, address: DATA 0000008C - 0000008C (0x1 bytes), align: 0
  Segment part 3. ROOT.       Intra module refs:   usbAudioInit
           ENTRY                   ADDRESS         REF BY
           =====                   =======         ======
           PICTL                   0000008C 
    -------------------------------------------------------------------------
SFR_AN
  Relative segment, address: DATA 00000090 - 00000090 (0x1 bytes), align: 0
  Segment part 4. ROOT.       Intra module refs:   main
                                                   usbAudioInit
                                                   usbsuspEnter
           ENTRY                   ADDRESS         REF BY
           =====                   =======         ======
           _A_P1                   00000090 
    -------------------------------------------------------------------------
SFR_AN
  Relative segment, address: DATA 0000009A - 0000009A (0x1 bytes), align: 0
  Segment part 5. ROOT.       Intra module refs:   usbAudioInit
           ENTRY                   ADDRESS         REF BY
           =====                   =======         ======
           IEN2                    0000009A 
    -------------------------------------------------------------------------
SFR_AN
  Relative segment, address: DATA 000000A8 - 000000A8 (0x1 bytes), align: 0
  Segment part 6. ROOT.       Intra module refs:   usbAudioInit
           ENTRY                   ADDRESS         REF BY
           =====                   =======         ======
           _A_IEN0                 000000A8 
    -------------------------------------------------------------------------
SFR_AN
  Relative segment, address: DATA 000000B8 - 000000B8 (0x1 bytes), align: 0
  Segment part 7. ROOT.       Intra module refs:   usbAudioInit
                                                   usbirqResumeHandler
                                                   usbsuspEnter
           ENTRY                   ADDRESS         REF BY
           =====                   =======         ======
           _A_IEN1                 000000B8 
    -------------------------------------------------------------------------
SFR_AN
  Relative segment, address: DATA 000000BE - 000000BE (0x1 bytes), align: 0
  Segment part 8. ROOT.       Intra module refs:   main
                                                   usbAudioInit
                                                   usbirqHandler
                                                   usbirqResumeHandler
           ENTRY                   ADDRESS         REF BY
           =====                   =======         ======
           SLEEP                   000000BE 
    -------------------------------------------------------------------------
SFR_AN
  Relative segment, address: DATA 000000C0 - 000000C0 (0x1 bytes), align: 0
  Segment part 9. ROOT.       Intra module refs:   usbAudioInit
                                                   usbirqResumeHandler
                                                   usbsuspEnter
           ENTRY                   ADDRESS         REF BY
           =====                   =======         ======
           _A_IRCON                000000C0 
    -------------------------------------------------------------------------
SFR_AN
  Relative segment, address: DATA 000000C6 - 000000C6 (0x1 bytes), align: 0
  Segment part 10. ROOT.      Intra module refs:   main
           ENTRY                   ADDRESS         REF BY
           =====                   =======         ======
           CLKCON                  000000C6 
    -------------------------------------------------------------------------
SFR_AN
  Relative segment, address: DATA 000000E8 - 000000E8 (0x1 bytes), align: 0
  Segment part 11. ROOT.      Intra module refs:   usbAudioInit
                                                   usbirqHandler
           ENTRY                   ADDRESS         REF BY
           =====                   =======         ======
           _A_IRCON2               000000E8 
    -------------------------------------------------------------------------
SFR_AN
  Relative segment, address: DATA 000000F4 - 000000F4 (0x1 bytes), align: 0
  Segment part 12. ROOT.      Intra module refs:   main
                                                   usbAudioInit
           ENTRY                   ADDRESS         REF BY
           =====                   =======         ======
           P1SEL                   000000F4 
    -------------------------------------------------------------------------
SFR_AN
  Relative segment, address: DATA 000000FE - 000000FE (0x1 bytes), align: 0
  Segment part 13. ROOT.      Intra module refs:   main
                                                   usbAudioInit
           ENTRY                   ADDRESS         REF BY
           =====                   =======         ======
           P1DIR                   000000FE 
    -------------------------------------------------------------------------
XDATA_Z
  Relative segment, address: XDATA 0000F100 - 0000F101 (0x2 bytes), align: 0
  Segment part 22.            Intra module refs:   T1_ISR
           LOCAL                   ADDRESS         
           =====                   =======         
           fptr                    0000F100 
    -------------------------------------------------------------------------
NEAR_CODE
  Relative segment, address: CODE 0000050D - 00000526 (0x1a bytes), align: 0
  Segment part 44.            Intra module refs:   T1_ISR::??INTVEC 75
           ENTRY                   ADDRESS         REF BY
           =====                   =======         ======
           T1_ISR                  0000050D 
               interrupt function
               ISTACK = 00000000 ( 0000000F )
    -------------------------------------------------------------------------
NEAR_CODE
  Relative segment, address: CODE 00000527 - 0000052B (0x5 bytes), align: 0
  Segment part 45.            Intra module refs:   T1_ISR
                                                   usbirqResumeHandler
           LOCAL                   ADDRESS         
           =====                   =======         
           ?Subroutine23           00000527 
    -------------------------------------------------------------------------
DATA_Z
  Relative segment, address: DATA 00000012 - 00000016 (0x5 bytes), align: 0
  Segment part 23.            Intra module refs:   usbAudioInit
                                                   usbAudioProcessEvents
                                                   usbirqHandler
                                                   usbsuspEnter
           ENTRY                   ADDRESS         REF BY
           =====                   =======         ======
           usbirqData              00000012 
    -------------------------------------------------------------------------
NEAR_CODE
  Relative segment, address: CODE 0000052C - 000005C7 (0x9c bytes), align: 0
  Segment part 46.            Intra module refs:   usbirqHandler::??INTVEC 51
           ENTRY                   ADDRESS         REF BY
           =====                   =======         ======
           usbirqHandler           0000052C 
               interrupt function
               ISTACK = 00000000 ( 00000010 )
    -------------------------------------------------------------------------
NEAR_CODE
  Relative segment, address: CODE 000005C8 - 000005E7 (0x20 bytes), align: 0
  Segment part 47.            Intra module refs:   usbirqResumeHandler::??INTVEC 107
           ENTRY                   ADDRESS         REF BY
           =====                   =======         ======
           usbirqResumeHandler     000005C8 
               interrupt function
               calls direct
               ISTACK = 00000000 ( 0000000F )
    -------------------------------------------------------------------------
XDATA_Z
  Relative segment, address: XDATA 0000F102 - 0000F10F (0xe bytes), align: 0
  Segment part 24.            Intra module refs:   usbsuspEnter
                                                   usbsuspStopPm1
           LOCAL                   ADDRESS         
           =====                   =======         
           usbsuspEnterXdata       0000F102 
    -------------------------------------------------------------------------
XDATA_Z
  Relative segment, address: XDATA 0000F110 - 0000F111 (0x2 bytes), align: 0
  Segment part 25.            Intra module refs:   usbsuspEnter
           LOCAL                   ADDRESS         
           =====                   =======         
           pUsbsuspEnterXdata      0000F110 
    -------------------------------------------------------------------------
XDATA_Z
  Relative segment, address: XDATA 0000F112 - 0000F113 (0x2 bytes), align: 0
  Segment part 26.            Intra module refs:   usbsuspEnter
           ENTRY                   ADDRESS         REF BY
           =====                   =======         ======
           pFnSuspendEnterHook     0000F112 
    -------------------------------------------------------------------------
XDATA_Z
  Relative segment, address: XDATA 0000F114 - 0000F115 (0x2 bytes), align: 0
  Segment part 27.            Intra module refs:   usbsuspEnter
           ENTRY                   ADDRESS         REF BY
           =====                   =======         ======
           pFnSuspendExitHook      0000F114 
    -------------------------------------------------------------------------
NEAR_CODE
  Relative segment, address: CODE 000005E8 - 00000682 (0x9b bytes), align: 0
  Segment part 48.            Intra module refs:   usbAudioProcessEvents
           ENTRY                   ADDRESS         REF BY
           =====                   =======         ======
           usbsuspEnter            000005E8 
               XSTACK = 0000000A ( 00000000 )
               ISTACK = 00000000 ( 00000002 )
    -------------------------------------------------------------------------
NEAR_CODE
  Relative segment, address: CODE 00000683 - 00000686 (0x4 bytes), align: 0
  Segment part 49.            Intra module refs:   T1_ISR
                                                   usbsuspEnter
           LOCAL                   ADDRESS         
           =====                   =======         
           ?Subroutine4            00000683 
    -------------------------------------------------------------------------
NEAR_CODE
  Relative segment, address: CODE 00000687 - 0000068F (0x9 bytes), align: 0
  Segment part 50.            Intra module refs:   ?Subroutine3
                                                   ?Subroutine4
           LOCAL                   ADDRESS         
           =====                   =======         
           ?Subroutine20           00000687 
    -------------------------------------------------------------------------
NEAR_CODE
  Relative segment, address: CODE 00000690 - 000006A5 (0x16 bytes), align: 0
  Segment part 51.            Intra module refs:   usbirqResumeHandler
           ENTRY                   ADDRESS         REF BY
           =====                   =======         ======
           usbsuspStopPm1          00000690 
               ISTACK = 00000000 ( 00000002 )
    -------------------------------------------------------------------------
XDATA_Z
  Relative segment, address: XDATA 0000F116 - 0000F117 (0x2 bytes), align: 0
  Segment part 28.            Intra module refs:   ?Subroutine1
                                                   ?Subroutine25
                                                   ?Subroutine9
                                                   usbdpFindNext
           LOCAL                   ADDRESS         
           =====                   =======         
           usbdpData               0000F116 
    -------------------------------------------------------------------------
NEAR_CODE
  Relative segment, address: CODE 000006A6 - 000006EA (0x45 bytes), align: 0
  Segment part 52.            Intra module refs:   ConfigureEndpoints
                                                   usbdpGetConfigurationDesc
                                                   usbsrGetDescriptor
                                                   usbsrSetConfiguration
                                                   usbsrSetInterface
           ENTRY                   ADDRESS         REF BY
           =====                   =======         ======
           usbdpFindNext           000006A6 
               XSTACK = 00000011 ( 00000000 )
               ISTACK = 00000000 ( 00000002 )
    -------------------------------------------------------------------------
XDATA_Z
  Relative segment, address: XDATA 0000F118 - 0000F128 (0x11 bytes), align: 0
  Segment part 29.            Intra module refs:   ?Subroutine24
                                                   ChangeFeature
                                                   Segment part 73
                                                   Segment part 75
                                                   Segment part 98
                                                   usbAudioInit
                                                   usbAudioProcessEvents
                                                   usbcrHookProcessIn
                                                   usbcrHookProcessOut
                                                   usbfwSetAllEpStatus
                                                   usbfwSetupHandler
                                                   usbsrGetDescriptor
                                                   usbsrGetStatus
                                                   usbsrSetConfiguration
                                                   usbsrSetInterface
           ENTRY                   ADDRESS         REF BY
           =====                   =======         ======
           usbfwData               0000F118 
    -------------------------------------------------------------------------
XDATA_Z
  Relative segment, address: XDATA 0000F129 - 0000F12D (0x5 bytes), align: 0
  Segment part 30.            Intra module refs:   ?Subroutine11
                                                   ?Subroutine12
                                                   ?Subroutine15
                                                   ?Subroutine21
                                                   ?Subroutine7
                                                   ?Subroutine8
                                                   Segment part 99
                                                   usbfwSetupHandler
                                                   usbsrGetDescriptor
                                                   usbsrGetStatus
           ENTRY                   ADDRESS         REF BY
           =====                   =======         ======
           usbSetupData            0000F129 
    -------------------------------------------------------------------------
XDATA_Z
  Relative segment, address: XDATA 0000F12E - 0000F135 (0x8 bytes), align: 0
  Segment part 31.            Intra module refs:   ChangeFeature
                                                   usbcrHookProcessIn
                                                   usbcrHookProcessOut
                                                   usbfwSetupHandler
                                                   usbsrGetDescriptor
                                                   usbsrGetStatus
                                                   usbsrSetConfiguration
                                                   usbsrSetInterface
           ENTRY                   ADDRESS         REF BY
           =====                   =======         ======
           usbSetupHeader          0000F12E 
    -------------------------------------------------------------------------
DATA_Z
  Relative segment, address: DATA 00000017 - 00000018 (0x2 bytes), align: 0
  Segment part 32.            Intra module refs:   usbAudioProcessEvents
                                                   usbfwSetupHandler
           LOCAL                   ADDRESS         
           =====                   =======         
           ProcessFunc             00000017 
    -------------------------------------------------------------------------
XDATA_Z
  Relative segment, address: XDATA 0000F136 - 0000F137 (0x2 bytes), align: 0
  Segment part 33.            Intra module refs:   usbsrGetStatus
           LOCAL                   ADDRESS         
           =====                   =======         
           usbsrGetStatus::status
                                   0000F136 
    -------------------------------------------------------------------------
XDATA_I
  Relative segment, address: XDATA 0000F13D - 0000F19C (0x60 bytes), align: 0
  Segment part 34.            Intra module refs:   usbAudioProcessEvents
           ENTRY                   ADDRESS         REF BY
           =====                   =======         ======
           SINE_TABLE              0000F13D 
    -------------------------------------------------------------------------
XDATA_Z
  Relative segment, address: XDATA 0000F138 - 0000F13A (0x3 bytes), align: 0
  Segment part 36.            Intra module refs:   ?Subroutine10
                                                   ?Subroutine14
                                                   main
           ENTRY                   ADDRESS         REF BY
           =====                   =======         ======
           audioData               0000F138 
    -------------------------------------------------------------------------
NEAR_CODE
  Relative segment, address: CODE 000006EB - 000006F3 (0x9 bytes), align: 0
  Segment part 53.            Intra module refs:   usbvrHookProcessIn
                                                   usbvrHookProcessOut
           LOCAL                   ADDRESS         
           =====                   =======         
           ?Subroutine24           000006EB 
    -------------------------------------------------------------------------
NEAR_CODE
  Relative segment, address: CODE 000006F4 - 000006F4 (0x1 bytes), align: 0
  Segment part 54.            Intra module refs:   ?Subroutine24
                                                   usbsuspStopPm1
    -------------------------------------------------------------------------
NEAR_CODE
  Relative segment, address: CODE 000006F5 - 000006F9 (0x5 bytes), align: 0
  Segment part 55.            Intra module refs:   Segment part 54
                                                   usbAudioInit
                                                   usbcrHookProcessIn
                                                   usbcrHookProcessOut
                                                   usbdpFindNext
                                                   usbsuspEnter
    -------------------------------------------------------------------------
NEAR_CODE
  Relative segment, address: CODE 000006FA - 00000705 (0xc bytes), align: 0
  Segment part 56.            Intra module refs:   usbdpFindNext
           LOCAL                   ADDRESS         
           =====                   =======         
           ?Subroutine9            000006FA 
    -------------------------------------------------------------------------
NEAR_CODE
  Relative segment, address: CODE 00000706 - 00000716 (0x11 bytes), align: 0
  Segment part 57.            Intra module refs:   usbdpFindNext
           LOCAL                   ADDRESS         
           =====                   =======         
           ?Subroutine1            00000706 
    -------------------------------------------------------------------------
NEAR_CODE
  Relative segment, address: CODE 00000717 - 00000720 (0xa bytes), align: 0
  Segment part 58.            Intra module refs:   ?Subroutine0
                                                   ?Subroutine1
           LOCAL                   ADDRESS         
           =====                   =======         
           ?Subroutine25           00000717 
    -------------------------------------------------------------------------
NEAR_CODE
  Relative segment, address: CODE 00000721 - 00000753 (0x33 bytes), align: 0
  Segment part 59.            Intra module refs:   usbAudioInit
                                                   usbsrGetDescriptor
                                                   usbsrSetConfiguration
                                                   usbsrSetInterface
           ENTRY                   ADDRESS         REF BY
           =====                   =======         ======
           usbdpGetConfigurationDesc
                                   00000721 
               calls direct
               XSTACK = 0000000B ( 00000009 )
    -------------------------------------------------------------------------
NEAR_CODE
  Relative segment, address: CODE 00000754 - 00000A4D (0x2fa bytes), align: 0
  Segment part 60.            Intra module refs:   usbAudioProcessEvents
           ENTRY                   ADDRESS         REF BY
           =====                   =======         ======
           usbfwSetupHandler       00000754 
               calls direct
               XSTACK = 0000000A ( 0000000E )
    -------------------------------------------------------------------------
NEAR_CODE
  Relative segment, address: CODE 00000A4E - 00000A5E (0x11 bytes), align: 0
  Segment part 61.            Intra module refs:   usbfwSetupHandler
           LOCAL                   ADDRESS         
           =====                   =======         
           ?Subroutine15           00000A4E 
    -------------------------------------------------------------------------
NEAR_CODE
  Relative segment, address: CODE 00000A5F - 00000A6B (0xd bytes), align: 0
  Segment part 62.            Intra module refs:   usbfwSetupHandler
           LOCAL                   ADDRESS         
           =====                   =======         
           ?Subroutine8            00000A5F 
    -------------------------------------------------------------------------
NEAR_CODE
  Relative segment, address: CODE 00000A6C - 00000A79 (0xe bytes), align: 0
  Segment part 63.            Intra module refs:   usbfwSetupHandler
           LOCAL                   ADDRESS         
           =====                   =======         
           ?Subroutine7            00000A6C 
    -------------------------------------------------------------------------
NEAR_CODE
  Relative segment, address: CODE 00000A7A - 00000AB1 (0x38 bytes), align: 0
  Segment part 64.            Intra module refs:   usbAudioProcessEvents
                                                   usbsrSetConfiguration
           ENTRY                   ADDRESS         REF BY
           =====                   =======         ======
           usbfwSetAllEpStatus     00000A7A 
               XSTACK = 0000000B ( 00000009 )
               ISTACK = 00000000 ( 00000001 )
    -------------------------------------------------------------------------
NEAR_CODE
  Relative segment, address: CODE 00000AB2 - 00000AD3 (0x22 bytes), align: 0
  Segment part 65.            Intra module refs:   usbfwSetupHandler
           ENTRY                   ADDRESS         REF BY
           =====                   =======         ======
           usbfwReadFifo           00000AB2 
               XSTACK = 0000000E ( 0000000A )
               ISTACK = 00000000 ( 00000001 )
    -------------------------------------------------------------------------
NEAR_CODE
  Relative segment, address: CODE 00000AD4 - 00000AD8 (0x5 bytes), align: 0
  Segment part 66.            Intra module refs:   usbAudioProcessEvents
                                                   usbfwReadFifo
                                                   usbfwWriteFifo
           LOCAL                   ADDRESS         
           =====                   =======         
           ?Subroutine28           00000AD4 
    -------------------------------------------------------------------------
NEAR_CODE
  Relative segment, address: CODE 00000AD9 - 00000AFC (0x24 bytes), align: 0
  Segment part 67.            Intra module refs:   usbAudioProcessEvents
                                                   usbfwSetupHandler
           ENTRY                   ADDRESS         REF BY
           =====                   =======         ======
           usbfwWriteFifo          00000AD9 
               XSTACK = 0000000E ( 0000000A )
               ISTACK = 00000000 ( 00000001 )
    -------------------------------------------------------------------------
NEAR_CODE
  Relative segment, address: CODE 00000AFD - 00000B07 (0xb bytes), align: 0
  Segment part 68.            Intra module refs:   usbfwReadFifo
                                                   usbfwWriteFifo
           LOCAL                   ADDRESS         
           =====                   =======         
           ?Subroutine18           00000AFD 
    -------------------------------------------------------------------------
NEAR_CODE
  Relative segment, address: CODE 00000B08 - 00000B17 (0x10 bytes), align: 0
  Segment part 69.            Intra module refs:   usbfwReadFifo
                                                   usbfwWriteFifo
           LOCAL                   ADDRESS         
           =====                   =======         
           ?Subroutine2            00000B08 
    -------------------------------------------------------------------------
NEAR_CODE
  Relative segment, address: CODE 00000B18 - 00000BEA (0xd3 bytes), align: 0
  Segment part 70.            Intra module refs:   usbfwSetupHandler
           ENTRY                   ADDRESS         REF BY
           =====                   =======         ======
           usbsrGetStatus          00000B18 
               XSTACK = 0000000B ( 00000009 )
    -------------------------------------------------------------------------
NEAR_CODE
  Relative segment, address: CODE 00000BEB - 00000BEF (0x5 bytes), align: 0
  Segment part 71.            Intra module refs:   ChangeFeature
                                                   usbdpGetConfigurationDesc
                                                   usbfwSetAllEpStatus
                                                   usbsrGetStatus
                                                   usbsrSetInterface
           LOCAL                   ADDRESS         
           =====                   =======         
           ?Subroutine26           00000BEB 
    -------------------------------------------------------------------------
NEAR_CODE
  Relative segment, address: CODE 00000BF0 - 00000BF1 (0x2 bytes), align: 0
  Segment part 72.            Intra module refs:   ChangeFeature
                                                   usbsrGetStatus
           LOCAL                   ADDRESS         
           =====                   =======         
           ?Subroutine17           00000BF0 
    -------------------------------------------------------------------------
NEAR_CODE
  Relative segment, address: CODE 00000BF2 - 00000BF9 (0x8 bytes), align: 0
  Segment part 73.            Intra module refs:   ?Subroutine17
                                                   ConfigureEndpoints
    -------------------------------------------------------------------------
NEAR_CODE
  Relative segment, address: CODE 00000BFA - 00000BFB (0x2 bytes), align: 0
  Segment part 74.            Intra module refs:   ChangeFeature
                                                   usbsrGetStatus
           LOCAL                   ADDRESS         
           =====                   =======         
           ?Subroutine16           00000BFA 
    -------------------------------------------------------------------------
NEAR_CODE
  Relative segment, address: CODE 00000BFC - 00000C03 (0x8 bytes), align: 0
  Segment part 75.            Intra module refs:   ?Subroutine16
                                                   ConfigureEndpoints
    -------------------------------------------------------------------------
NEAR_CODE
  Relative segment, address: CODE 00000C04 - 00000CB8 (0xb5 bytes), align: 0
  Segment part 76.            Intra module refs:   usbfwSetupHandler
           LOCAL                   ADDRESS         
           =====                   =======         
           ChangeFeature           00000C04 
               XSTACK = 0000000B ( 00000009 )
               ISTACK = 00000000 ( 00000001 )
    -------------------------------------------------------------------------
NEAR_CODE
  Relative segment, address: CODE 00000CB9 - 00000E88 (0x1d0 bytes), align: 0
  Segment part 77.            Intra module refs:   usbfwSetupHandler
           ENTRY                   ADDRESS         REF BY
           =====                   =======         ======
           usbsrGetDescriptor      00000CB9 
               calls direct
               XSTACK = 0000000B ( 0000000B )
               ISTACK = 00000000 ( 00000002 )
    -------------------------------------------------------------------------
NEAR_CODE
  Relative segment, address: CODE 00000E89 - 00000E9E (0x16 bytes), align: 0
  Segment part 78.            Intra module refs:   usbsrGetDescriptor
           LOCAL                   ADDRESS         
           =====                   =======         
           ?Subroutine11           00000E89 
    -------------------------------------------------------------------------
NEAR_CODE
  Relative segment, address: CODE 00000E9F - 00000EA4 (0x6 bytes), align: 0
  Segment part 79.            Intra module refs:   usbdpFindNext
                                                   usbsrGetDescriptor
           LOCAL                   ADDRESS         
           =====                   =======         
           ?Subroutine6            00000E9F 
    -------------------------------------------------------------------------
NEAR_CODE
  Relative segment, address: CODE 00000EA5 - 00000EA9 (0x5 bytes), align: 0
  Segment part 80.            Intra module refs:   usbsrGetDescriptor
           LOCAL                   ADDRESS         
           =====                   =======         
           ?Subroutine5            00000EA5 
    -------------------------------------------------------------------------
NEAR_CODE
  Relative segment, address: CODE 00000EAA - 00000EB9 (0x10 bytes), align: 0
  Segment part 81.            Intra module refs:   ?Subroutine5
                                                   usbsrGetDescriptor
           LOCAL                   ADDRESS         
           =====                   =======         
           ?Subroutine19           00000EAA 
    -------------------------------------------------------------------------
NEAR_CODE
  Relative segment, address: CODE 00000EBA - 00000EC3 (0xa bytes), align: 0
  Segment part 82.            Intra module refs:   usbdpGetConfigurationDesc
                                                   usbsrGetDescriptor
           LOCAL                   ADDRESS         
           =====                   =======         
           ?Subroutine0            00000EBA 
    -------------------------------------------------------------------------
NEAR_CODE
  Relative segment, address: CODE 00000EC4 - 0000100B (0x148 bytes), align: 0
  Segment part 83.            Intra module refs:   usbsrSetConfiguration
                                                   usbsrSetInterface
           LOCAL                   ADDRESS         
           =====                   =======         
           ConfigureEndpoints      00000EC4 
               calls direct
               XSTACK = 0000000B ( 00000011 )
               ISTACK = 00000000 ( 00000001 )
    -------------------------------------------------------------------------
NEAR_CODE
  Relative segment, address: CODE 0000100C - 0000101A (0xf bytes), align: 0
  Segment part 84.            Intra module refs:   ConfigureEndpoints
           LOCAL                   ADDRESS         
           =====                   =======         
           ?Subroutine13           0000100C 
    -------------------------------------------------------------------------
NEAR_CODE
  Relative segment, address: CODE 0000101B - 0000102A (0x10 bytes), align: 0
  Segment part 85.            Intra module refs:   ConfigureEndpoints
           LOCAL                   ADDRESS         
           =====                   =======         
           ?Subroutine3            0000101B 
    -------------------------------------------------------------------------
NEAR_CODE
  Relative segment, address: CODE 0000102B - 000010D1 (0xa7 bytes), align: 0
  Segment part 86.            Intra module refs:   usbfwSetupHandler
           ENTRY                   ADDRESS         REF BY
           =====                   =======         ======
           usbsrSetConfiguration   0000102B 
               calls direct
               XSTACK = 0000000B ( 0000000B )
               ISTACK = 00000000 ( 00000001 )
    -------------------------------------------------------------------------
NEAR_CODE
  Relative segment, address: CODE 000010D2 - 000010D6 (0x5 bytes), align: 0
  Segment part 87.            Intra module refs:   usbfwSetupHandler
                                                   usbsrGetDescriptor
                                                   usbsrSetConfiguration
           LOCAL                   ADDRESS         
           =====                   =======         
           ?Subroutine27           000010D2 
    -------------------------------------------------------------------------
NEAR_CODE
  Relative segment, address: CODE 000010D7 - 00001154 (0x7e bytes), align: 0
  Segment part 88.            Intra module refs:   usbfwSetupHandler
           ENTRY                   ADDRESS         REF BY
           =====                   =======         ======
           usbsrSetInterface       000010D7 
               calls direct
               XSTACK = 0000000B ( 00000009 )
               ISTACK = 00000000 ( 00000001 )
    -------------------------------------------------------------------------
NEAR_CODE
  Relative segment, address: CODE 00001155 - 00001189 (0x35 bytes), align: 0
  Segment part 89.
           ENTRY                   ADDRESS         REF BY
           =====                   =======         ======
           main                    00001155        ?call_main (?cmain)
               calls direct
    -------------------------------------------------------------------------
NEAR_CODE
  Relative segment, address: CODE 0000118A - 000011F1 (0x68 bytes), align: 0
  Segment part 90.            Intra module refs:   main
           ENTRY                   ADDRESS         REF BY
           =====                   =======         ======
           usbAudioInit            0000118A 
               calls direct
               ISTACK = 00000000 ( 00000002 )
    -------------------------------------------------------------------------
NEAR_CODE
  Relative segment, address: CODE 000011F2 - 000012CC (0xdb bytes), align: 0
  Segment part 91.            Intra module refs:   main
           ENTRY                   ADDRESS         REF BY
           =====                   =======         ======
           usbAudioProcessEvents   000011F2 
               calls direct
               XSTACK = 00000000 ( 0000000D )
    -------------------------------------------------------------------------
NEAR_CODE
  Relative segment, address: CODE 000012CD - 00001343 (0x77 bytes), align: 0
  Segment part 92.            Intra module refs:   usbfwSetupHandler
           ENTRY                   ADDRESS         REF BY
           =====                   =======         ======
           usbcrHookProcessOut     000012CD 
               is indirectly called
               XSTACK = 0000000B ( 00000000 )
               ISTACK = 00000000 ( 00000002 )
    -------------------------------------------------------------------------
NEAR_CODE
  Relative segment, address: CODE 00001344 - 0000134D (0xa bytes), align: 0
  Segment part 93.            Intra module refs:   usbcrHookProcessIn
                                                   usbcrHookProcessOut
                                                   usbsrGetStatus
           LOCAL                   ADDRESS         
           =====                   =======         
           ?Subroutine12           00001344 
    -------------------------------------------------------------------------
NEAR_CODE
  Relative segment, address: CODE 0000134E - 0000148A (0x13d bytes), align: 0
  Segment part 94.            Intra module refs:   usbfwSetupHandler
           ENTRY                   ADDRESS         REF BY
           =====                   =======         ======
           usbcrHookProcessIn      0000134E 
               is indirectly called
               XSTACK = 0000000B ( 00000000 )
               ISTACK = 00000000 ( 00000002 )
    -------------------------------------------------------------------------
NEAR_CODE
  Relative segment, address: CODE 0000148B - 00001494 (0xa bytes), align: 0
  Segment part 95.            Intra module refs:   usbcrHookProcessIn
                                                   usbcrHookProcessOut
           LOCAL                   ADDRESS         
           =====                   =======         
           ?Subroutine14           0000148B 
    -------------------------------------------------------------------------
NEAR_CODE
  Relative segment, address: CODE 00001495 - 000014A1 (0xd bytes), align: 0
  Segment part 96.            Intra module refs:   usbcrHookProcessIn
                                                   usbcrHookProcessOut
           LOCAL                   ADDRESS         
           =====                   =======         
           ?Subroutine10           00001495 
    -------------------------------------------------------------------------
NEAR_CODE
  Relative segment, address: CODE 000014A2 - 000014A3 (0x2 bytes), align: 0
  Segment part 97.            Intra module refs:   usbcrHookProcessIn
           LOCAL                   ADDRESS         
           =====                   =======         
           ?Subroutine22           000014A2 
    -------------------------------------------------------------------------
NEAR_CODE
  Relative segment, address: CODE 000014A4 - 000014A6 (0x3 bytes), align: 0
  Segment part 98.            Intra module refs:   ?Subroutine10
                                                   ?Subroutine14
                                                   ?Subroutine22
    -------------------------------------------------------------------------
NEAR_CODE
  Relative segment, address: CODE 000014A7 - 000014AB (0x5 bytes), align: 0
  Segment part 99.            Intra module refs:   ?Subroutine11
                                                   Segment part 98
    -------------------------------------------------------------------------
NEAR_CODE
  Relative segment, address: CODE 000014AC - 000014B5 (0xa bytes), align: 0
  Segment part 100.           Intra module refs:   ?Subroutine10
                                                   usbfwSetupHandler
           LOCAL                   ADDRESS         
           =====                   =======         
           ?Subroutine21           000014AC 
    -------------------------------------------------------------------------
NEAR_CODE
  Relative segment, address: CODE 000014B6 - 000014B8 (0x3 bytes), align: 0
  Segment part 101.           Intra module refs:   usbfwSetupHandler
           ENTRY                   ADDRESS         REF BY
           =====                   =======         ======
           usbvrHookProcessOut     000014B6 
               is indirectly called
               ISTACK = 00000000 ( 00000002 )
    -------------------------------------------------------------------------
NEAR_CODE
  Relative segment, address: CODE 000014B9 - 000014BB (0x3 bytes), align: 0
  Segment part 102.           Intra module refs:   usbfwSetupHandler
           ENTRY                   ADDRESS         REF BY
           =====                   =======         ======
           usbvrHookProcessIn      000014B9 
               is indirectly called
               ISTACK = 00000000 ( 00000002 )
    -------------------------------------------------------------------------
XDATA_Z
  Relative segment, address: XDATA 0000F13B - 0000F13C (0x2 bytes), align: 0
  Segment part 37.            Intra module refs:   usbcrHookProcessIn
           ENTRY                   ADDRESS         REF BY
           =====                   =======         ======
           volMin                  0000F13B 
    -------------------------------------------------------------------------
XDATA_I
  Relative segment, address: XDATA 0000F19D - 0000F19E (0x2 bytes), align: 0
  Segment part 38.            Intra module refs:   usbcrHookProcessIn
           ENTRY                   ADDRESS         REF BY
           =====                   =======         ======
           volMax                  0000F19D 
    -------------------------------------------------------------------------
XDATA_I
  Relative segment, address: XDATA 0000F19F - 0000F1A0 (0x2 bytes), align: 0
  Segment part 40.            Intra module refs:   usbcrHookProcessIn
           ENTRY                   ADDRESS         REF BY
           =====                   =======         ======
           volRes                  0000F19F 
    -------------------------------------------------------------------------
XDATA_I
  Relative segment, address: XDATA 0000F1A1 - 0000F1AC (0xc bytes), align: 0
  Segment part 42.            Intra module refs:   ?Subroutine0
                                                   ?Subroutine19
                                                   ConfigureEndpoints
                                                   usbdpFindNext
                                                   usbsrGetDescriptor
           ENTRY                   ADDRESS         REF BY
           =====                   =======         ======
           usbDescriptorMarker     0000F1A1 
    -------------------------------------------------------------------------
INTVEC
  Common segment, address: CODE 00000000 - 00000035 (0x36 bytes), align: 0
  Segment part 14. ROOT.
           ENTRY                   ADDRESS         REF BY
           =====                   =======         ======
           usbirqHandler::??INTVEC 51
                                   00000033 
    -------------------------------------------------------------------------
INTVEC
  Common segment, address: CODE 00000000 - 0000004D (0x4e bytes), align: 0
  Segment part 15. ROOT.
           ENTRY                   ADDRESS         REF BY
           =====                   =======         ======
           T1_ISR::??INTVEC 75     0000004B 
    -------------------------------------------------------------------------
INTVEC
  Common segment, address: CODE 00000000 - 0000006D (0x6e bytes), align: 0
  Segment part 16. ROOT.
           ENTRY                   ADDRESS         REF BY
           =====                   =======         ======
           usbirqResumeHandler::??INTVEC 107
                                   0000006B 
    -------------------------------------------------------------------------
XDATA_ID
  Relative segment, address: CODE 000000DB - 0000013A (0x60 bytes), align: 0
  Segment part 35.            Intra module refs:   SINE_TABLE
    -------------------------------------------------------------------------
XDATA_ID
  Relative segment, address: CODE 0000013B - 0000013C (0x2 bytes), align: 0
  Segment part 39.            Intra module refs:   volMax
    -------------------------------------------------------------------------
XDATA_ID
  Relative segment, address: CODE 0000013D - 0000013E (0x2 bytes), align: 0
  Segment part 41.            Intra module refs:   volRes
    -------------------------------------------------------------------------
XDATA_ID
  Relative segment, address: CODE 0000013F - 0000014A (0xc bytes), align: 0
  Segment part 43.            Intra module refs:   usbDescriptorMarker

    *************************************************************************

  FILE NAME : C:\CCUSB2\ide\rfusb_cc2511\iar\temp\simple_hid_dongle\hal_led.r51
    *************************************************************************

  FILE NAME : C:\CCUSB2\ide\rfusb_cc2511\iar\temp\simple_hid_dongle\hal_mcu.r51
    *************************************************************************

  FILE NAME : C:\CCUSB2\ide\rfusb_cc2511\iar\temp\simple_hid_dongle\hal_timer_32k.r51
    *************************************************************************

  FILE NAME : C:\CCUSB2\ide\rfusb_cc2511\iar\temp\simple_hid_dongle\simple_audio_dongle.r51
    *************************************************************************

  FILE NAME : C:\CCUSB2\ide\rfusb_cc2511\iar\temp\simple_hid_dongle\usb_audio.r51
    *************************************************************************

  FILE NAME : C:\CCUSB2\ide\rfusb_cc2511\iar\temp\simple_hid_dongle\usb_audio_controls.r51
    *************************************************************************

  FILE NAME : C:\CCUSB2\ide\rfusb_cc2511\iar\temp\simple_hid_dongle\usb_audio_descriptor.r51
  LIBRARY MODULE, NAME : usb_descriptor

  SEGMENTS IN THE MODULE
  ======================
RCODE
  Relative segment, address: CODE 0000014B - 0000021B (0xd1 bytes), align: 0
  Segment part 0. ROOT.
           ENTRY                   ADDRESS         REF BY
           =====                   =======         ======
           usbDescStart            0000014B        Segment part 43 (hal_int)
           usbDescEnd              00000210        Segment part 43 (hal_int)
           deviceDesc              0000014B 
           configDesc              0000015D 
           interface0Desc          00000166 
           interface1Desc          00000196 
           interface2Desc          0000019F 
           endpoint2aDesc          000001BA 
           endpoint2bDesc          000001C3 
           string0Desc             000001CA 
           string1Desc             000001CE 
           string2Desc             000001F2 
           usbDescLut              00000210        Segment part 43 (hal_int)
           usbDescLutEnd           00000210        Segment part 43 (hal_int)
           usbDblbufLut            00000210        Segment part 43 (hal_int)
           usbDblbufLutEnd         0000021C 
           LOCAL                   ADDRESS         
           =====                   =======         
           deviceDescEnd           0000015D 
           config1LengthStart      0000015D 
           configDescEnd           00000166 
           config1LengthEnd        000001CA 
           interface0DescEnd       0000016F 
           audiospec0aDesc         0000016F 
           audiospec0aDescEnd      00000178 
           audiospec0dDescEnd      00000196 
           audiospec0bDesc         00000178 
           audiospec0bDescEnd      00000184 
           audiospec0cDesc         00000184 
           audiospec0cDescEnd      0000018D 
           audiospec0dDesc         0000018D 
           interface1DescEnd       0000019F 
           interface2DescEnd       000001A8 
           audiospec2aDesc         000001A8 
           audiospec2aDescEnd      000001AF 
           audiospec2bDesc         000001AF 
           audiospec2bDescEnd      000001BA 
           endpoint2aDescEnd       000001C3 
           endpoint2bDescEnd       000001CA 
           string0DescEnd          000001CE 
           string1DescEnd          000001F2 
           string2DescEnd          00000210 

    *************************************************************************

  FILE NAME : C:\CCUSB2\ide\rfusb_cc2511\iar\temp\simple_hid_dongle\usb_audio_hooks.r51
    *************************************************************************

  FILE NAME : C:\CCUSB2\ide\rfusb_cc2511\iar\temp\simple_hid_dongle\usb_class_requests.r51
    *************************************************************************

  FILE NAME : C:\CCUSB2\ide\rfusb_cc2511\iar\temp\simple_hid_dongle\usb_descriptor_parser.r51
    *************************************************************************

  FILE NAME : C:\CCUSB2\ide\rfusb_cc2511\iar\temp\simple_hid_dongle\usb_firmware_library_config.r51
    *************************************************************************

  FILE NAME : C:\CCUSB2\ide\rfusb_cc2511\iar\temp\simple_hid_dongle\usb_framework.r51
    *************************************************************************

  FILE NAME : C:\CCUSB2\ide\rfusb_cc2511\iar\temp\simple_hid_dongle\usb_interrupt.r51
    *************************************************************************

  FILE NAME : C:\CCUSB2\ide\rfusb_cc2511\iar\temp\simple_hid_dongle\usb_standard_requests.r51
    *************************************************************************

  FILE NAME : C:\CCUSB2\ide\rfusb_cc2511\iar\temp\simple_hid_dongle\usb_suspend.r51
    *************************************************************************

  FILE NAME : C:\CCUSB2\ide\rfusb_cc2511\iar\temp\simple_hid_dongle\util_buffer.r51
    *************************************************************************

  FILE NAME : C:\Program Files\IAR Systems\Embedded Workbench 5.3\8051\LIB\CLIB\cl-pli-nlxd-1e16x01.r51
  LIBRARY MODULE, NAME : ?cexit

  SEGMENTS IN THE MODULE
  ======================
CSTART
  Relative segment, address: CODE 0000006E - 00000072 (0x5 bytes), align: 0
  Segment part 0.
           ENTRY                   ADDRESS         REF BY
           =====                   =======         ======
           exit                    0000006E        ?call_main (?cmain)
           ?C_EXIT                 0000006E 
           ?ROM_MONITOR_NOPS       0000006E 

    -------------------------------------------------------------------------
  LIBRARY MODULE, NAME : ?cmain

  SEGMENTS IN THE MODULE
  ======================
CSTART
  Relative segment, address: CODE 00000073, align: 0
  Segment part 0.
           ENTRY                   ADDRESS         REF BY
           =====                   =======         ======
           ?cmain                  00000073        Segment part 12 (CSTARTUP)
    -------------------------------------------------------------------------
CSTART
  Relative segment, address: CODE 00000073 - 0000007B (0x9 bytes), align: 0
  Segment part 1.
           ENTRY                   ADDRESS         REF BY
           =====                   =======         ======
           __low_level_init_call   00000073        __low_level_init (?low_level_init)
    -------------------------------------------------------------------------
CSTART
  Relative segment, address: CODE 0000007C - 00000089 (0xe bytes), align: 0
  Segment part 5.
           ENTRY                   ADDRESS         REF BY
           =====                   =======         ======
           __INIT_DATA_Z           0000007C        ProcessFunc (hal_int)
                                                   usbirqData (hal_int)
    -------------------------------------------------------------------------
CSTART
  Relative segment, address: CODE 0000008A - 00000099 (0x10 bytes), align: 0
  Segment part 11.
           ENTRY                   ADDRESS         REF BY
           =====                   =======         ======
           __INIT_XDATA_Z          0000008A        audioData (hal_int)
                                                   fptr (hal_int)
                                                   pFnSuspendEnterHook (hal_int)
                                                   pFnSuspendExitHook (hal_int)
                                                   pUsbsuspEnterXdata (hal_int)
                                                   usbSetupData (hal_int)
                                                   usbSetupHeader (hal_int)
                                                   usbdpData (hal_int)
                                                   usbfwData (hal_int)
                                                   usbsrGetStatus::status (hal_int)
                                                   usbsuspEnterXdata (hal_int)
                                                   volMin (hal_int)
    -------------------------------------------------------------------------
CSTART
  Relative segment, address: CODE 0000009A - 000000C2 (0x29 bytes), align: 0
  Segment part 28.
           ENTRY                   ADDRESS         REF BY
           =====                   =======         ======
           __INIT_XDATA_I          0000009A        SINE_TABLE (hal_int)
                                                   usbDescriptorMarker (hal_int)
                                                   volMax (hal_int)
                                                   volRes (hal_int)
    -------------------------------------------------------------------------
CSTART
  Relative segment, address: CODE 000000C3, align: 0
  Segment part 32.            Intra module refs:   __low_level_init_call
    -------------------------------------------------------------------------
CSTART
  Relative segment, address: CODE 000000C3 - 000000C8 (0x6 bytes), align: 0
  Segment part 33.            Intra module refs:   ?cmain
           ENTRY                   ADDRESS         REF BY
           =====                   =======         ======
           ?call_main              000000C3 

    -------------------------------------------------------------------------
  LIBRARY MODULE, NAME : CSTARTUP

  SEGMENTS IN THE MODULE
  ======================
REGISTERS
  Relative segment, address: DATA 00000000, align: 0
  Segment part 0.             Intra module refs:   Segment part 6
           ENTRY                   ADDRESS         REF BY
           =====                   =======         ======
           ?REGISTERS              00000000 
    -------------------------------------------------------------------------
ISTACK
  Relative segment, address: IDATA 000000C0, align: 0
  Segment part 1.             Intra module refs:   Segment part 6
           ENTRY                   ADDRESS         REF BY
           =====                   =======         ======
           ?ISTACK_START           000000C0 
    -------------------------------------------------------------------------
XSTACK
  Relative segment, address: XDATA 0000F000, align: 0
  Segment part 3.             Intra module refs:   ?RESET_XSP
           ENTRY                   ADDRESS         REF BY
           =====                   =======         ======
           ?XSTACK_START           0000F000 
    -------------------------------------------------------------------------
INTVEC
  Common segment, address: CODE 00000000 - 00000002 (0x3 bytes), align: 0
  Segment part 5. ROOT.       Intra module refs:   Segment part 6
    -------------------------------------------------------------------------
CSTART
  Relative segment, address: CODE 000000C9 - 000000CE (0x6 bytes), align: 0
  Segment part 6. ROOT.       Intra module refs:   Segment part 5
           ENTRY                   ADDRESS         REF BY
           =====                   =======         ======
           __program_start         000000C9        Absolute parts (?ABS_ENTRY_MOD)
           ?RESET_SP               000000CC 
    -------------------------------------------------------------------------
CSTART
  Relative segment, address: CODE 000000CF - 000000D4 (0x6 bytes), align: 0
  Segment part 8.
           ENTRY                   ADDRESS         REF BY
           =====                   =======         ======
           ?RESET_XSP              000000CF        ?XSP (VIRTUAL_REGISTERS)
    -------------------------------------------------------------------------
CSTART
  Relative segment, address: CODE 000000D5 - 000000D7 (0x3 bytes), align: 0
  Segment part 12.            Intra module refs:   Absolute parts

    -------------------------------------------------------------------------
  LIBRARY MODULE, NAME : VIRTUAL_REGISTERS

  SEGMENTS IN THE MODULE
  ======================
BREG
  Relative segment, address: BIT 00000020.0 - 00000020.7 (0x8 bits), align: 0
  Segment part 0.
           ENTRY                   ADDRESS         REF BY
           =====                   =======         ======
           ?B0                     00000020.0      Absolute parts (CSTARTUP)
    -------------------------------------------------------------------------
VREG
  Relative segment, address: DATA 00000008, align: 0
  Segment part 1.
           ENTRY                   ADDRESS         REF BY
           =====                   =======         ======
           ?V0                     00000008        ?FUNC_ENTER_XDATA (?FUNC_ENTER_XDATA)
                                                   ?FUNC_LEAVE_XDATA (?FUNC_LEAVE_XDATA)
                                                   ?INTERRUPT_ENTER_XSP (?INTERRUPT_ENTER_XSP)
                                                   ?INTERRUPT_LEAVE_XSP (?INTERRUPT_LEAVE_XSP)
                                                   ?Subroutine16 (hal_int)
                                                   ?Subroutine17 (hal_int)
                                                   ?Subroutine19 (hal_int)
                                                   ?Subroutine2 (hal_int)
                                                   ?Subroutine7 (hal_int)
                                                   ChangeFeature (hal_int)
                                                   ConfigureEndpoints (hal_int)
                                                   usbAudioProcessEvents (hal_int)
                                                   usbfwSetAllEpStatus (hal_int)
                                                   usbfwSetupHandler (hal_int)
                                                   usbirqHandler (hal_int)
                                                   usbsrGetDescriptor (hal_int)
                                                   usbsrGetStatus (hal_int)
                                                   usbsrSetConfiguration (hal_int)
    -------------------------------------------------------------------------
XSP
  Relative segment, address: DATA 00000010 - 00000011 (0x2 bytes), align: 0
  Segment part 3.
           ENTRY                   ADDRESS         REF BY
           =====                   =======         ======
           ?XSP                    00000010        ?ADD_XSTACK_DISP0_8 (?ADD_XSTACK_DISP8)
                                                   ?ALLOC_XSTACK8 (?ALLOC_XSTACK8)
                                                   ?DEALLOC_XSTACK8 (?DEALLOC_XSTACK8)
                                                   ?FUNC_ENTER_XDATA (?FUNC_ENTER_XDATA)
                                                   ?FUNC_LEAVE_XDATA (?FUNC_LEAVE_XDATA)
                                                   ?INTERRUPT_ENTER_XSP (?INTERRUPT_ENTER_XSP)
                                                   ?INTERRUPT_LEAVE_XSP (?INTERRUPT_LEAVE_XSP)
                                                   ?PUSH_XSTACK8_X (?PUSH_XSTACK8_X)
                                                   ?RESET_XSP (CSTARTUP)
                                                   ?Subroutine3 (hal_int)
                                                   ?XSTACK_DISP0_8 (?XSTACK_DISP8)
                                                   ConfigureEndpoints (hal_int)

    -------------------------------------------------------------------------
  LIBRARY MODULE, NAME : ?C_GPTR_LOAD

  SEGMENTS IN THE MODULE
  ======================
RCODE
  Relative segment, address: CODE 0000021C - 00000235 (0x1a bytes), align: 0
  Segment part 0.
           ENTRY                   ADDRESS         REF BY
           =====                   =======         ======
           ?C_GPTR_LOAD            0000021C        usbfwWriteFifo (hal_int)
                                                   usbsrGetDescriptor (hal_int)

    -------------------------------------------------------------------------
  LIBRARY MODULE, NAME : ?C_GPTR_STORE

  SEGMENTS IN THE MODULE
  ======================
RCODE
  Relative segment, address: CODE 00000236 - 0000024B (0x16 bytes), align: 0
  Segment part 0.
           ENTRY                   ADDRESS         REF BY
           =====                   =======         ======
           ?C_GPTR_STORE           00000236        usbfwReadFifo (hal_int)

    -------------------------------------------------------------------------
  LIBRARY MODULE, NAME : ?MOVE_LONG8_XDATA_IDATA

  SEGMENTS IN THE MODULE
  ======================
RCODE
  Relative segment, address: CODE 0000024C - 00000258 (0xd bytes), align: 0
  Segment part 0.
           ENTRY                   ADDRESS         REF BY
           =====                   =======         ======
           ?MOVE_LONG8_XDATA_IDATA
                                   0000024C        ?PUSH_XSTACK_I (?PUSH_XSTACK_I)

    -------------------------------------------------------------------------
  LIBRARY MODULE, NAME : ?MOVE_LONG8_XDATA_XDATA

  SEGMENTS IN THE MODULE
  ======================
RCODE
  Relative segment, address: CODE 00000259 - 00000279 (0x21 bytes), align: 0
  Segment part 0.
           ENTRY                   ADDRESS         REF BY
           =====                   =======         ======
           ?MOVE_LONG8_XDATA_XDATA
                                   00000259        ?PUSH_XSTACK8_X (?PUSH_XSTACK8_X)

    -------------------------------------------------------------------------
  LIBRARY MODULE, NAME : ?US_SHR

  SEGMENTS IN THE MODULE
  ======================
RCODE
  Relative segment, address: CODE 0000027A - 0000027C (0x3 bytes), align: 0
  Segment part 1.             Intra module refs:   Segment part 2
           ENTRY                   ADDRESS         REF BY
           =====                   =======         ======
           ?US_SHR                 0000027A        ConfigureEndpoints (hal_int)
                                                   usbirqHandler (hal_int)
                                                   usbsrGetDescriptor (hal_int)
    -------------------------------------------------------------------------
RCODE
  Relative segment, address: CODE 0000027D - 00000288 (0xc bytes), align: 0
  Segment part 2.             Intra module refs:   ?US_SHR

    -------------------------------------------------------------------------
  LIBRARY MODULE, NAME : ?S_SHL

  SEGMENTS IN THE MODULE
  ======================
RCODE
  Relative segment, address: CODE 00000289 - 0000028B (0x3 bytes), align: 0
  Segment part 0.
           ENTRY                   ADDRESS         REF BY
           =====                   =======         ======
           ?S_SHL                  00000289        ConfigureEndpoints (hal_int)
                                                   usbirqHandler (hal_int)
                                                   usbsrGetDescriptor (hal_int)
    -------------------------------------------------------------------------
RCODE
  Relative segment, address: CODE 0000028C - 0000028E (0x3 bytes), align: 0
  Segment part 1.             Intra module refs:   Segment part 2
           ENTRY                   ADDRESS         REF BY
           =====                   =======         ======
           ?S_SHL_REW              0000028C 
    -------------------------------------------------------------------------
RCODE
  Relative segment, address: CODE 0000028F - 0000029B (0xd bytes), align: 0
  Segment part 2.             Intra module refs:   ?S_SHL
                                                   ?S_SHL_REW

    -------------------------------------------------------------------------
  LIBRARY MODULE, NAME : ?ALLOC_XSTACK8

  SEGMENTS IN THE MODULE
  ======================
RCODE
  Relative segment, address: CODE 0000029C - 000002B1 (0x16 bytes), align: 0
  Segment part 0.
           ENTRY                   ADDRESS         REF BY
           =====                   =======         ======
           ?ALLOC_XSTACK8          0000029C        ConfigureEndpoints (hal_int)

    -------------------------------------------------------------------------
  LIBRARY MODULE, NAME : ?DEALLOC_XSTACK8

  SEGMENTS IN THE MODULE
  ======================
RCODE
  Relative segment, address: CODE 000002B2 - 000002CB (0x1a bytes), align: 0
  Segment part 0.
           ENTRY                   ADDRESS         REF BY
           =====                   =======         ======
           ?DEALLOC_XSTACK8        000002B2        ConfigureEndpoints (hal_int)
                                                   usbAudioProcessEvents (hal_int)
                                                   usbfwSetupHandler (hal_int)

    -------------------------------------------------------------------------
  LIBRARY MODULE, NAME : ?ADD_XSTACK_DISP8

  SEGMENTS IN THE MODULE
  ======================
RCODE
  Relative segment, address: CODE 000002CC - 000002E6 (0x1b bytes), align: 0
  Segment part 1.
           ENTRY                   ADDRESS         REF BY
           =====                   =======         ======
           ?ADD_XSTACK_DISP0_8     000002CC        ?PUSH_XSTACK_I (?PUSH_XSTACK_I)

    -------------------------------------------------------------------------
  LIBRARY MODULE, NAME : ?XSTACK_DISP8

  SEGMENTS IN THE MODULE
  ======================
RCODE
  Relative segment, address: CODE 000002E7 - 000002F0 (0xa bytes), align: 0
  Segment part 1.
           ENTRY                   ADDRESS         REF BY
           =====                   =======         ======
           ?XSTACK_DISP0_8         000002E7        usbfwReadFifo (hal_int)
                                                   usbfwWriteFifo (hal_int)

    -------------------------------------------------------------------------
  LIBRARY MODULE, NAME : ?CALL_IND

  SEGMENTS IN THE MODULE
  ======================
RCODE
  Relative segment, address: CODE 000002F1 - 000002F2 (0x2 bytes), align: 0
  Segment part 0.
           ENTRY                   ADDRESS         REF BY
           =====                   =======         ======
           ?CALL_IND               000002F1        T1_ISR (hal_int)
                                                   usbfwSetupHandler (hal_int)
                                                   usbsuspEnter (hal_int)

    -------------------------------------------------------------------------
  LIBRARY MODULE, NAME : ?FUNC_ENTER_XDATA

  SEGMENTS IN THE MODULE
  ======================
RCODE
  Relative segment, address: CODE 000002F3 - 00000352 (0x60 bytes), align: 0
  Segment part 1.
           ENTRY                   ADDRESS         REF BY
           =====                   =======         ======
           ?FUNC_ENTER_XDATA       000002F3        ChangeFeature (hal_int)
                                                   ConfigureEndpoints (hal_int)
                                                   usbAudioProcessEvents (hal_int)
                                                   usbdpGetConfigurationDesc (hal_int)
                                                   usbfwReadFifo (hal_int)
                                                   usbfwSetAllEpStatus (hal_int)
                                                   usbfwSetupHandler (hal_int)
                                                   usbfwWriteFifo (hal_int)
                                                   usbsrGetDescriptor (hal_int)
                                                   usbsrGetStatus (hal_int)
                                                   usbsrSetConfiguration (hal_int)
                                                   usbsrSetInterface (hal_int)

    -------------------------------------------------------------------------
  LIBRARY MODULE, NAME : ?FUNC_LEAVE_XDATA

  SEGMENTS IN THE MODULE
  ======================
RCODE
  Relative segment, address: CODE 00000353 - 0000038A (0x38 bytes), align: 0
  Segment part 1.
           ENTRY                   ADDRESS         REF BY
           =====                   =======         ======
           ?FUNC_LEAVE_XDATA       00000353        ?Subroutine26 (hal_int)
                                                   ?Subroutine27 (hal_int)
                                                   ?Subroutine28 (hal_int)
                                                   ConfigureEndpoints (hal_int)

    -------------------------------------------------------------------------
  LIBRARY MODULE, NAME : ?INTERRUPT_ENTER_XSP

  SEGMENTS IN THE MODULE
  ======================
RCODE
  Relative segment, address: CODE 0000038B - 000003E9 (0x5f bytes), align: 0
  Segment part 1.
           ENTRY                   ADDRESS         REF BY
           =====                   =======         ======
           ?INTERRUPT_ENTER_XSP    0000038B        T1_ISR (hal_int)
                                                   usbirqHandler (hal_int)
                                                   usbirqResumeHandler (hal_int)

    -------------------------------------------------------------------------
  LIBRARY MODULE, NAME : ?INTERRUPT_LEAVE_XSP

  SEGMENTS IN THE MODULE
  ======================
RCODE
  Relative segment, address: CODE 000003EA - 00000439 (0x50 bytes), align: 0
  Segment part 1.
           ENTRY                   ADDRESS         REF BY
           =====                   =======         ======
           ?INTERRUPT_LEAVE_XSP    000003EA        ?Subroutine23 (hal_int)
                                                   usbirqHandler (hal_int)

    -------------------------------------------------------------------------
  LIBRARY MODULE, NAME : ?PUSH_XSTACK_I

  SEGMENTS IN THE MODULE
  ======================
RCODE
  Relative segment, address: CODE 0000043A - 0000043D (0x4 bytes), align: 0
  Segment part 1.
           ENTRY                   ADDRESS         REF BY
           =====                   =======         ======
           ?PUSH_XSTACK_I_THREE    0000043A        usbAudioProcessEvents (hal_int)
                                                   usbfwSetupHandler (hal_int)
    -------------------------------------------------------------------------
RCODE
  Relative segment, address: CODE 0000043E - 0000044A (0xd bytes), align: 0
  Segment part 4.             Intra module refs:   ?PUSH_XSTACK_I_THREE
           ENTRY                   ADDRESS         REF BY
           =====                   =======         ======
           ?PUSH_XSTACK_I          0000043E 

    -------------------------------------------------------------------------
  LIBRARY MODULE, NAME : ?PUSH_XSTACK8_X

  SEGMENTS IN THE MODULE
  ======================
RCODE
  Relative segment, address: CODE 0000044B - 0000044E (0x4 bytes), align: 0
  Segment part 2.
           ENTRY                   ADDRESS         REF BY
           =====                   =======         ======
           ?PUSH_XSTACK8_X_THREE   0000044B        usbfwSetupHandler (hal_int)
    -------------------------------------------------------------------------
RCODE
  Relative segment, address: CODE 0000044F - 00000477 (0x29 bytes), align: 0
  Segment part 5.             Intra module refs:   ?PUSH_XSTACK8_X_THREE
           ENTRY                   ADDRESS         REF BY
           =====                   =======         ======
           ?PUSH_XSTACK8_X         0000044F 

    -------------------------------------------------------------------------
  LIBRARY MODULE, NAME : ?UC_SWITCH_DENSE

  SEGMENTS IN THE MODULE
  ======================
RCODE
  Relative segment, address: CODE 00000478 - 0000047D (0x6 bytes), align: 0
  Segment part 0.
           ENTRY                   ADDRESS         REF BY
           =====                   =======         ======
           ?UC_SWITCH_DENSE        00000478        ChangeFeature (hal_int)
                                                   usbcrHookProcessIn (hal_int)
                                                   usbsrGetDescriptor (hal_int)
                                                   usbsrGetStatus (hal_int)
    -------------------------------------------------------------------------
RCODE
  Relative segment, address: CODE 0000047E - 000004AC (0x2f bytes), align: 0
  Segment part 2.             Intra module refs:   ?UC_SWITCH_DENSE
    -------------------------------------------------------------------------
RCODE
  Relative segment, address: CODE 000004AD - 000004AD (0x1 bytes), align: 0
  Segment part 4.             Intra module refs:   ?UC_SWITCH_DENSE

    -------------------------------------------------------------------------
  LIBRARY MODULE, NAME : ?UC_SWITCH_SPARSE

  SEGMENTS IN THE MODULE
  ======================
RCODE
  Relative segment, address: CODE 000004AE - 000004B4 (0x7 bytes), align: 0
  Segment part 0.
           ENTRY                   ADDRESS         REF BY
           =====                   =======         ======
           ?UC_SWITCH_SPARSE       000004AE        usbfwSetupHandler (hal_int)
    -------------------------------------------------------------------------
RCODE
  Relative segment, address: CODE 000004B5 - 000004D6 (0x22 bytes), align: 0
  Segment part 2.             Intra module refs:   ?UC_SWITCH_SPARSE
           ENTRY                   ADDRESS         REF BY
           =====                   =======         ======
           ?UC_SWITCH_SPARSE_LEAVE
                                   000004CB        ?UC_JMP_IF_IN_RANGE (?UC_JMP_IF_IN_RANGE)
                                                   ?UC_JMP_IF_VALUE (?UC_JMP_IF_VALUE)
    -------------------------------------------------------------------------
RCODE
  Relative segment, address: CODE 000004D7 - 000004D7 (0x1 bytes), align: 0
  Segment part 4.             Intra module refs:   ?UC_SWITCH_SPARSE

    -------------------------------------------------------------------------
  LIBRARY MODULE, NAME : ?UC_JMP_IF_IN_RANGE

  SEGMENTS IN THE MODULE
  ======================
RCODE
  Relative segment, address: CODE 000004D8 - 000004F6 (0x1f bytes), align: 0
  Segment part 0.
           ENTRY                   ADDRESS         REF BY
           =====                   =======         ======
           ?UC_JMP_IF_IN_RANGE     000004D8        ?UC_SWITCH_SPARSE_LEAVE (?UC_SWITCH_SPARSE)

    -------------------------------------------------------------------------
  LIBRARY MODULE, NAME : ?UC_JMP_IF_VALUE

  SEGMENTS IN THE MODULE
  ======================
RCODE
  Relative segment, address: CODE 000004F7 - 0000050C (0x16 bytes), align: 0
  Segment part 0.
           ENTRY                   ADDRESS         REF BY
           =====                   =======         ======
           ?UC_JMP_IF_VALUE        000004F7        ?UC_SWITCH_SPARSE_LEAVE (?UC_SWITCH_SPARSE)

    -------------------------------------------------------------------------
  LIBRARY MODULE, NAME : ?low_level_init

  SEGMENTS IN THE MODULE
  ======================
CSTART
  Relative segment, address: CODE 000000D8 - 000000DA (0x3 bytes), align: 0
  Segment part 6. ROOT.
           ENTRY                   ADDRESS         REF BY
           =====                   =======         ======
           __low_level_init        000000D8        __low_level_init_call (?cmain)




                ****************************************
                *                                      *
                *            MODULE SUMMARY            *
                *                                      *
                ****************************************

Module                    CODE      DATA      XDATA  IDATA    BIT
------                    ----      ----      -----  -----    ---
                         (Rel)  (Rel)  (Abs)  (Rel)  (Rel)  (Rel)
?ADD_XSTACK_DISP8           27
?ALLOC_XSTACK8              22
?CALL_IND                    2
?C_GPTR_LOAD                26
?C_GPTR_STORE               22
?DEALLOC_XSTACK8            26
?FUNC_ENTER_XDATA           96
?FUNC_LEAVE_XDATA           56
?INTERRUPT_ENTER_XSP        95
?INTERRUPT_LEAVE_XSP        80
?MOVE_LONG8_XDATA_IDATA     13
?MOVE_LONG8_XDATA_XDATA     33
?PUSH_XSTACK8_X             45
?PUSH_XSTACK_I              17
?S_SHL                      19
?UC_JMP_IF_IN_RANGE         31
?UC_JMP_IF_VALUE            22
?UC_SWITCH_DENSE            54
?UC_SWITCH_SPARSE           42
?US_SHR                     15
?XSTACK_DISP8               10
?cexit                       5
?cmain                      86
?low_level_init              3
CSTARTUP                    15
  + common                   3
VIRTUAL_REGISTERS                   2                           8
hal_int                  4 127      7     13    173
  + common                 110
usb_descriptor             209
N/A (command line)                 16           256     64
N/A (alignment)
----------               -----     --     --    ---     --      -
Total:                   5 198     25     13    429     64      8
  + common                 110


                ****************************************
                *                                      *
                *      SEGMENTS IN ADDRESS ORDER       *
                *                                      *
                ****************************************


SEGMENT              SPACE    START ADDRESS   END ADDRESS     SIZE  TYPE  ALIGN
=======              =====    =============   ===========     ====  ====  =====
INTVEC               CODE          00000000 - 0000006D          6E   com    0
CSTART               CODE          0000006E - 000000DA          6D   rel    0
BIT_ID               CODE               000000DB                     dse    0
BDATA_ID             CODE               000000DB                     dse    0
IDATA_ID             CODE               000000DB                     dse    0
PDATA_ID             CODE               000000DB                     dse    0
IXDATA_ID            CODE               000000DB                     dse    0
DATA_ID              CODE               000000DB                     dse    0
XDATA_ID             CODE          000000DB - 0000014A          70   rel    0
BANK_RELAYS          CODE               0000014B                     dse    0
RCODE                CODE          0000014B - 0000050C         3C2   rel    0
DIFUNCT              CODE               0000050D                     dse    0
CODE_C               CODE               0000050D                     dse    0
CODE_N               CODE               0000050D                     dse    0
NEAR_CODE            CODE          0000050D - 000014BB         FAF   rel    0
REGISTERS            DATA          00000000 - 00000007           8   rel    0
VREG                 DATA          00000008 - 0000000F           8   rel    0
PSP                  DATA               00000010                     dse    0
XSP                  DATA          00000010 - 00000011           2   rel    0
DATA_I               DATA               00000012                     dse    0
DATA_Z               DATA          00000012 - 00000018           7   rel    0
BREG                 BIT        00000020.0  -  00000020.7        8   rel    0
SFR_AN               DATA          00000089 - 00000089           1   rel    0
                     DATA          0000008B - 0000008C           2 
                     DATA          00000090 - 00000090           1 
                     DATA          0000009A - 0000009A           1 
                     DATA          000000A8 - 000000A8           1 
                     DATA          000000B8 - 000000B8           1 
                     DATA          000000BE - 000000BE           1 
                     DATA          000000C0 - 000000C0           1 
                     DATA          000000C6 - 000000C6           1 
                     DATA          000000E8 - 000000E8           1 
                     DATA          000000F4 - 000000F4           1 
                     DATA          000000FE - 000000FE           1 
XSTACK               XDATA         0000F000 - 0000F0FF         100   rel    0
XDATA_Z              XDATA         0000F100 - 0000F13C          3D   rel    0
XDATA_I              XDATA         0000F13D - 0000F1AC          70   rel    0
ISTACK               IDATA         000000C0 - 000000FF          40   rel    0

                ****************************************
                *                                      *
                *        END OF CROSS REFERENCE        *
                *                                      *
                ****************************************

 5 308 bytes of CODE  memory
    25 bytes of DATA  memory (+ 13 absolute )
   429 bytes of XDATA memory
    64 bytes of IDATA memory
     8 bits  of BIT   memory

Errors: none
Warnings: none

